Component: ARM Compiler 5.06 (build 20) Tool: armlink [4d35a3]

==============================================================================

Section Cross References

    startup_stm32f10x_md.o(STACK) refers (Special) to heapauxi.o(.text) for __use_two_region_memory
    startup_stm32f10x_md.o(HEAP) refers (Special) to heapauxi.o(.text) for __use_two_region_memory
    startup_stm32f10x_md.o(RESET) refers (Special) to heapauxi.o(.text) for __use_two_region_memory
    startup_stm32f10x_md.o(RESET) refers to startup_stm32f10x_md.o(STACK) for __initial_sp
    startup_stm32f10x_md.o(RESET) refers to startup_stm32f10x_md.o(.text) for Reset_Handler
    startup_stm32f10x_md.o(RESET) refers to ticks.o(.text) for TIM2_IRQHandler
    startup_stm32f10x_md.o(RESET) refers to uart.o(.text) for USART1_IRQHandler
    startup_stm32f10x_md.o(.text) refers (Special) to heapauxi.o(.text) for __use_two_region_memory
    startup_stm32f10x_md.o(.text) refers to system_stm32f10x.o(.text) for SystemInit
    startup_stm32f10x_md.o(.text) refers to __main.o(!!!main) for __main
    startup_stm32f10x_md.o(.text) refers to startup_stm32f10x_md.o(HEAP) for Heap_Mem
    startup_stm32f10x_md.o(.text) refers to startup_stm32f10x_md.o(STACK) for Stack_Mem
    stm32f10x_adc.o(.text) refers to stm32f10x_rcc.o(.text) for RCC_APB2PeriphResetCmd
    stm32f10x_bkp.o(.text) refers to stm32f10x_rcc.o(.text) for RCC_BackupResetCmd
    stm32f10x_can.o(.text) refers to stm32f10x_rcc.o(.text) for RCC_APB1PeriphResetCmd
    stm32f10x_cec.o(.text) refers to stm32f10x_rcc.o(.text) for RCC_APB1PeriphResetCmd
    stm32f10x_dac.o(.text) refers to stm32f10x_rcc.o(.text) for RCC_APB1PeriphResetCmd
    stm32f10x_gpio.o(.text) refers to stm32f10x_rcc.o(.text) for RCC_APB2PeriphResetCmd
    stm32f10x_i2c.o(.text) refers to stm32f10x_rcc.o(.text) for RCC_APB1PeriphResetCmd
    stm32f10x_pwr.o(.text) refers to stm32f10x_rcc.o(.text) for RCC_APB1PeriphResetCmd
    stm32f10x_rcc.o(.text) refers to stm32f10x_rcc.o(.data) for APBAHBPrescTable
    stm32f10x_spi.o(.text) refers to stm32f10x_rcc.o(.text) for RCC_APB2PeriphResetCmd
    stm32f10x_tim.o(.text) refers to stm32f10x_rcc.o(.text) for RCC_APB2PeriphResetCmd
    stm32f10x_usart.o(.text) refers to stm32f10x_rcc.o(.text) for RCC_APB2PeriphResetCmd
    stm32f10x_wwdg.o(.text) refers to stm32f10x_rcc.o(.text) for RCC_APB1PeriphResetCmd
    system_stm32f10x.o(.text) refers to system_stm32f10x.o(.data) for SystemCoreClock
    leds.o(.text) refers to stm32f10x_rcc.o(.text) for RCC_APB2PeriphClockCmd
    leds.o(.text) refers to stm32f10x_gpio.o(.text) for GPIO_PinRemapConfig
    leds.o(.text) refers to leds.o(.data) for state
    ticks.o(.text) refers to stm32f10x_rcc.o(.text) for RCC_APB1PeriphClockCmd
    ticks.o(.text) refers to stm32f10x_tim.o(.text) for TIM_TimeBaseInit
    ticks.o(.text) refers to misc.o(.text) for NVIC_Init
    ticks.o(.text) refers to ticks.o(.emb_text) for simple_delay10_us
    ticks.o(.text) refers to ticks.o(.data) for ms
    ticks.o(.text) refers to system_stm32f10x.o(.data) for SystemCoreClock
    tft_display.o(.text) refers to stm32f10x_rcc.o(.text) for RCC_APB2PeriphClockCmd
    tft_display.o(.text) refers to stm32f10x_gpio.o(.text) for GPIO_PinRemapConfig
    tft_display.o(.text) refers to stm32f10x_spi.o(.text) for SPI_Init
    tft_display.o(.text) refers to ticks.o(.text) for simple_delay1_ms
    tft_display.o(.text) refers to tft_display.o(.data) for prints_enabled
    tft_display.o(.text) refers to vsprintf.o(.text) for vsprintf
    tft_display.o(.text) refers to tft_display.o(.bss) for text
    linear_ccd.o(.text) refers to fflt_clz.o(x$fpl$ffltu) for __aeabi_ui2f
    linear_ccd.o(.text) refers to fdiv.o(x$fpl$fdiv) for __aeabi_fdiv
    linear_ccd.o(.text) refers to ffixu.o(x$fpl$ffixu) for __aeabi_f2uiz
    linear_ccd.o(.text) refers to stm32f10x_gpio.o(.text) for GPIO_SetBits
    linear_ccd.o(.text) refers to adc.o(.text) for get_adc
    linear_ccd.o(.text) refers to linear_ccd.o(.bss) for linear_ccd_buffer1
    adc.o(.text) refers to stm32f10x_rcc.o(.text) for RCC_AHBPeriphClockCmd
    adc.o(.text) refers to stm32f10x_dma.o(.text) for DMA_DeInit
    adc.o(.text) refers to stm32f10x_gpio.o(.text) for GPIO_Init
    adc.o(.text) refers to stm32f10x_adc.o(.text) for ADC_Init
    adc.o(.text) refers to adc.o(.bss) for adc_value
    pneumatic_control.o(.text) refers to stm32f10x_rcc.o(.text) for RCC_APB2PeriphClockCmd
    pneumatic_control.o(.text) refers to stm32f10x_gpio.o(.text) for GPIO_Init
    button.o(.text) refers to stm32f10x_rcc.o(.text) for RCC_APB2PeriphClockCmd
    button.o(.text) refers to stm32f10x_gpio.o(.text) for GPIO_Init
    motor.o(.text) refers to stm32f10x_rcc.o(.text) for RCC_APB2PeriphClockCmd
    motor.o(.text) refers to stm32f10x_gpio.o(.text) for GPIO_Init
    motor.o(.text) refers to stm32f10x_tim.o(.text) for TIM_TimeBaseInit
    buzzer.o(.text) refers to stm32f10x_tim.o(.text) for TIM_SetCompare4
[...]
    __Vectors                                0x08000000   Data           4  startup_stm32f10x_md.o(RESET)
    __Vectors_End                            0x080000ec   Data           0  startup_stm32f10x_md.o(RESET)
    __main                                   0x080000ed   Thumb Code     8  __main.o(!!!main)
    __scatterload                            0x080000f5   Thumb Code     0  __scatter.o(!!!scatter)
    __scatterload_rt2                        0x080000f5   Thumb Code    44  __scatter.o(!!!scatter)
    __scatterload_rt2_thumb_only             0x080000f5   Thumb Code     0  __scatter.o(!!!scatter)
    __scatterload_null                       0x08000103   Thumb Code     0  __scatter.o(!!!scatter)
    __decompress                             0x08000129   Thumb Code   100  __dclz77c.o(!!dclz77c)
    __decompress2                            0x08000129   Thumb Code     0  __dclz77c.o(!!dclz77c)
    __scatterload_zeroinit                   0x0800018d   Thumb Code    28  __scatter_zi.o(!!handler_zi)
    _printf_n                                0x080001a9   Thumb Code     0  _printf_n.o(.ARM.Collect$$_printf_percent$$00000001)
    _printf_percent                          0x080001a9   Thumb Code     0  _printf_percent.o(.ARM.Collect$$_printf_percent$$00000000)
    _printf_p                                0x080001af   Thumb Code     0  _printf_p.o(.ARM.Collect$$_printf_percent$$00000002)
    _printf_f                                0x080001b5   Thumb Code     0  _printf_f.o(.ARM.Collect$$_printf_percent$$00000003)
    _printf_e                                0x080001bb   Thumb Code     0  _printf_e.o(.ARM.Collect$$_printf_percent$$00000004)
    _printf_g                                0x080001c1   Thumb Code     0  _printf_g.o(.ARM.Collect$$_printf_percent$$00000005)
    _printf_a                                0x080001c7   Thumb Code     0  _printf_a.o(.ARM.Collect$$_printf_percent$$00000006)
    _printf_ll                               0x080001cd   Thumb Code     0  _printf_ll.o(.ARM.Collect$$_printf_percent$$00000007)
    _printf_i                                0x080001d7   Thumb Code     0  _printf_i.o(.ARM.Collect$$_printf_percent$$00000008)
    _printf_d                                0x080001dd   Thumb Code     0  _printf_d.o(.ARM.Collect$$_printf_percent$$00000009)
    _printf_u                                0x080001e3   Thumb Code     0  _printf_u.o(.ARM.Collect$$_printf_percent$$0000000A)
    _printf_o                                0x080001e9   Thumb Code     0  _printf_o.o(.ARM.Collect$$_printf_percent$$0000000B)
    _printf_x                                0x080001ef   Thumb Code     0  _printf_x.o(.ARM.Collect$$_printf_percent$$0000000C)
    _printf_lli                              0x080001f5   Thumb Code     0  _printf_lli.o(.ARM.Collect$$_printf_percent$$0000000D)
    _printf_lld                              0x080001fb   Thumb Code     0  _printf_lld.o(.ARM.Collect$$_printf_percent$$0000000E)
    _printf_llu                              0x08000201   Thumb Code     0  _printf_llu.o(.ARM.Collect$$_printf_percent$$0000000F)
    _printf_llo                              0x08000207   Thumb Code     0  _printf_llo.o(.ARM.Collect$$_printf_percent$$00000010)
    _printf_llx                              0x0800020d   Thumb Code     0  _printf_llx.o(.ARM.Collect$$_printf_percent$$00000011)
    _printf_l                                0x08000213   Thumb Code     0  _printf_l.o(.ARM.Collect$$_printf_percent$$00000012)
    _printf_c                                0x0800021d   Thumb Code     0  _printf_c.o(.ARM.Collect$$_printf_percent$$00000013)
    _printf_s                                0x08000223   Thumb Code     0  _printf_s.o(.ARM.Collect$$_printf_percent$$00000014)
    _printf_lc                               0x08000229   Thumb Code     0  _printf_lc.o(.ARM.Collect$$_printf_percent$$00000015)
    _printf_ls                               0x0800022f   Thumb Code     0  _printf_ls.o(.ARM.Collect$$_printf_percent$$00000016)
    _printf_percent_end                      0x08000235   Thumb Code     0  _printf_percent_end.o(.ARM.Collect$$_printf_percent$$00000017)
    __rt_lib_init                            0x08000239   Thumb Code     0  libinit.o(.ARM.Collect$$libinit$$00000000)
    __rt_lib_init_fp_1                       0x0800023b   Thumb Code     0  libinit2.o(.ARM.Collect$$libinit$$00000002)
    __rt_lib_init_heap_2                     0x0800023b   Thumb Code     0  libinit2.o(.ARM.Collect$$libinit$$00000005)
    __rt_lib_init_preinit_1                  0x0800023b   Thumb Code     0  libinit2.o(.ARM.Collect$$libinit$$00000004)
    __rt_lib_init_heap_1                     0x08000243   Thumb Code     0  libinit2.o(.ARM.Collect$$libinit$$0000000A)
    __rt_lib_init_lc_common                  0x08000243   Thumb Code     0  libinit2.o(.ARM.Collect$$libinit$$0000000F)
    __rt_lib_init_rand_1                     0x08000243   Thumb Code     0  libinit2.o(.ARM.Collect$$libinit$$0000000E)
    __rt_lib_init_user_alloc_1               0x08000243   Thumb Code     0  libinit2.o(.ARM.Collect$$libinit$$0000000C)
    __rt_lib_init_lc_collate_1               0x08000249   Thumb Code     0  libinit2.o(.ARM.Collect$$libinit$$00000011)
    __rt_lib_init_lc_ctype_2                 0x08000249   Thumb Code     0  libinit2.o(.ARM.Collect$$libinit$$00000012)
    __rt_lib_init_lc_ctype_1                 0x08000255   Thumb Code     0  libinit2.o(.ARM.Collect$$libinit$$00000013)
    __rt_lib_init_lc_monetary_1              0x08000255   Thumb Code     0  libinit2.o(.ARM.Collect$$libinit$$00000015)
    __rt_lib_init_lc_numeric_2               0x08000255   Thumb Code     0  libinit2.o(.ARM.Collect$$libinit$$00000016)
    __rt_lib_init_alloca_1                   0x0800025f   Thumb Code     0  libinit2.o(.ARM.Collect$$libinit$$0000002E)
    __rt_lib_init_argv_1                     0x0800025f   Thumb Code     0  libinit2.o(.ARM.Collect$$libinit$$0000002C)
    __rt_lib_init_atexit_1                   0x0800025f   Thumb Code     0  libinit2.o(.ARM.Collect$$libinit$$0000001B)
    __rt_lib_init_clock_1                    0x0800025f   Thumb Code     0  libinit2.o(.ARM.Collect$$libinit$$00000021)
    __rt_lib_init_cpp_1                      0x0800025f   Thumb Code     0  libinit2.o(.ARM.Collect$$libinit$$00000032)
    __rt_lib_init_exceptions_1               0x0800025f   Thumb Code     0  libinit2.o(.ARM.Collect$$libinit$$00000030)
    __rt_lib_init_fp_trap_1                  0x0800025f   Thumb Code     0  libinit2.o(.ARM.Collect$$libinit$$0000001F)
    __rt_lib_init_getenv_1                   0x0800025f   Thumb Code     0  libinit2.o(.ARM.Collect$$libinit$$00000023)
    __rt_lib_init_lc_numeric_1               0x0800025f   Thumb Code     0  libinit2.o(.ARM.Collect$$libinit$$00000017)
    __rt_lib_init_lc_time_1                  0x0800025f   Thumb Code     0  libinit2.o(.ARM.Collect$$libinit$$00000019)
    __rt_lib_init_return                     0x0800025f   Thumb Code     0  libinit2.o(.ARM.Collect$$libinit$$00000033)
    __rt_lib_init_signal_1                   0x0800025f   Thumb Code     0  libinit2.o(.ARM.Collect$$libinit$$0000001D)
    __rt_lib_init_stdio_1                    0x0800025f   Thumb Code     0  libinit2.o(.ARM.Collect$$libinit$$00000025)
    __rt_lib_shutdown                        0x08000261   Thumb Code     0  libshutdown.o(.ARM.Collect$$libshutdown$$00000000)
    __rt_lib_shutdown_cpp_1                  0x08000263   Thumb Code     0  libshutdown2.o(.ARM.Collect$$libshutdown$$00000002)
    __rt_lib_shutdown_fp_trap_1              0x08000263   Thumb Code     0  libshutdown2.o(.ARM.Collect$$libshutdown$$00000007)
    __rt_lib_shutdown_heap_1                 0x08000263   Thumb Code     0  libshutdown2.o(.ARM.Collect$$libshutdown$$0000000F)
    __rt_lib_shutdown_return                 0x08000263   Thumb Code     0  libshutdown2.o(.ARM.Collect$$libshutdown$$00000010)
    __rt_lib_shutdown_signal_1               0x08000263   Thumb Code     0  libshutdown2.o(.ARM.Collect$$libshutdown$$0000000A)
    __rt_lib_shutdown_stdio_1                0x08000263   Thumb Code     0  libshutdown2.o(.ARM.Collect$$libshutdown$$00000004)
    __rt_lib_shutdown_user_alloc_1           0x08000263   Thumb Code     0  libshutdown2.o(.ARM.Collect$$libshutdown$$0000000C)
    __rt_entry                               0x08000265   Thumb Code     0  __rtentry.o(.ARM.Collect$$rtentry$$00000000)
    __rt_entry_presh_1                       0x08000265   Thumb Code     0  __rtentry2.o(.ARM.Collect$$rtentry$$00000002)
    __rt_entry_sh                            0x08000265   Thumb Code     0  __rtentry4.o(.ARM.Collect$$rtentry$$00000004)
    __rt_entry_li                            0x0800026b   Thumb Code     0  __rtentry2.o(.ARM.Collect$$rtentry$$0000000A)
    __rt_entry_postsh_1                      0x0800026b   Thumb Code     0  __rtentry2.o(.ARM.Collect$$rtentry$$00000009)
    __rt_entry_main                          0x0800026f   Thumb Code     0  __rtentry2.o(.ARM.Collect$$rtentry$$0000000D)
    __rt_entry_postli_1                      0x0800026f   Thumb Code     0  __rtentry2.o(.ARM.Collect$$rtentry$$0000000C)
    __rt_exit                                0x08000277   Thumb Code     0  rtexit.o(.ARM.Collect$$rtexit$$00000000)
    __rt_exit_ls                             0x08000279   Thumb Code     0  rtexit2.o(.ARM.Collect$$rtexit$$00000003)
    __rt_exit_prels_1                        0x08000279   Thumb Code     0  rtexit2.o(.ARM.Collect$$rtexit$$00000002)
    __rt_exit_exit                           0x0800027d   Thumb Code     0  rtexit2.o(.ARM.Collect$$rtexit$$00000004)
    simple_delay10_us                        0x08000285   Thumb Code    14  ticks.o(.emb_text)
    Reset_Handler                            0x08000295   Thumb Code     8  startup_stm32f10x_md.o(.text)
    _maybe_terminate_alloc                   0x08000295   Thumb Code     0  maybetermalloc1.o(.emb_text)
    NMI_Handler                              0x0800029d   Thumb Code     2  startup_stm32f10x_md.o(.text)
    HardFault_Handler                        0x0800029f   Thumb Code     2  startup_stm32f10x_md.o(.text)
    MemManage_Handler                        0x080002a1   Thumb Code     2  startup_stm32f10x_md.o(.text)
    BusFault_Handler                         0x080002a3   Thumb Code     2  startup_stm32f10x_md.o(.text)
    UsageFault_Handler                       0x080002a5   Thumb Code     2  startup_stm32f10x_md.o(.text)
    SVC_Handler                              0x080002a7   Thumb Code     2  startup_stm32f10x_md.o(.text)
    DebugMon_Handler                         0x080002a9   Thumb Code     2  startup_stm32f10x_md.o(.text)
    PendSV_Handler                           0x080002ab   Thumb Code     2  startup_stm32f10x_md.o(.text)
    SysTick_Handler                          0x080002ad   Thumb Code     2  startup_stm32f10x_md.o(.text)
    ADC1_2_IRQHandler                        0x080002af   Thumb Code     0  startup_stm32f10x_md.o(.text)
    CAN1_RX1_IRQHandler                      0x080002af   Thumb Code     0  startup_stm32f10x_md.o(.text)
    CAN1_SCE_IRQHandler                      0x080002af   Thumb Code     0  startup_stm32f10x_md.o(.text)
    DMA1_Channel1_IRQHandler                 0x080002af   Thumb Code     0  startup_stm32f10x_md.o(.text)
    DMA1_Channel2_IRQHandler                 0x080002af   Thumb Code     0  startup_stm32f10x_md.o(.text)
    DMA1_Channel3_IRQHandler                 0x080002af   Thumb Code     0  startup_stm32f10x_md.o(.text)
    DMA1_Channel4_IRQHandler                 0x080002af   Thumb Code     0  startup_stm32f10x_md.o(.text)
    DMA1_Channel5_IRQHandler                 0x080002af   Thumb Code     0  startup_stm32f10x_md.o(.text)
    DMA1_Channel6_IRQHandler                 0x080002af   Thumb Code     0  startup_stm32f10x_md.o(.text)
    DMA1_Channel7_IRQHandler                 0x080002af   Thumb Code     0  startup_stm32f10x_md.o(.text)
    EXTI0_IRQHandler                         0x080002af   Thumb Code     0  startup_stm32f10x_md.o(.text)
    EXTI15_10_IRQHandler                     0x080002af   Thumb Code     0  startup_stm32f10x_md.o(.text)
    EXTI1_IRQHandler                         0x080002af   Thumb Code     0  startup_stm32f10x_md.o(.text)
    EXTI2_IRQHandler                         0x080002af   Thumb Code     0  startup_stm32f10x_md.o(.text)
    EXTI3_IRQHandler                         0x080002af   Thumb Code     0  startup_stm32f10x_md.o(.text)
    EXTI4_IRQHandler                         0x080002af   Thumb Code     0  startup_stm32f10x_md.o(.text)
    EXTI9_5_IRQHandler                       0x080002af   Thumb Code     0  startup_stm32f10x_md.o(.text)
    FLASH_IRQHandler                         0x080002af   Thumb Code     0  startup_stm32f10x_md.o(.text)
    I2C1_ER_IRQHandler                       0x080002af   Thumb Code     0  startup_stm32f10x_md.o(.text)
    I2C1_EV_IRQHandler                       0x080002af   Thumb Code     0  startup_stm32f10x_md.o(.text)
    I2C2_ER_IRQHandler                       0x080002af   Thumb Code     0  startup_stm32f10x_md.o(.text)
    I2C2_EV_IRQHandler                       0x080002af   Thumb Code     0  startup_stm32f10x_md.o(.text)
    PVD_IRQHandler                           0x080002af   Thumb Code     0  startup_stm32f10x_md.o(.text)
    RCC_IRQHandler                           0x080002af   Thumb Code     0  startup_stm32f10x_md.o(.text)
    RTCAlarm_IRQHandler                      0x080002af   Thumb Code     0  startup_stm32f10x_md.o(.text)
    RTC_IRQHandler                           0x080002af   Thumb Code     0  startup_stm32f10x_md.o(.text)
    SPI1_IRQHandler                          0x080002af   Thumb Code     0  startup_stm32f10x_md.o(.text)
    SPI2_IRQHandler                          0x080002af   Thumb Code     0  startup_stm32f10x_md.o(.text)
    TAMPER_IRQHandler                        0x080002af   Thumb Code     0  startup_stm32f10x_md.o(.text)
    TIM1_BRK_IRQHandler                      0x080002af   Thumb Code     0  startup_stm32f10x_md.o(.text)
    TIM1_CC_IRQHandler                       0x080002af   Thumb Code     0  startup_stm32f10x_md.o(.text)
    TIM1_TRG_COM_IRQHandler                  0x080002af   Thumb Code     0  startup_stm32f10x_md.o(.text)
    TIM1_UP_IRQHandler                       0x080002af   Thumb Code     0  startup_stm32f10x_md.o(.text)
    TIM3_IRQHandler                          0x080002af   Thumb Code     0  startup_stm32f10x_md.o(.text)
    TIM4_IRQHandler                          0x080002af   Thumb Code     0  startup_stm32f10x_md.o(.text)
    USART2_IRQHandler                        0x080002af   Thumb Code     0  startup_stm32f10x_md.o(.text)
    USBWakeUp_IRQHandler                     0x080002af   Thumb Code     0  startup_stm32f10x_md.o(.text)
    USB_HP_CAN1_TX_IRQHandler                0x080002af   Thumb Code     0  startup_stm32f10x_md.o(.text)
    USB_LP_CAN1_RX0_IRQHandler               0x080002af   Thumb Code     0  startup_stm32f10x_md.o(.text)
    WWDG_IRQHandler                          0x080002af   Thumb Code     0  startup_stm32f10x_md.o(.text)
    __user_initial_stackheap                 0x080002b1   Thumb Code     0  startup_stm32f10x_md.o(.text)
    NVIC_PriorityGroupConfig                 0x080002d5   Thumb Code    10  misc.o(.text)
    NVIC_Init                                0x080002df   Thumb Code   100  misc.o(.text)
    NVIC_SetVectorTable                      0x08000343   Thumb Code    14  misc.o(.text)
    NVIC_SystemLPConfig                      0x08000351   Thumb Code    34  misc.o(.text)
    SysTick_CLKSourceConfig                  0x08000373   Thumb Code    40  misc.o(.text)
    ADC_DeInit                               0x080003b1   Thumb Code    78  stm32f10x_adc.o(.text)
    ADC_Init                                 0x080003ff   Thumb Code    70  stm32f10x_adc.o(.text)
    ADC_StructInit                           0x08000445   Thumb Code    18  stm32f10x_adc.o(.text)
    ADC_Cmd                                  0x08000457   Thumb Code    22  stm32f10x_adc.o(.text)
    ADC_DMACmd                               0x0800046d   Thumb Code    22  stm32f10x_adc.o(.text)
    ADC_ITConfig                             0x08000483   Thumb Code    24  stm32f10x_adc.o(.text)
    ADC_ResetCalibration                     0x0800049b   Thumb Code    10  stm32f10x_adc.o(.text)
    ADC_GetResetCalibrationStatus            0x080004a5   Thumb Code    20  stm32f10x_adc.o(.text)
    ADC_StartCalibration                     0x080004b9   Thumb Code    10  stm32f10x_adc.o(.text)
    ADC_GetCalibrationStatus                 0x080004c3   Thumb Code    20  stm32f10x_adc.o(.text)
    ADC_SoftwareStartConvCmd                 0x080004d7   Thumb Code    22  stm32f10x_adc.o(.text)
    ADC_GetSoftwareStartConvStatus           0x080004ed   Thumb Code    20  stm32f10x_adc.o(.text)
    ADC_DiscModeChannelCountConfig           0x08000501   Thumb Code    24  stm32f10x_adc.o(.text)
    ADC_DiscModeCmd                          0x08000519   Thumb Code    22  stm32f10x_adc.o(.text)
    ADC_RegularChannelConfig                 0x0800052f   Thumb Code   184  stm32f10x_adc.o(.text)
    ADC_ExternalTrigConvCmd                  0x080005e7   Thumb Code    22  stm32f10x_adc.o(.text)
    ADC_GetConversionValue                   0x080005fd   Thumb Code     8  stm32f10x_adc.o(.text)
    ADC_GetDualModeConversionValue           0x08000605   Thumb Code     8  stm32f10x_adc.o(.text)
    ADC_AutoInjectedConvCmd                  0x0800060d   Thumb Code    22  stm32f10x_adc.o(.text)
    ADC_InjectedDiscModeCmd                  0x08000623   Thumb Code    22  stm32f10x_adc.o(.text)
    ADC_ExternalTrigInjectedConvConfig       0x08000639   Thumb Code    16  stm32f10x_adc.o(.text)
    ADC_ExternalTrigInjectedConvCmd          0x08000649   Thumb Code    22  stm32f10x_adc.o(.text)
    ADC_SoftwareStartInjectedConvCmd         0x0800065f   Thumb Code    22  stm32f10x_adc.o(.text)
    ADC_GetSoftwareStartInjectedConvCmdStatus 0x08000675   Thumb Code    20  stm32f10x_adc.o(.text)
    ADC_InjectedChannelConfig                0x08000689   Thumb Code   130  stm32f10x_adc.o(.text)
    ADC_InjectedSequencerLengthConfig        0x0800070b   Thumb Code    24  stm32f10x_adc.o(.text)
    ADC_SetInjectedOffset                    0x08000723   Thumb Code    20  stm32f10x_adc.o(.text)
    ADC_GetInjectedConversionValue           0x08000737   Thumb Code    28  stm32f10x_adc.o(.text)
    ADC_AnalogWatchdogCmd                    0x08000753   Thumb Code    16  stm32f10x_adc.o(.text)
    ADC_AnalogWatchdogThresholdsConfig       0x08000763   Thumb Code     6  stm32f10x_adc.o(.text)
    ADC_AnalogWatchdogSingleChannelConfig    0x08000769   Thumb Code    16  stm32f10x_adc.o(.text)
    ADC_TempSensorVrefintCmd                 0x08000779   Thumb Code    64  stm32f10x_adc.o(.text)
    ADC_GetFlagStatus                        0x080007b9   Thumb Code    18  stm32f10x_adc.o(.text)
    ADC_ClearFlag                            0x080007cb   Thumb Code     6  stm32f10x_adc.o(.text)
    ADC_GetITStatus                          0x080007d1   Thumb Code    36  stm32f10x_adc.o(.text)
    ADC_ClearITPendingBit                    0x080007f5   Thumb Code    10  stm32f10x_adc.o(.text)
    DMA_DeInit                               0x08000801   Thumb Code   324  stm32f10x_dma.o(.text)
    DMA_Init                                 0x08000945   Thumb Code    60  stm32f10x_dma.o(.text)
    DMA_StructInit                           0x08000981   Thumb Code    26  stm32f10x_dma.o(.text)
    DMA_Cmd                                  0x0800099b   Thumb Code    24  stm32f10x_dma.o(.text)
    DMA_ITConfig                             0x080009b3   Thumb Code    18  stm32f10x_dma.o(.text)
    DMA_SetCurrDataCounter                   0x080009c5   Thumb Code     4  stm32f10x_dma.o(.text)
    DMA_GetCurrDataCounter                   0x080009c9   Thumb Code     8  stm32f10x_dma.o(.text)
    DMA_GetFlagStatus                        0x080009d1   Thumb Code    40  stm32f10x_dma.o(.text)
    DMA_ClearFlag                            0x080009f9   Thumb Code    22  stm32f10x_dma.o(.text)
    DMA_GetITStatus                          0x08000a0f   Thumb Code    40  stm32f10x_dma.o(.text)
    DMA_ClearITPendingBit                    0x08000a37   Thumb Code    22  stm32f10x_dma.o(.text)
    GPIO_DeInit                              0x08000a55   Thumb Code   172  stm32f10x_gpio.o(.text)
    GPIO_AFIODeInit                          0x08000b01   Thumb Code    20  stm32f10x_gpio.o(.text)
    GPIO_Init                                0x08000b15   Thumb Code   278  stm32f10x_gpio.o(.text)
    GPIO_StructInit                          0x08000c2b   Thumb Code    16  stm32f10x_gpio.o(.text)
    GPIO_ReadInputDataBit                    0x08000c3b   Thumb Code    18  stm32f10x_gpio.o(.text)
    GPIO_ReadInputData                       0x08000c4d   Thumb Code     8  stm32f10x_gpio.o(.text)
    GPIO_ReadOutputDataBit                   0x08000c55   Thumb Code    18  stm32f10x_gpio.o(.text)
    GPIO_ReadOutputData                      0x08000c67   Thumb Code     8  stm32f10x_gpio.o(.text)
    GPIO_SetBits                             0x08000c6f   Thumb Code     4  stm32f10x_gpio.o(.text)
    GPIO_ResetBits                           0x08000c73   Thumb Code     4  stm32f10x_gpio.o(.text)
    GPIO_WriteBit                            0x08000c77   Thumb Code    10  stm32f10x_gpio.o(.text)
    GPIO_Write                               0x08000c81   Thumb Code     4  stm32f10x_gpio.o(.text)
    GPIO_PinLockConfig                       0x08000c85   Thumb Code    18  stm32f10x_gpio.o(.text)
    GPIO_EventOutputConfig                   0x08000c97   Thumb Code    26  stm32f10x_gpio.o(.text)
    GPIO_EventOutputCmd                      0x08000cb1   Thumb Code     6  stm32f10x_gpio.o(.text)
    GPIO_PinRemapConfig                      0x08000cb7   Thumb Code   138  stm32f10x_gpio.o(.text)
    GPIO_EXTILineConfig                      0x08000d41   Thumb Code    66  stm32f10x_gpio.o(.text)
    GPIO_ETH_MediaInterfaceConfig            0x08000d83   Thumb Code     8  stm32f10x_gpio.o(.text)
    RCC_DeInit                               0x08000db1   Thumb Code    64  stm32f10x_rcc.o(.text)
    RCC_HSEConfig                            0x08000df1   Thumb Code    70  stm32f10x_rcc.o(.text)
    RCC_GetFlagStatus                        0x08000e37   Thumb Code    56  stm32f10x_rcc.o(.text)
    RCC_WaitForHSEStartUp                    0x08000e6f   Thumb Code    56  stm32f10x_rcc.o(.text)
    RCC_AdjustHSICalibrationValue            0x08000ea7   Thumb Code    20  stm32f10x_rcc.o(.text)
    RCC_HSICmd                               0x08000ebb   Thumb Code     6  stm32f10x_rcc.o(.text)
    RCC_PLLConfig                            0x08000ec1   Thumb Code    24  stm32f10x_rcc.o(.text)
    RCC_PLLCmd                               0x08000ed9   Thumb Code     6  stm32f10x_rcc.o(.text)
    RCC_SYSCLKConfig                         0x08000edf   Thumb Code    18  stm32f10x_rcc.o(.text)
    RCC_GetSYSCLKSource                      0x08000ef1   Thumb Code    10  stm32f10x_rcc.o(.text)
    RCC_HCLKConfig                           0x08000efb   Thumb Code    18  stm32f10x_rcc.o(.text)
    RCC_PCLK1Config                          0x08000f0d   Thumb Code    18  stm32f10x_rcc.o(.text)
    RCC_PCLK2Config                          0x08000f1f   Thumb Code    20  stm32f10x_rcc.o(.text)
    RCC_ITConfig                             0x08000f33   Thumb Code    26  stm32f10x_rcc.o(.text)
    RCC_USBCLKConfig                         0x08000f4d   Thumb Code     8  stm32f10x_rcc.o(.text)
    RCC_ADCCLKConfig                         0x08000f55   Thumb Code    18  stm32f10x_rcc.o(.text)
    RCC_LSEConfig                            0x08000f67   Thumb Code    50  stm32f10x_rcc.o(.text)
    RCC_LSICmd                               0x08000f99   Thumb Code     6  stm32f10x_rcc.o(.text)
    RCC_RTCCLKConfig                         0x08000f9f   Thumb Code    12  stm32f10x_rcc.o(.text)
    RCC_RTCCLKCmd                            0x08000fab   Thumb Code     8  stm32f10x_rcc.o(.text)
    RCC_GetClocksFreq                        0x08000fb3   Thumb Code   192  stm32f10x_rcc.o(.text)
    RCC_AHBPeriphClockCmd                    0x08001073   Thumb Code    26  stm32f10x_rcc.o(.text)
    RCC_APB2PeriphClockCmd                   0x0800108d   Thumb Code    26  stm32f10x_rcc.o(.text)
    RCC_APB1PeriphClockCmd                   0x080010a7   Thumb Code    26  stm32f10x_rcc.o(.text)
    RCC_APB2PeriphResetCmd                   0x080010c1   Thumb Code    26  stm32f10x_rcc.o(.text)
    RCC_APB1PeriphResetCmd                   0x080010db   Thumb Code    26  stm32f10x_rcc.o(.text)
    RCC_BackupResetCmd                       0x080010f5   Thumb Code     8  stm32f10x_rcc.o(.text)
    RCC_ClockSecuritySystemCmd               0x080010fd   Thumb Code     6  stm32f10x_rcc.o(.text)
    RCC_MCOConfig                            0x08001103   Thumb Code     6  stm32f10x_rcc.o(.text)
    RCC_ClearFlag                            0x08001109   Thumb Code    14  stm32f10x_rcc.o(.text)
    RCC_GetITStatus                          0x08001117   Thumb Code    20  stm32f10x_rcc.o(.text)
    RCC_ClearITPendingBit                    0x0800112b   Thumb Code     6  stm32f10x_rcc.o(.text)
    SPI_I2S_DeInit                           0x08001155   Thumb Code    76  stm32f10x_spi.o(.text)
    SPI_Init                                 0x080011a1   Thumb Code    60  stm32f10x_spi.o(.text)
    I2S_Init                                 0x080011dd   Thumb Code   226  stm32f10x_spi.o(.text)
    SPI_StructInit                           0x080012bf   Thumb Code    24  stm32f10x_spi.o(.text)
    I2S_StructInit                           0x080012d7   Thumb Code    20  stm32f10x_spi.o(.text)
    SPI_Cmd                                  0x080012eb   Thumb Code    24  stm32f10x_spi.o(.text)
    I2S_Cmd                                  0x08001303   Thumb Code    24  stm32f10x_spi.o(.text)
    SPI_I2S_ITConfig                         0x0800131b   Thumb Code    32  stm32f10x_spi.o(.text)
    SPI_I2S_DMACmd                           0x0800133b   Thumb Code    18  stm32f10x_spi.o(.text)
    SPI_I2S_SendData                         0x0800134d   Thumb Code     4  stm32f10x_spi.o(.text)
    SPI_I2S_ReceiveData                      0x08001351   Thumb Code     6  stm32f10x_spi.o(.text)
    SPI_NSSInternalSoftwareConfig            0x08001357   Thumb Code    30  stm32f10x_spi.o(.text)
    SPI_SSOutputCmd                          0x08001375   Thumb Code    24  stm32f10x_spi.o(.text)
    SPI_DataSizeConfig                       0x0800138d   Thumb Code    18  stm32f10x_spi.o(.text)
    SPI_TransmitCRC                          0x0800139f   Thumb Code    10  stm32f10x_spi.o(.text)
    SPI_CalculateCRC                         0x080013a9   Thumb Code    24  stm32f10x_spi.o(.text)
    SPI_GetCRC                               0x080013c1   Thumb Code    16  stm32f10x_spi.o(.text)
    SPI_GetCRCPolynomial                     0x080013d1   Thumb Code     6  stm32f10x_spi.o(.text)
    SPI_BiDirectionalLineConfig              0x080013d7   Thumb Code    28  stm32f10x_spi.o(.text)
    SPI_I2S_GetFlagStatus                    0x080013f3   Thumb Code    18  stm32f10x_spi.o(.text)
    SPI_I2S_ClearFlag                        0x08001405   Thumb Code     6  stm32f10x_spi.o(.text)
    SPI_I2S_GetITStatus                      0x0800140b   Thumb Code    52  stm32f10x_spi.o(.text)
    SPI_I2S_ClearITPendingBit                0x0800143f   Thumb Code    20  stm32f10x_spi.o(.text)
    TIM_DeInit                               0x08001461   Thumb Code   424  stm32f10x_tim.o(.text)
    TIM_TimeBaseInit                         0x08001609   Thumb Code   122  stm32f10x_tim.o(.text)
    TIM_OC1Init                              0x08001683   Thumb Code   132  stm32f10x_tim.o(.text)
    TIM_OC2Init                              0x08001707   Thumb Code   154  stm32f10x_tim.o(.text)
    TIM_OC3Init                              0x080017a1   Thumb Code   150  stm32f10x_tim.o(.text)
    TIM_OC4Init                              0x08001837   Thumb Code   182  stm32f10x_tim.o(.text)
    TIM_SetIC4Prescaler                      0x080018ed   Thumb Code    26  stm32f10x_tim.o(.text)
    TIM_SetIC3Prescaler                      0x08001989   Thumb Code    18  stm32f10x_tim.o(.text)
    TIM_SetIC2Prescaler                      0x08001a15   Thumb Code    26  stm32f10x_tim.o(.text)
    TIM_SetIC1Prescaler                      0x08001ab1   Thumb Code    18  stm32f10x_tim.o(.text)
    TIM_ICInit                               0x08001b2f   Thumb Code   150  stm32f10x_tim.o(.text)
    TIM_PWMIConfig                           0x08001bc5   Thumb Code   124  stm32f10x_tim.o(.text)
    TIM_BDTRConfig                           0x08001c41   Thumb Code    32  stm32f10x_tim.o(.text)
    TIM_TimeBaseStructInit                   0x08001c61   Thumb Code    18  stm32f10x_tim.o(.text)
    TIM_OCStructInit                         0x08001c73   Thumb Code    20  stm32f10x_tim.o(.text)
    TIM_ICStructInit                         0x08001c87   Thumb Code    18  stm32f10x_tim.o(.text)
    TIM_BDTRStructInit                       0x08001c99   Thumb Code    40  stm32f10x_tim.o(.text)
    TIM_Cmd                                  0x08001cc1   Thumb Code    24  stm32f10x_tim.o(.text)
    TIM_CtrlPWMOutputs                       0x08001cd9   Thumb Code    30  stm32f10x_tim.o(.text)
    TIM_ITConfig                             0x08001cf7   Thumb Code    18  stm32f10x_tim.o(.text)
    TIM_GenerateEvent                        0x08001d09   Thumb Code     4  stm32f10x_tim.o(.text)
    TIM_DMAConfig                            0x08001d0d   Thumb Code    10  stm32f10x_tim.o(.text)
    TIM_DMACmd                               0x08001d17   Thumb Code    18  stm32f10x_tim.o(.text)
    TIM_InternalClockConfig                  0x08001d29   Thumb Code    12  stm32f10x_tim.o(.text)
    TIM_SelectInputTrigger                   0x08001d35   Thumb Code    18  stm32f10x_tim.o(.text)
    TIM_ITRxExternalClockConfig              0x08001d47   Thumb Code    24  stm32f10x_tim.o(.text)
    TIM_TIxExternalClockConfig               0x08001d5f   Thumb Code    62  stm32f10x_tim.o(.text)
    TIM_ETRConfig                            0x08001d9d   Thumb Code    28  stm32f10x_tim.o(.text)
    TIM_ETRClockMode1Config                  0x08001db9   Thumb Code    54  stm32f10x_tim.o(.text)
    TIM_ETRClockMode2Config                  0x08001def   Thumb Code    32  stm32f10x_tim.o(.text)
    TIM_PrescalerConfig                      0x08001e0f   Thumb Code     6  stm32f10x_tim.o(.text)
    TIM_CounterModeConfig                    0x08001e15   Thumb Code    18  stm32f10x_tim.o(.text)
    TIM_EncoderInterfaceConfig               0x08001e27   Thumb Code    66  stm32f10x_tim.o(.text)
    TIM_ForcedOC1Config                      0x08001e69   Thumb Code    18  stm32f10x_tim.o(.text)
    TIM_ForcedOC2Config                      0x08001e7b   Thumb Code    26  stm32f10x_tim.o(.text)
    TIM_ForcedOC3Config                      0x08001e95   Thumb Code    18  stm32f10x_tim.o(.text)
    TIM_ForcedOC4Config                      0x08001ea7   Thumb Code    26  stm32f10x_tim.o(.text)
    TIM_ARRPreloadConfig                     0x08001ec1   Thumb Code    24  stm32f10x_tim.o(.text)
    TIM_SelectCOM                            0x08001ed9   Thumb Code    24  stm32f10x_tim.o(.text)
    TIM_SelectCCDMA                          0x08001ef1   Thumb Code    24  stm32f10x_tim.o(.text)
    TIM_CCPreloadControl                     0x08001f09   Thumb Code    24  stm32f10x_tim.o(.text)
    TIM_OC1PreloadConfig                     0x08001f21   Thumb Code    18  stm32f10x_tim.o(.text)
    TIM_OC2PreloadConfig                     0x08001f33   Thumb Code    26  stm32f10x_tim.o(.text)
    TIM_OC3PreloadConfig                     0x08001f4d   Thumb Code    18  stm32f10x_tim.o(.text)
    TIM_OC4PreloadConfig                     0x08001f5f   Thumb Code    26  stm32f10x_tim.o(.text)
    TIM_OC1FastConfig                        0x08001f79   Thumb Code    18  stm32f10x_tim.o(.text)
    TIM_OC2FastConfig                        0x08001f8b   Thumb Code    26  stm32f10x_tim.o(.text)
    TIM_OC3FastConfig                        0x08001fa5   Thumb Code    18  stm32f10x_tim.o(.text)
    TIM_OC4FastConfig                        0x08001fb7   Thumb Code    26  stm32f10x_tim.o(.text)
    TIM_ClearOC1Ref                          0x08001fd1   Thumb Code    18  stm32f10x_tim.o(.text)
    TIM_ClearOC2Ref                          0x08001fe3   Thumb Code    24  stm32f10x_tim.o(.text)
    TIM_ClearOC3Ref                          0x08001ffb   Thumb Code    18  stm32f10x_tim.o(.text)
    TIM_ClearOC4Ref                          0x0800200d   Thumb Code    24  stm32f10x_tim.o(.text)
    TIM_OC1PolarityConfig                    0x08002025   Thumb Code    18  stm32f10x_tim.o(.text)
    TIM_OC1NPolarityConfig                   0x08002037   Thumb Code    18  stm32f10x_tim.o(.text)
    TIM_OC2PolarityConfig                    0x08002049   Thumb Code    26  stm32f10x_tim.o(.text)
    TIM_OC2NPolarityConfig                   0x08002063   Thumb Code    26  stm32f10x_tim.o(.text)
    TIM_OC3PolarityConfig                    0x0800207d   Thumb Code    26  stm32f10x_tim.o(.text)
    TIM_OC3NPolarityConfig                   0x08002097   Thumb Code    26  stm32f10x_tim.o(.text)
    TIM_OC4PolarityConfig                    0x080020b1   Thumb Code    26  stm32f10x_tim.o(.text)
    TIM_CCxCmd                               0x080020cb   Thumb Code    30  stm32f10x_tim.o(.text)
    TIM_CCxNCmd                              0x080020e9   Thumb Code    30  stm32f10x_tim.o(.text)
    TIM_SelectOCxM                           0x08002107   Thumb Code    82  stm32f10x_tim.o(.text)
    TIM_UpdateDisableConfig                  0x08002159   Thumb Code    24  stm32f10x_tim.o(.text)
    TIM_UpdateRequestConfig                  0x08002171   Thumb Code    24  stm32f10x_tim.o(.text)
    TIM_SelectHallSensor                     0x08002189   Thumb Code    24  stm32f10x_tim.o(.text)
    TIM_SelectOnePulseMode                   0x080021a1   Thumb Code    18  stm32f10x_tim.o(.text)
    TIM_SelectOutputTrigger                  0x080021b3   Thumb Code    18  stm32f10x_tim.o(.text)
    TIM_SelectSlaveMode                      0x080021c5   Thumb Code    18  stm32f10x_tim.o(.text)
    TIM_SelectMasterSlaveMode                0x080021d7   Thumb Code    18  stm32f10x_tim.o(.text)
    TIM_SetCounter                           0x080021e9   Thumb Code     4  stm32f10x_tim.o(.text)
    TIM_SetAutoreload                        0x080021ed   Thumb Code     4  stm32f10x_tim.o(.text)
    TIM_SetCompare1                          0x080021f1   Thumb Code     4  stm32f10x_tim.o(.text)
    TIM_SetCompare2                          0x080021f5   Thumb Code     4  stm32f10x_tim.o(.text)
    TIM_SetCompare3                          0x080021f9   Thumb Code     4  stm32f10x_tim.o(.text)
    TIM_SetCompare4                          0x080021fd   Thumb Code     6  stm32f10x_tim.o(.text)
    TIM_SetClockDivision                     0x08002203   Thumb Code    18  stm32f10x_tim.o(.text)
    TIM_GetCapture1                          0x08002215   Thumb Code     6  stm32f10x_tim.o(.text)
    TIM_GetCapture2                          0x0800221b   Thumb Code     6  stm32f10x_tim.o(.text)
    TIM_GetCapture3                          0x08002221   Thumb Code     6  stm32f10x_tim.o(.text)
    TIM_GetCapture4                          0x08002227   Thumb Code     8  stm32f10x_tim.o(.text)
    TIM_GetCounter                           0x0800222f   Thumb Code     6  stm32f10x_tim.o(.text)
    TIM_GetPrescaler                         0x08002235   Thumb Code     6  stm32f10x_tim.o(.text)
    TIM_GetFlagStatus                        0x0800223b   Thumb Code    18  stm32f10x_tim.o(.text)
    TIM_ClearFlag                            0x0800224d   Thumb Code     6  stm32f10x_tim.o(.text)
    TIM_GetITStatus                          0x08002253   Thumb Code    34  stm32f10x_tim.o(.text)
    TIM_ClearITPendingBit                    0x08002275   Thumb Code     6  stm32f10x_tim.o(.text)
    USART_DeInit                             0x0800227d   Thumb Code   134  stm32f10x_usart.o(.text)
    USART_Init                               0x08002303   Thumb Code   210  stm32f10x_usart.o(.text)
    USART_StructInit                         0x080023d5   Thumb Code    24  stm32f10x_usart.o(.text)
    USART_ClockInit                          0x080023ed   Thumb Code    34  stm32f10x_usart.o(.text)
    USART_ClockStructInit                    0x0800240f   Thumb Code    12  stm32f10x_usart.o(.text)
    USART_Cmd                                0x0800241b   Thumb Code    24  stm32f10x_usart.o(.text)
    USART_ITConfig                           0x08002433   Thumb Code    74  stm32f10x_usart.o(.text)
    USART_DMACmd                             0x0800247d   Thumb Code    18  stm32f10x_usart.o(.text)
    USART_SetAddress                         0x0800248f   Thumb Code    18  stm32f10x_usart.o(.text)
    USART_WakeUpConfig                       0x080024a1   Thumb Code    18  stm32f10x_usart.o(.text)
    USART_ReceiverWakeUpCmd                  0x080024b3   Thumb Code    24  stm32f10x_usart.o(.text)
    USART_LINBreakDetectLengthConfig         0x080024cb   Thumb Code    18  stm32f10x_usart.o(.text)
    USART_LINCmd                             0x080024dd   Thumb Code    24  stm32f10x_usart.o(.text)
    USART_SendData                           0x080024f5   Thumb Code     8  stm32f10x_usart.o(.text)
    USART_ReceiveData                        0x080024fd   Thumb Code    10  stm32f10x_usart.o(.text)
    USART_SendBreak                          0x08002507   Thumb Code    10  stm32f10x_usart.o(.text)
    USART_SetGuardTime                       0x08002511   Thumb Code    16  stm32f10x_usart.o(.text)
    USART_SetPrescaler                       0x08002521   Thumb Code    16  stm32f10x_usart.o(.text)
    USART_SmartCardCmd                       0x08002531   Thumb Code    24  stm32f10x_usart.o(.text)
    USART_SmartCardNACKCmd                   0x08002549   Thumb Code    24  stm32f10x_usart.o(.text)
    USART_HalfDuplexCmd                      0x08002561   Thumb Code    24  stm32f10x_usart.o(.text)
    USART_OverSampling8Cmd                   0x08002579   Thumb Code    22  stm32f10x_usart.o(.text)
    USART_OneBitMethodCmd                    0x0800258f   Thumb Code    24  stm32f10x_usart.o(.text)
    USART_IrDAConfig                         0x080025a7   Thumb Code    18  stm32f10x_usart.o(.text)
    USART_IrDACmd                            0x080025b9   Thumb Code    24  stm32f10x_usart.o(.text)
    USART_GetFlagStatus                      0x080025d1   Thumb Code    26  stm32f10x_usart.o(.text)
    USART_ClearFlag                          0x080025eb   Thumb Code    18  stm32f10x_usart.o(.text)
    USART_GetITStatus                        0x080025fd   Thumb Code    84  stm32f10x_usart.o(.text)
    USART_ClearITPendingBit                  0x08002651   Thumb Code    52  stm32f10x_usart.o(.text)
    SystemInit                               0x08002763   Thumb Code    78  system_stm32f10x.o(.text)
    SystemCoreClockUpdate                    0x080027b1   Thumb Code   142  system_stm32f10x.o(.text)
    get_ms_ticks                             0x08002865   Thumb Code     6  ticks.o(.text)
    ticks_init                               0x0800286b   Thumb Code   108  ticks.o(.text)
    TIM2_IRQHandler                          0x080028d7   Thumb Code    32  ticks.o(.text)
    simple_delay1_ms                         0x080028f7   Thumb Code    22  ticks.o(.text)
    tft_prints_enable                        0x08002919   Thumb Code     6  tft_display.o(.text)
    tft_spi_init                             0x0800291f   Thumb Code   224  tft_display.o(.text)
    tft_write_command                        0x080029ff   Thumb Code    72  tft_display.o(.text)
    tft_write_data                           0x08002a47   Thumb Code    72  tft_display.o(.text)
    tft_config                               0x08002a8f   Thumb Code   514  tft_display.o(.text)
    tft_reset                                0x08002c91   Thumb Code    28  tft_display.o(.text)
    tft_fill_color                           0x08002cad   Thumb Code   116  tft_display.o(.text)
    tft_set_special_color                    0x08002d21   Thumb Code     6  tft_display.o(.text)
    tft_set_text_color                       0x08002d27   Thumb Code     6  tft_display.o(.text)
    tft_set_bg_color                         0x08002d2d   Thumb Code     6  tft_display.o(.text)
    tft_init                                 0x08002d33   Thumb Code   172  tft_display.o(.text)
    tft_enable                               0x08002ddf   Thumb Code     8  tft_display.o(.text)
    tft_disable                              0x08002de7   Thumb Code     8  tft_display.o(.text)
    tft_get_bg_color                         0x08002def   Thumb Code     6  tft_display.o(.text)
    tft_get_text_color                       0x08002df5   Thumb Code     6  tft_display.o(.text)
    tft_get_special_text_color               0x08002dfb   Thumb Code     6  tft_display.o(.text)
    tft_get_orientation                      0x08002e01   Thumb Code     6  tft_display.o(.text)
    tft_force_clear                          0x08002e07   Thumb Code    86  tft_display.o(.text)
    tft_set_orientation                      0x08002e5d   Thumb Code    28  tft_display.o(.text)
    tft_get_max_x_char                       0x08002e79   Thumb Code    24  tft_display.o(.text)
    tft_get_max_y_char                       0x08002e91   Thumb Code    24  tft_display.o(.text)
    tft_set_pixel_pos                        0x08002ea9   Thumb Code    78  tft_display.o(.text)
    tft_set_char_pos                         0x08002ef7   Thumb Code    82  tft_display.o(.text)
    tft_clear_line                           0x08002f49   Thumb Code    68  tft_display.o(.text)
    tft_clear                                0x08002f8d   Thumb Code    22  tft_display.o(.text)
    tft_toggle                               0x08002fa3   Thumb Code    34  tft_display.o(.text)
    tft_put_pixel                            0x08002fc5   Thumb Code   100  tft_display.o(.text)
    tft_char_is_changed                      0x08003029   Thumb Code   186  tft_display.o(.text)
    tft_prints                               0x080030e3   Thumb Code   268  tft_display.o(.text)
    tft_clear_row                            0x080031ef   Thumb Code    16  tft_display.o(.text)
    tft_update                               0x080031ff   Thumb Code  1474  tft_display.o(.text)
    get_linear_ccd1                          0x080037d1   Thumb Code     4  linear_ccd.o(.text)
    delay_57                                 0x080037d5   Thumb Code    14  linear_ccd.o(.text)
    moving_average                           0x080037e3   Thumb Code    70  linear_ccd.o(.text)
    CLK                                      0x08003829   Thumb Code    36  linear_ccd.o(.text)
    SI                                       0x0800384d   Thumb Code    28  linear_ccd.o(.text)
    AO1                                      0x08003869   Thumb Code    34  linear_ccd.o(.text)
    AO2                                      0x0800388b   Thumb Code    32  linear_ccd.o(.text)
    linear_ccd_read                          0x080038ab   Thumb Code   160  linear_ccd.o(.text)
    linear_ccd_init                          0x0800394b   Thumb Code    84  linear_ccd.o(.text)
    adc_init                                 0x080039b1   Thumb Code   296  adc.o(.text)
    get_adc                                  0x08003ad9   Thumb Code    12  adc.o(.text)
    button_init                              0x08003af9   Thumb Code    40  button.o(.text)
    read_button                              0x08003b21   Thumb Code    16  button.o(.text)
    motor_init                               0x08003b35   Thumb Code   220  motor.o(.text)
    motor_control                            0x08003c11   Thumb Code    96  motor.o(.text)
    uart_init                                0x08003c79   Thumb Code   192  uart.o(.text)
    uart_interrupt                           0x08003d39   Thumb Code    62  uart.o(.text)
    uart_printf_enable                       0x08003d77   Thumb Code     6  uart.o(.text)
    uart_printf_disable                      0x08003d7d   Thumb Code     8  uart.o(.text)
    uart_tx_byte                             0x08003d85   Thumb Code    38  uart.o(.text)
    uart_tx                                  0x08003dab   Thumb Code    54  uart.o(.text)
    uart_rx_byte                             0x08003de1   Thumb Code    36  uart.o(.text)
    uart_interrupt_init                      0x08003e05   Thumb Code    56  uart.o(.text)
    USART1_IRQHandler                        0x08003e3d   Thumb Code    48  uart.o(.text)
    USART3_IRQHandler                        0x08003e6d   Thumb Code    48  uart.o(.text)
    fputc                                    0x08003e9d   Thumb Code    66  uart.o(.text)
    handleCommand                            0x08003f2d   Thumb Code    92  main.o(.text)
    bluetoothHandler                         0x08003f89   Thumb Code    64  main.o(.text)
    main                                     0x08003fc9   Thumb Code   156  main.o(.text)
    calloc                                   0x0800408d   Thumb Code    40  calloc.o(.text)
    vsprintf                                 0x080040b5   Thumb Code    32  vsprintf.o(.text)
    atoi                                     0x080040d9   Thumb Code    26  atoi.o(.text)
    __aeabi_assert                           0x080040f5   Thumb Code    86  assert.o(.text)
    __assert                                 0x080040f5   Thumb Code     0  assert.o(.text)
    strtok                                   0x08004175   Thumb Code     6  strtok.o(.text)
    strlen                                   0x08004181   Thumb Code    62  strlen.o(.text)
    __aeabi_memclr                           0x080041bf   Thumb Code     0  rt_memclr.o(.text)
    __rt_memclr                              0x080041bf   Thumb Code    68  rt_memclr.o(.text)
    _memset                                  0x080041c3   Thumb Code     0  rt_memclr.o(.text)
    __use_two_region_memory                  0x08004203   Thumb Code     2  heapauxi.o(.text)
    __rt_heap_escrow                         0x08004205   Thumb Code     2  heapauxi.o(.text)
    __rt_heap_expand                         0x08004207   Thumb Code     2  heapauxi.o(.text)
    __aeabi_errno_addr                       0x08004209   Thumb Code     8  rt_errno_addr_intlibspace.o(.text)
    __errno$intlibspace                      0x08004209   Thumb Code     0  rt_errno_addr_intlibspace.o(.text)
    __rt_errno_addr$intlibspace              0x08004209   Thumb Code     0  rt_errno_addr_intlibspace.o(.text)
    malloc                                   0x08004211   Thumb Code    94  h1_alloc.o(.text)
    _printf_pre_padding                      0x0800426f   Thumb Code    44  _printf_pad.o(.text)
    _printf_post_padding                     0x0800429b   Thumb Code    34  _printf_pad.o(.text)
    _printf_truncate_signed                  0x080042bd   Thumb Code    18  _printf_truncate.o(.text)
    _printf_truncate_unsigned                0x080042cf   Thumb Code    18  _printf_truncate.o(.text)
    _printf_str                              0x080042e1   Thumb Code    82  _printf_str.o(.text)
    _printf_int_dec                          0x08004335   Thumb Code   104  _printf_dec.o(.text)
    _printf_charcount                        0x080043ad   Thumb Code    40  _printf_charcount.o(.text)
    _printf_char_common                      0x080043df   Thumb Code    32  _printf_char_common.o(.text)
    _sputc                                   0x08004405   Thumb Code    10  _sputc.o(.text)
    _printf_wctomb                           0x08004411   Thumb Code   182  _printf_wctomb.o(.text)
    _printf_longlong_dec                     0x080044cd   Thumb Code   108  _printf_longlong_dec.o(.text)
    _printf_longlong_oct                     0x08004549   Thumb Code    68  _printf_oct_int_ll.o(.text)
    _printf_int_oct                          0x0800458d   Thumb Code    24  _printf_oct_int_ll.o(.text)
    _printf_ll_oct                           0x080045a5   Thumb Code    12  _printf_oct_int_ll.o(.text)
    _printf_longlong_hex                     0x080045b9   Thumb Code    86  _printf_hex_int_ll_ptr.o(.text)
    _printf_int_hex                          0x0800460f   Thumb Code    28  _printf_hex_int_ll_ptr.o(.text)
    _printf_ll_hex                           0x0800462b   Thumb Code    12  _printf_hex_int_ll_ptr.o(.text)
    _printf_hex_ptr                          0x08004637   Thumb Code    18  _printf_hex_int_ll_ptr.o(.text)
    __printf                                 0x0800464d   Thumb Code   388  __printf_flags_ss_wp.o(.text)
    strtol                                   0x080047d5   Thumb Code   112  strtol.o(.text)
    abort                                    0x08004845   Thumb Code    22  abort.o(.text)
    __assert_puts                            0x0800485b   Thumb Code    20  assert_puts.o(.text)
    __strtok_internal                        0x08004871   Thumb Code    64  strtok_int.o(.text)
    __aeabi_memclr4                          0x080048b5   Thumb Code     0  rt_memclr_w.o(.text)
    __aeabi_memclr8                          0x080048b5   Thumb Code     0  rt_memclr_w.o(.text)
    __rt_memclr_w                            0x080048b5   Thumb Code    78  rt_memclr_w.o(.text)
    _memset_w                                0x080048b9   Thumb Code     0  rt_memclr_w.o(.text)
    _ttywrch                                 0x08004903   Thumb Code    14  sys_wrch.o(.text)
    _sys_exit                                0x08004911   Thumb Code     8  sys_exit.o(.text)
    __user_libspace                          0x0800491d   Thumb Code     8  libspace.o(.text)
    __user_perproc_libspace                  0x0800491d   Thumb Code     0  libspace.o(.text)
    __user_perthread_libspace                0x0800491d   Thumb Code     0  libspace.o(.text)
    __rt_ctype_table                         0x08004925   Thumb Code    16  rt_ctype_table.o(.text)
    __rt_heap_descriptor                     0x08004935   Thumb Code     8  rt_heap_descriptor_intlibspace.o(.text)
    __use_no_heap                            0x0800493d   Thumb Code     2  hguard.o(.text)
    __heap$guard                             0x0800493f   Thumb Code     2  hguard.o(.text)
    _terminate_user_alloc                    0x08004941   Thumb Code     2  init_alloc.o(.text)
    _init_user_alloc                         0x08004943   Thumb Code     2  init_alloc.o(.text)
    __Heap_Full                              0x08004945   Thumb Code    34  init_alloc.o(.text)
    __Heap_Broken                            0x08004967   Thumb Code     6  init_alloc.o(.text)
    _init_alloc                              0x0800496d   Thumb Code    94  init_alloc.o(.text)
    __Heap_Initialize                        0x080049cb   Thumb Code    10  h1_init.o(.text)
    __Heap_DescSize                          0x080049d5   Thumb Code     4  h1_init.o(.text)
    free                                     0x080049d9   Thumb Code    78  h1_free.o(.text)
    _ll_udiv10                               0x08004a27   Thumb Code   138  lludiv10.o(.text)
    _printf_int_common                       0x08004ab1   Thumb Code   178  _printf_intcommon.o(.text)
    __lib_sel_fp_printf                      0x08004b63   Thumb Code     2  _printf_fp_dec.o(.text)
    _printf_fp_dec_real                      0x08004d11   Thumb Code   620  _printf_fp_dec.o(.text)
    _printf_fp_hex_real                      0x08004f7d   Thumb Code   754  _printf_fp_hex.o(.text)
    _printf_cs_common                        0x08005279   Thumb Code    20  _printf_char.o(.text)
    _printf_char                             0x0800528d   Thumb Code    16  _printf_char.o(.text)
    _printf_string                           0x0800529d   Thumb Code     8  _printf_char.o(.text)
    _printf_lcs_common                       0x080052a5   Thumb Code    20  _printf_wchar.o(.text)
    _printf_wchar                            0x080052b9   Thumb Code    16  _printf_wchar.o(.text)
    _printf_wstring                          0x080052c9   Thumb Code     8  _printf_wchar.o(.text)
    _strtoul                                 0x080052d1   Thumb Code   158  _strtoul.o(.text)
    _wcrtomb                                 0x0800536f   Thumb Code    64  _wcrtomb.o(.text)
    __rt_SIGABRT                             0x080053af   Thumb Code    14  defsig_abrt_outer.o(.text)
    strcspn                                  0x080053bd   Thumb Code    32  strcspn.o(.text)
    strspn                                   0x080053dd   Thumb Code    28  strspn.o(.text)
    __I$use$semihosting                      0x080053f9   Thumb Code     0  use_no_semi.o(.text)
    __use_no_semihosting_swi                 0x080053f9   Thumb Code     2  use_no_semi.o(.text)
    __semihosting_library_function           0x080053fb   Thumb Code     0  indicate_semi.o(.text)
    __user_setup_stackheap                   0x080053fb   Thumb Code    74  sys_stackheap_outer.o(.text)
    __rt_locale                              0x08005445   Thumb Code     8  rt_locale_intlibspace.o(.text)
    __Heap_ProvideMemory                     0x0800544d   Thumb Code    52  h1_extend.o(.text)
    _printf_fp_infnan                        0x08005481   Thumb Code   112  _printf_fp_infnan.o(.text)
    _chval                                   0x08005501   Thumb Code    28  _chval.o(.text)
    _btod_etento                             0x0800551d   Thumb Code   216  bigflt0.o(.text)
    exit                                     0x080055f9   Thumb Code    18  exit.o(.text)
    __sig_exit                               0x0800560b   Thumb Code    10  defsig_exit.o(.text)
    __rt_SIGABRT_inner                       0x08005615   Thumb Code    14  defsig_abrt_inner.o(.text)
    __rt_SIGRTMEM                            0x08005645   Thumb Code    14  defsig_rtmem_outer.o(.text)
    __default_signal_display                 0x08005653   Thumb Code    50  defsig_general.o(.text)
    __rt_SIGRTMEM_inner                      0x08005685   Thumb Code    22  defsig_rtmem_inner.o(.text)
    strcmp                                   0x080056d5   Thumb Code   128  strcmpv7m.o(.text)
    _btod_d2e                                0x08005755   Thumb Code    62  btod.o(CL$$btod_d2e)
    _d2e_denorm_low                          0x08005793   Thumb Code    70  btod.o(CL$$btod_d2e_denorm_low)
    _d2e_norm_op1                            0x080057d9   Thumb Code    96  btod.o(CL$$btod_d2e_norm_op1)
    __btod_div_common                        0x08005839   Thumb Code   696  btod.o(CL$$btod_div_common)
    _e2e                                     0x08005b71   Thumb Code   198  btod.o(CL$$btod_e2e)
    _btod_ediv                               0x08005c37   Thumb Code    40  btod.o(CL$$btod_ediv)
    _btod_emul                               0x08005c5f   Thumb Code    40  btod.o(CL$$btod_emul)
    __btod_mult_common                       0x08005c87   Thumb Code   580  btod.o(CL$$btod_mult_common)
    __ARM_fpclassify                         0x08005ecb   Thumb Code    40  fpclassify.o(i.__ARM_fpclassify)
    _is_digit                                0x08005ef3   Thumb Code    14  __printf_wp.o(i._is_digit)
    _get_lc_ctype                            0x08005f01   Thumb Code    44  lc_ctype_c.o(locale$$code)
    _get_lc_numeric                          0x08005f2d   Thumb Code    44  lc_numeric_c.o(locale$$code)
    __aeabi_fdiv                             0x08005f59   Thumb Code     0  fdiv.o(x$fpl$fdiv)
    _fdiv                                    0x08005f59   Thumb Code   384  fdiv.o(x$fpl$fdiv)
    __aeabi_f2uiz                            0x080060dd   Thumb Code     0  ffixu.o(x$fpl$ffixu)
    _ffixu                                   0x080060dd   Thumb Code    62  ffixu.o(x$fpl$ffixu)
    __aeabi_ui2f                             0x0800611d   Thumb Code     0  fflt_clz.o(x$fpl$ffltu)
    _ffltu                                   0x0800611d   Thumb Code    38  fflt_clz.o(x$fpl$ffltu)
    __fpl_fnaninf                            0x08006143   Thumb Code   140  fnaninf.o(x$fpl$fnaninf)
    __fpl_fretinf                            0x080061cf   Thumb Code    10  fretinf.o(x$fpl$fretinf)
    _printf_fp_dec                           0x080061d9   Thumb Code     4  printf1.o(x$fpl$printf1)
    _printf_fp_hex                           0x080061dd   Thumb Code     4  printf2.o(x$fpl$printf2)
    COM_USART_CLK                            0x080061e0   Data          12  uart.o(.constdata)
    __I$use$fp                               0x080061e0   Number         0  usenofp.o(x$fpl$usenofp)
    COM_TX_PORT_CLK                          0x080061ec   Data          12  uart.o(.constdata)
    COM_RX_PORT_CLK                          0x080061f8   Data          12  uart.o(.constdata)
    COM_TX_PIN                               0x08006204   Data           6  uart.o(.constdata)
    COM_RX_PIN                               0x0800620a   Data           6  uart.o(.constdata)
    COM_IRQ                                  0x08006210   Data           6  uart.o(.constdata)
    Region$$Table$$Base                      0x08006314   Number         0  anon$$obj.o(Region$$Table)
    Region$$Table$$Limit                     0x08006334   Number         0  anon$$obj.o(Region$$Table)
    __ctype                                  0x08006341   Data           0  lc_ctype_c.o(locale$$data)
    SystemCoreClock                          0x20000014   Data           4  system_stm32f10x.o(.data)
    AHBPrescTable                            0x20000018   Data          16  system_stm32f10x.o(.data)
    ms                                       0x20000028   Data           2  ticks.o(.data)
    curr_bg_color                            0x2000102a   Data           2  tft_display.o(.data)
    curr_text_color                          0x2000102c   Data           2  tft_display.o(.data)
    curr_text_color_sp                       0x2000102e   Data           2  tft_display.o(.data)
    tft_orientation                          0x20001030   Data           1  tft_display.o(.data)
    tft_enabled                              0x20001031   Data           1  tft_display.o(.data)
    print_pos                                0x20001032   Data           2  tft_display.o(.data)
    prints_enabled                           0x20001034   Data           1  tft_display.o(.data)
    rx_full                                  0x20001038   Data           1  uart.o(.data)
    uart1_rx_listener                        0x2000103c   Data           4  uart.o(.data)
    uart3_rx_listener                        0x20001040   Data           4  uart.o(.data)
    uart1_listener_empty                     0x20001044   Data           1  uart.o(.data)
    uart3_listener_empty                     0x20001045   Data           1  uart.o(.data)
    COM_USART                                0x20001048   Data          12  uart.o(.data)
    COM_TX_PORT                              0x20001054   Data          12  uart.o(.data)
    COM_RX_PORT                              0x20001060   Data          12  uart.o(.data)
    printf_COMx                              0x2000106c   Data           1  uart.o(.data)
    stringBuffer                             0x20002070   Data           4  main.o(.data)
    buffPos                                  0x20002074   Data           4  main.o(.data)
    count                                    0x20002078   Data           4  main.o(.data)
    text                                     0x20002080   Data         200  tft_display.o(.bss)
    text_prev                                0x20002148   Data         200  tft_display.o(.bss)
    text_color                               0x20002210   Data         400  tft_display.o(.bss)
    text_color_prev                          0x200023a0   Data         400  tft_display.o(.bss)
    bg_color                                 0x20002530   Data         400  tft_display.o(.bss)
    bg_color_prev                            0x200026c0   Data         400  tft_display.o(.bss)
    text_bg_color_prev                       0x20002850   Data         200  tft_display.o(.bss)
    linear_ccd_buffer1                       0x20002918   Data         512  linear_ccd.o(.bss)
    linear_ccd_buffer2                       0x20002b18   Data         512  linear_ccd.o(.bss)
    __libspace_start                         0x20002d5c   Data          96  libspace.o(.bss)
    __temporary_stack_top$libspace           0x20002dbc   Data           0  libspace.o(.bss)



==============================================================================

Memory Map of the image

  Image Entry point : 0x080000ed

  Load Region LR_IROM1 (Base: 0x08000000, Size: 0x000084e0, Max: 0x00020000, ABSOLUTE, COMPRESSED[0x00006b60])

    Execution Region ER_IROM1 (Base: 0x08000000, Size: 0x00006460, Max: 0x00020000, ABSOLUTE)

    Base Addr    Size         Type   Attr      Idx    E Section Name        Object

    0x08000000   0x000000ec   Data   RO            3    RESET               startup_stm32f10x_md.o
    0x080000ec   0x00000008   Code   RO          682  * !!!main             c_w.l(__main.o)
    0x080000f4   0x00000034   Code   RO         1158    !!!scatter          c_w.l(__scatter.o)
    0x08000128   0x00000064   Code   RO         1156    !!dclz77c           c_w.l(__dclz77c.o)
    0x0800018c   0x0000001c   Code   RO         1160    !!handler_zi        c_w.l(__scatter_zi.o)
    0x080001a8   0x00000000   Code   RO          841    .ARM.Collect$$_printf_percent$$00000000  c_w.l(_printf_percent.o)
    0x080001a8   0x00000006   Code   RO          830    .ARM.Collect$$_printf_percent$$00000001  c_w.l(_printf_n.o)
    0x080001ae   0x00000006   Code   RO          832    .ARM.Collect$$_printf_percent$$00000002  c_w.l(_printf_p.o)
    0x080001b4   0x00000006   Code   RO          837    .ARM.Collect$$_printf_percent$$00000003  c_w.l(_printf_f.o)
    0x080001ba   0x00000006   Code   RO          838    .ARM.Collect$$_printf_percent$$00000004  c_w.l(_printf_e.o)
    0x080001c0   0x00000006   Code   RO          839    .ARM.Collect$$_printf_percent$$00000005  c_w.l(_printf_g.o)
    0x080001c6   0x00000006   Code   RO          840    .ARM.Collect$$_printf_percent$$00000006  c_w.l(_printf_a.o)
    0x080001cc   0x0000000a   Code   RO          845    .ARM.Collect$$_printf_percent$$00000007  c_w.l(_printf_ll.o)
    0x080001d6   0x00000006   Code   RO          834    .ARM.Collect$$_printf_percent$$00000008  c_w.l(_printf_i.o)
    0x080001dc   0x00000006   Code   RO          835    .ARM.Collect$$_printf_percent$$00000009  c_w.l(_printf_d.o)
    0x080001e2   0x00000006   Code   RO          836    .ARM.Collect$$_printf_percent$$0000000A  c_w.l(_printf_u.o)
    0x080001e8   0x00000006   Code   RO          833    .ARM.Collect$$_printf_percent$$0000000B  c_w.l(_printf_o.o)
    0x080001ee   0x00000006   Code   RO          831    .ARM.Collect$$_printf_percent$$0000000C  c_w.l(_printf_x.o)
    0x080001f4   0x00000006   Code   RO          842    .ARM.Collect$$_printf_percent$$0000000D  c_w.l(_printf_lli.o)
    0x080001fa   0x00000006   Code   RO          843    .ARM.Collect$$_printf_percent$$0000000E  c_w.l(_printf_lld.o)
    0x08000200   0x00000006   Code   RO          844    .ARM.Collect$$_printf_percent$$0000000F  c_w.l(_printf_llu.o)
    0x08000206   0x00000006   Code   RO          849    .ARM.Collect$$_printf_percent$$00000010  c_w.l(_printf_llo.o)
    0x0800020c   0x00000006   Code   RO          850    .ARM.Collect$$_printf_percent$$00000011  c_w.l(_printf_llx.o)
    0x08000212   0x0000000a   Code   RO          846    .ARM.Collect$$_printf_percent$$00000012  c_w.l(_printf_l.o)
    0x0800021c   0x00000006   Code   RO          828    .ARM.Collect$$_printf_percent$$00000013  c_w.l(_printf_c.o)
    0x08000222   0x00000006   Code   RO          829    .ARM.Collect$$_printf_percent$$00000014  c_w.l(_printf_s.o)
    0x08000228   0x00000006   Code   RO          847    .ARM.Collect$$_printf_percent$$00000015  c_w.l(_printf_lc.o)
    0x0800022e   0x00000006   Code   RO          848    .ARM.Collect$$_printf_percent$$00000016  c_w.l(_printf_ls.o)
    0x08000234   0x00000004   Code   RO          946    .ARM.Collect$$_printf_percent$$00000017  c_w.l(_printf_percent_end.o)
    0x08000238   0x00000002   Code   RO         1085    .ARM.Collect$$libinit$$00000000  c_w.l(libinit.o)
    0x0800023a   0x00000000   Code   RO          964    .ARM.Collect$$libinit$$00000002  c_w.l(libinit2.o)
    0x0800023a   0x00000000   Code   RO          966    .ARM.Collect$$libinit$$00000004  c_w.l(libinit2.o)
    0x0800023a   0x00000008   Code   RO          967    .ARM.Collect$$libinit$$00000005  c_w.l(libinit2.o)
    0x08000242   0x00000000   Code   RO          969    .ARM.Collect$$libinit$$0000000A  c_w.l(libinit2.o)
    0x08000242   0x00000000   Code   RO          971    .ARM.Collect$$libinit$$0000000C  c_w.l(libinit2.o)
    0x08000242   0x00000000   Code   RO          973    .ARM.Collect$$libinit$$0000000E  c_w.l(libinit2.o)
    0x08000242   0x00000006   Code   RO          974    .ARM.Collect$$libinit$$0000000F  c_w.l(libinit2.o)
    0x08000248   0x00000000   Code   RO          976    .ARM.Collect$$libinit$$00000011  c_w.l(libinit2.o)
    0x08000248   0x0000000c   Code   RO          977    .ARM.Collect$$libinit$$00000012  c_w.l(libinit2.o)
    0x08000254   0x00000000   Code   RO          978    .ARM.Collect$$libinit$$00000013  c_w.l(libinit2.o)
    0x08000254   0x00000000   Code   RO          980    .ARM.Collect$$libinit$$00000015  c_w.l(libinit2.o)
    0x08000254   0x0000000a   Code   RO          981    .ARM.Collect$$libinit$$00000016  c_w.l(libinit2.o)
    0x0800025e   0x00000000   Code   RO          982    .ARM.Collect$$libinit$$00000017  c_w.l(libinit2.o)
    0x0800025e   0x00000000   Code   RO          984    .ARM.Collect$$libinit$$00000019  c_w.l(libinit2.o)
    0x0800025e   0x00000000   Code   RO          986    .ARM.Collect$$libinit$$0000001B  c_w.l(libinit2.o)
    0x0800025e   0x00000000   Code   RO          988    .ARM.Collect$$libinit$$0000001D  c_w.l(libinit2.o)
    0x0800025e   0x00000000   Code   RO          990    .ARM.Collect$$libinit$$0000001F  c_w.l(libinit2.o)
    0x0800025e   0x00000000   Code   RO          992    .ARM.Collect$$libinit$$00000021  c_w.l(libinit2.o)
    0x0800025e   0x00000000   Code   RO          994    .ARM.Collect$$libinit$$00000023  c_w.l(libinit2.o)
    0x0800025e   0x00000000   Code   RO          996    .ARM.Collect$$libinit$$00000025  c_w.l(libinit2.o)
    0x0800025e   0x00000000   Code   RO         1000    .ARM.Collect$$libinit$$0000002C  c_w.l(libinit2.o)
    0x0800025e   0x00000000   Code   RO         1002    .ARM.Collect$$libinit$$0000002E  c_w.l(libinit2.o)
    0x0800025e   0x00000000   Code   RO         1004    .ARM.Collect$$libinit$$00000030  c_w.l(libinit2.o)
    0x0800025e   0x00000000   Code   RO         1006    .ARM.Collect$$libinit$$00000032  c_w.l(libinit2.o)
    0x0800025e   0x00000002   Code   RO         1007    .ARM.Collect$$libinit$$00000033  c_w.l(libinit2.o)
    0x08000260   0x00000002   Code   RO         1153    .ARM.Collect$$libshutdown$$00000000  c_w.l(libshutdown.o)
    0x08000262   0x00000000   Code   RO         1122    .ARM.Collect$$libshutdown$$00000002  c_w.l(libshutdown2.o)
    0x08000262   0x00000000   Code   RO         1124    .ARM.Collect$$libshutdown$$00000004  c_w.l(libshutdown2.o)
    0x08000262   0x00000000   Code   RO         1127    .ARM.Collect$$libshutdown$$00000007  c_w.l(libshutdown2.o)
    0x08000262   0x00000000   Code   RO         1130    .ARM.Collect$$libshutdown$$0000000A  c_w.l(libshutdown2.o)
    0x08000262   0x00000000   Code   RO         1132    .ARM.Collect$$libshutdown$$0000000C  c_w.l(libshutdown2.o)
    0x08000262   0x00000000   Code   RO         1135    .ARM.Collect$$libshutdown$$0000000F  c_w.l(libshutdown2.o)
    0x08000262   0x00000002   Code   RO         1136    .ARM.Collect$$libshutdown$$00000010  c_w.l(libshutdown2.o)
    0x08000264   0x00000000   Code   RO          698    .ARM.Collect$$rtentry$$00000000  c_w.l(__rtentry.o)
    0x08000264   0x00000000   Code   RO          884    .ARM.Collect$$rtentry$$00000002  c_w.l(__rtentry2.o)
    0x08000264   0x00000006   Code   RO          896    .ARM.Collect$$rtentry$$00000004  c_w.l(__rtentry4.o)
    0x0800026a   0x00000000   Code   RO          886    .ARM.Collect$$rtentry$$00000009  c_w.l(__rtentry2.o)
    0x0800026a   0x00000004   Code   RO          887    .ARM.Collect$$rtentry$$0000000A  c_w.l(__rtentry2.o)
    0x0800026e   0x00000000   Code   RO          889    .ARM.Collect$$rtentry$$0000000C  c_w.l(__rtentry2.o)
    0x0800026e   0x00000008   Code   RO          890    .ARM.Collect$$rtentry$$0000000D  c_w.l(__rtentry2.o)
    0x08000276   0x00000002   Code   RO         1092    .ARM.Collect$$rtexit$$00000000  c_w.l(rtexit.o)
    0x08000278   0x00000000   Code   RO         1109    .ARM.Collect$$rtexit$$00000002  c_w.l(rtexit2.o)
    0x08000278   0x00000004   Code   RO         1110    .ARM.Collect$$rtexit$$00000003  c_w.l(rtexit2.o)
    0x0800027c   0x00000006   Code   RO         1111    .ARM.Collect$$rtexit$$00000004  c_w.l(rtexit2.o)
    0x08000282   0x00000002   PAD
    0x08000284   0x0000000e   Code   RO          421    .emb_text           ticks.o
    0x08000292   0x00000002   PAD
    0x08000294   0x00000000   Code   RO         1024    .emb_text           c_w.l(maybetermalloc1.o)
    0x08000294   0x00000040   Code   RO            4    .text               startup_stm32f10x_md.o
    0x080002d4   0x000000dc   Code   RO           24    .text               misc.o
    0x080003b0   0x0000044e   Code   RO           77    .text               stm32f10x_adc.o
    0x080007fe   0x00000002   PAD
    0x08000800   0x00000254   Code   RO          182    .text               stm32f10x_dma.o
    0x08000a54   0x0000035c   Code   RO          230    .text               stm32f10x_gpio.o
    0x08000db0   0x000003a4   Code   RO          287    .text               stm32f10x_rcc.o
    0x08001154   0x0000030c   Code   RO          331    .text               stm32f10x_spi.o
    0x08001460   0x00000e1a   Code   RO          343    .text               stm32f10x_tim.o
    0x0800227a   0x00000002   PAD
    0x0800227c   0x00000408   Code   RO          358    .text               stm32f10x_usart.o
    0x08002684   0x000001e0   Code   RO          385    .text               system_stm32f10x.o
    0x08002864   0x000000b4   Code   RO          422    .text               ticks.o
    0x08002918   0x00000eb8   Code   RO          444    .text               tft_display.o
    0x080037d0   0x000001e0   Code   RO          473    .text               linear_ccd.o
    0x080039b0   0x00000148   Code   RO          506    .text               adc.o
    0x08003af8   0x0000003c   Code   RO          535    .text               button.o
    0x08003b34   0x00000144   Code   RO          557    .text               motor.o
    0x08003c78   0x000002b4   Code   RO          587    .text               uart.o
    0x08003f2c   0x00000160   Code   RO          625    .text               main.o
    0x0800408c   0x00000028   Code   RO          665    .text               c_w.l(calloc.o)
    0x080040b4   0x00000024   Code   RO          667    .text               c_w.l(vsprintf.o)
    0x080040d8   0x0000001a   Code   RO          669    .text               c_w.l(atoi.o)
    0x080040f2   0x00000002   PAD
    0x080040f4   0x00000080   Code   RO          671    .text               c_w.l(assert.o)
    0x08004174   0x0000000c   Code   RO          673    .text               c_w.l(strtok.o)
    0x08004180   0x0000003e   Code   RO          676    .text               c_w.l(strlen.o)
    0x080041be   0x00000044   Code   RO          678    .text               c_w.l(rt_memclr.o)
    0x08004202   0x00000006   Code   RO          680    .text               c_w.l(heapauxi.o)
    0x08004208   0x00000008   Code   RO          702    .text               c_w.l(rt_errno_addr_intlibspace.o)
    0x08004210   0x0000005e   Code   RO          706    .text               c_w.l(h1_alloc.o)
    0x0800426e   0x0000004e   Code   RO          762    .text               c_w.l(_printf_pad.o)
    0x080042bc   0x00000024   Code   RO          764    .text               c_w.l(_printf_truncate.o)
    0x080042e0   0x00000052   Code   RO          766    .text               c_w.l(_printf_str.o)
    0x08004332   0x00000002   PAD
    0x08004334   0x00000078   Code   RO          768    .text               c_w.l(_printf_dec.o)
    0x080043ac   0x00000028   Code   RO          770    .text               c_w.l(_printf_charcount.o)
    0x080043d4   0x00000030   Code   RO          772    .text               c_w.l(_printf_char_common.o)
    0x08004404   0x0000000a   Code   RO          774    .text               c_w.l(_sputc.o)
    0x0800440e   0x00000002   PAD
    0x08004410   0x000000bc   Code   RO          776    .text               c_w.l(_printf_wctomb.o)
    0x080044cc   0x0000007c   Code   RO          779    .text               c_w.l(_printf_longlong_dec.o)
    0x08004548   0x00000070   Code   RO          785    .text               c_w.l(_printf_oct_int_ll.o)
    0x080045b8   0x00000094   Code   RO          805    .text               c_w.l(_printf_hex_int_ll_ptr.o)
    0x0800464c   0x00000188   Code   RO          825    .text               c_w.l(__printf_flags_ss_wp.o)
    0x080047d4   0x00000070   Code   RO          851    .text               c_w.l(strtol.o)
    0x08004844   0x00000016   Code   RO          853    .text               c_w.l(abort.o)
    0x0800485a   0x00000014   Code   RO          855    .text               c_w.l(assert_puts.o)
    0x0800486e   0x00000002   PAD
    0x08004870   0x00000044   Code   RO          857    .text               c_w.l(strtok_int.o)
    0x080048b4   0x0000004e   Code   RO          859    .text               c_w.l(rt_memclr_w.o)
    0x08004902   0x0000000e   Code   RO          874    .text               c_w.l(sys_wrch.o)
    0x08004910   0x0000000c   Code   RO          876    .text               c_w.l(sys_exit.o)
    0x0800491c   0x00000008   Code   RO          878    .text               c_w.l(libspace.o)
    0x08004924   0x00000010   Code   RO          898    .text               c_w.l(rt_ctype_table.o)
    0x08004934   0x00000008   Code   RO          903    .text               c_w.l(rt_heap_descriptor_intlibspace.o)
    0x0800493c   0x00000004   Code   RO          905    .text               c_w.l(hguard.o)
    0x08004940   0x0000008a   Code   RO          907    .text               c_w.l(init_alloc.o)
    0x080049ca   0x0000000e   Code   RO          913    .text               c_w.l(h1_init.o)
    0x080049d8   0x0000004e   Code   RO          915    .text               c_w.l(h1_free.o)
    0x08004a26   0x0000008a   Code   RO          931    .text               c_w.l(lludiv10.o)
    0x08004ab0   0x000000b2   Code   RO          933    .text               c_w.l(_printf_intcommon.o)
    0x08004b62   0x0000041a   Code   RO          935    .text               c_w.l(_printf_fp_dec.o)
    0x08004f7c   0x000002fc   Code   RO          937    .text               c_w.l(_printf_fp_hex.o)
    0x08005278   0x0000002c   Code   RO          942    .text               c_w.l(_printf_char.o)
    0x080052a4   0x0000002c   Code   RO          944    .text               c_w.l(_printf_wchar.o)
    0x080052d0   0x0000009e   Code   RO          947    .text               c_w.l(_strtoul.o)
    0x0800536e   0x00000040   Code   RO          949    .text               c_w.l(_wcrtomb.o)
    0x080053ae   0x0000000e   Code   RO          951    .text               c_w.l(defsig_abrt_outer.o)
    0x080053bc   0x00000020   Code   RO          955    .text               c_w.l(strcspn.o)
    0x080053dc   0x0000001c   Code   RO          957    .text               c_w.l(strspn.o)
    0x080053f8   0x00000002   Code   RO         1010    .text               c_w.l(use_no_semi.o)
    0x080053fa   0x00000000   Code   RO         1012    .text               c_w.l(indicate_semi.o)
    0x080053fa   0x0000004a   Code   RO         1013    .text               c_w.l(sys_stackheap_outer.o)
    0x08005444   0x00000008   Code   RO         1020    .text               c_w.l(rt_locale_intlibspace.o)
    0x0800544c   0x00000034   Code   RO         1026    .text               c_w.l(h1_extend.o)
    0x08005480   0x00000080   Code   RO         1030    .text               c_w.l(_printf_fp_infnan.o)
    0x08005500   0x0000001c   Code   RO         1032    .text               c_w.l(_chval.o)
    0x0800551c   0x000000dc   Code   RO         1034    .text               c_w.l(bigflt0.o)
    0x080055f8   0x00000012   Code   RO         1065    .text               c_w.l(exit.o)
    0x0800560a   0x0000000a   Code   RO         1067    .text               c_w.l(defsig_exit.o)
    0x08005614   0x00000030   Code   RO         1069    .text               c_w.l(defsig_abrt_inner.o)
    0x08005644   0x0000000e   Code   RO         1071    .text               c_w.l(defsig_rtmem_outer.o)
    0x08005652   0x00000032   Code   RO         1098    .text               c_w.l(defsig_general.o)
    0x08005684   0x00000050   Code   RO         1100    .text               c_w.l(defsig_rtmem_inner.o)
    0x080056d4   0x00000080   Code   RO         1102    .text               c_w.l(strcmpv7m.o)
    0x08005754   0x0000003e   Code   RO         1037    CL$$btod_d2e        c_w.l(btod.o)
    0x08005792   0x00000046   Code   RO         1039    CL$$btod_d2e_denorm_low  c_w.l(btod.o)
    0x080057d8   0x00000060   Code   RO         1038    CL$$btod_d2e_norm_op1  c_w.l(btod.o)
    0x08005838   0x00000338   Code   RO         1047    CL$$btod_div_common  c_w.l(btod.o)
    0x08005b70   0x000000c6   Code   RO         1044    CL$$btod_e2e        c_w.l(btod.o)
    0x08005c36   0x00000028   Code   RO         1041    CL$$btod_ediv       c_w.l(btod.o)
    0x08005c5e   0x00000028   Code   RO         1040    CL$$btod_emul       c_w.l(btod.o)
    0x08005c86   0x00000244   Code   RO         1046    CL$$btod_mult_common  c_w.l(btod.o)
    0x08005eca   0x00000028   Code   RO         1090    i.__ARM_fpclassify  m_ws.l(fpclassify.o)
    0x08005ef2   0x0000000e   Code   RO          818    i._is_digit         c_w.l(__printf_wp.o)
    0x08005f00   0x0000002c   Code   RO         1060    locale$$code        c_w.l(lc_ctype_c.o)
    0x08005f2c   0x0000002c   Code   RO         1063    locale$$code        c_w.l(lc_numeric_c.o)
    0x08005f58   0x00000184   Code   RO          685    x$fpl$fdiv          fz_ws.l(fdiv.o)
    0x080060dc   0x0000003e   Code   RO          688    x$fpl$ffixu         fz_ws.l(ffixu.o)
    0x0800611a   0x00000002   PAD
    0x0800611c   0x00000026   Code   RO          692    x$fpl$ffltu         fz_ws.l(fflt_clz.o)
    0x08006142   0x0000008c   Code   RO          861    x$fpl$fnaninf       fz_ws.l(fnaninf.o)
    0x080061ce   0x0000000a   Code   RO          863    x$fpl$fretinf       fz_ws.l(fretinf.o)
    0x080061d8   0x00000004   Code   RO          865    x$fpl$printf1       fz_ws.l(printf1.o)
    0x080061dc   0x00000004   Code   RO          867    x$fpl$printf2       fz_ws.l(printf2.o)
    0x080061e0   0x00000000   Code   RO          873    x$fpl$usenofp       fz_ws.l(usenofp.o)
    0x080061e0   0x00000036   Data   RO          589    .constdata          uart.o
    0x08006216   0x00000002   PAD
    0x08006218   0x00000008   Data   RO          777    .constdata          c_w.l(_printf_wctomb.o)
    0x08006220   0x00000028   Data   RO          806    .constdata          c_w.l(_printf_hex_int_ll_ptr.o)
    0x08006248   0x00000011   Data   RO          826    .constdata          c_w.l(__printf_flags_ss_wp.o)
    0x08006259   0x00000026   Data   RO          938    .constdata          c_w.l(_printf_fp_hex.o)
    0x0800627f   0x00000001   PAD
    0x08006280   0x00000094   Data   RO         1035    .constdata          c_w.l(bigflt0.o)
    0x08006314   0x00000020   Data   RO         1154    Region$$Table       anon$$obj.o
    0x08006334   0x00000110   Data   RO         1059    locale$$data        c_w.l(lc_ctype_c.o)
    0x08006444   0x0000001c   Data   RO         1062    locale$$data        c_w.l(lc_numeric_c.o)


    Execution Region RW_IRAM1 (Base: 0x20000000, Size: 0x000033c0, Max: 0x00005000, ABSOLUTE, COMPRESSED[0x00000700])

    Base Addr    Size         Type   Attr      Idx    E Section Name        Object

    0x20000000   0x00000014   Data   RW          288    .data               stm32f10x_rcc.o
    0x20000014   0x00000014   Data   RW          386    .data               system_stm32f10x.o
    0x20000028   0x00000002   Data   RW          423    .data               ticks.o
    0x2000002a   0x0000100b   Data   RW          446    .data               tft_display.o
    0x20001035   0x00000003   PAD
    0x20001038   0x00000035   Data   RW          590    .data               uart.o
    0x2000106d   0x00000003   PAD
    0x20001070   0x0000100c   Data   RW          626    .data               main.o
    0x2000207c   0x00000004   Data   RW          674    .data               c_w.l(strtok.o)
    0x20002080   0x00000898   Zero   RW          445    .bss                tft_display.o
    0x20002918   0x00000400   Zero   RW          474    .bss                linear_ccd.o
    0x20002d18   0x00000044   Zero   RW          507    .bss                adc.o
    0x20002d5c   0x00000060   Zero   RW          879    .bss                c_w.l(libspace.o)
    0x20002dbc   0x00000004   PAD
    0x20002dc0   0x00000200   Zero   RW            2    HEAP                startup_stm32f10x_md.o
    0x20002fc0   0x00000400   Zero   RW            1    STACK               startup_stm32f10x_md.o


==============================================================================

Image component sizes


      Code (inc. data)   RO Data    RW Data    ZI Data      Debug   Object Name

       328         20          0          0         68       1227   adc.o
        60          4          0          0          0        898   button.o
         0          0          0          0          0       4492   core_cm3.o
       480         18          0          0       1024       2908   linear_ccd.o
       352         40          0       4108          0       1711   main.o
       220         22          0          0          0     244717   misc.o
       324          8          0          0          0        995   motor.o
        64         26        236          0       1536        824   startup_stm32f10x_md.o
      1102         26          0          0          0      19957   stm32f10x_adc.o
       596          8          0          0          0       4282   stm32f10x_dma.o
       860         38          0          0          0       5653   stm32f10x_gpio.o
       932         36          0         20          0       8800   stm32f10x_rcc.o
       780         14          0          0          0       6534   stm32f10x_spi.o
      3610         88          0          0          0      43068   stm32f10x_tim.o
      1032         22          0          0          0       8376   stm32f10x_usart.o
       480         38          0         20          0       1759   system_stm32f10x.o
      3768        142          0       4107       2200      11646   tft_display.o
       194         12          0          2          0       1628   ticks.o
       692         78         54         53          0       4914   uart.o

    ----------------------------------------------------------------------
     15880        640        324       8316       4828     374389   Object Totals
         0          0         32          0          0          0   (incl. Generated)
         6          0          2          6          0          0   (incl. Padding)

    ----------------------------------------------------------------------

      Code (inc. data)   RO Data    RW Data    ZI Data      Debug   Library Member Name

       100          0          0          0          0          0   __dclz77c.o
         8          0          0          0          0         68   __main.o
       392          4         17          0          0         92   __printf_flags_ss_wp.o
        14          0          0          0          0         68   __printf_wp.o
         0          0          0          0          0          0   __rtentry.o
        12          0          0          0          0          0   __rtentry2.o
         6          0          0          0          0          0   __rtentry4.o
        52          8          0          0          0          0   __scatter.o
        28          0          0          0          0          0   __scatter_zi.o
        28          0          0          0          0         68   _chval.o
         6          0          0          0          0          0   _printf_a.o
         6          0          0          0          0          0   _printf_c.o
        44          0          0          0          0        108   _printf_char.o
        48          6          0          0          0         96   _printf_char_common.o
        40          0          0          0          0         68   _printf_charcount.o
         6          0          0          0          0          0   _printf_d.o
       120         16          0          0          0         92   _printf_dec.o
         6          0          0          0          0          0   _printf_e.o
         6          0          0          0          0          0   _printf_f.o
      1050          0          0          0          0        216   _printf_fp_dec.o
       764         10         38          0          0        100   _printf_fp_hex.o
       128         16          0          0          0         84   _printf_fp_infnan.o
         6          0          0          0          0          0   _printf_g.o
       148          4         40          0          0        160   _printf_hex_int_ll_ptr.o
         6          0          0          0          0          0   _printf_i.o
       178          0          0          0          0         88   _printf_intcommon.o
        10          0          0          0          0          0   _printf_l.o
         6          0          0          0          0          0   _printf_lc.o
        10          0          0          0          0          0   _printf_ll.o
         6          0          0          0          0          0   _printf_lld.o
         6          0          0          0          0          0   _printf_lli.o
         6          0          0          0          0          0   _printf_llo.o
         6          0          0          0          0          0   _printf_llu.o
         6          0          0          0          0          0   _printf_llx.o
       124         16          0          0          0         92   _printf_longlong_dec.o
         6          0          0          0          0          0   _printf_ls.o
         6          0          0          0          0          0   _printf_n.o
         6          0          0          0          0          0   _printf_o.o
       112          8          0          0          0        124   _printf_oct_int_ll.o
         6          0          0          0          0          0   _printf_p.o
        78          0          0          0          0        108   _printf_pad.o
         0          0          0          0          0          0   _printf_percent.o
         4          0          0          0          0          0   _printf_percent_end.o
         6          0          0          0          0          0   _printf_s.o
        82          0          0          0          0         80   _printf_str.o
        36          0          0          0          0         84   _printf_truncate.o
         6          0          0          0          0          0   _printf_u.o
        44          0          0          0          0        108   _printf_wchar.o
       188          6          8          0          0         92   _printf_wctomb.o
         6          0          0          0          0          0   _printf_x.o
        10          0          0          0          0         68   _sputc.o
       158          0          0          0          0         92   _strtoul.o
        64          0          0          0          0         92   _wcrtomb.o
        22          0          0          0          0         80   abort.o
       128         42          0          0          0         76   assert.o
        20          0          0          0          0         76   assert_puts.o
        26          0          0          0          0         80   atoi.o
       220          4        148          0          0         96   bigflt0.o
      1910        128          0          0          0        672   btod.o
        40          0          0          0          0         80   calloc.o
        48         34          0          0          0         76   defsig_abrt_inner.o
        14          0          0          0          0         80   defsig_abrt_outer.o
        10          0          0          0          0         68   defsig_exit.o
        50          0          0          0          0         88   defsig_general.o
        80         58          0          0          0         76   defsig_rtmem_inner.o
        14          0          0          0          0         80   defsig_rtmem_outer.o
        18          0          0          0          0         80   exit.o
        94          0          0          0          0         80   h1_alloc.o
        52          0          0          0          0         68   h1_extend.o
        78          0          0          0          0         80   h1_free.o
        14          0          0          0          0         84   h1_init.o
         6          0          0          0          0        152   heapauxi.o
         4          0          0          0          0        136   hguard.o
         0          0          0          0          0          0   indicate_semi.o
       138          0          0          0          0        168   init_alloc.o
        44         10        272          0          0         76   lc_ctype_c.o
        44         10         28          0          0         76   lc_numeric_c.o
         2          0          0          0          0          0   libinit.o
        38          0          0          0          0          0   libinit2.o
         2          0          0          0          0          0   libshutdown.o
         2          0          0          0          0          0   libshutdown2.o
         8          4          0          0         96         68   libspace.o
       138          0          0          0          0         80   lludiv10.o
         0          0          0          0          0          0   maybetermalloc1.o
        16          4          0          0          0         76   rt_ctype_table.o
         8          4          0          0          0         68   rt_errno_addr_intlibspace.o
         8          4          0          0          0         68   rt_heap_descriptor_intlibspace.o
         8          4          0          0          0         68   rt_locale_intlibspace.o
        68          0          0          0          0         68   rt_memclr.o
        78          0          0          0          0         80   rt_memclr_w.o
         2          0          0          0          0          0   rtexit.o
        10          0          0          0          0          0   rtexit2.o
       128          0          0          0          0         68   strcmpv7m.o
        32          0          0          0          0         80   strcspn.o
        62          0          0          0          0         76   strlen.o
        28          0          0          0          0         80   strspn.o
        12          6          0          4          0         68   strtok.o
        68          4          0          0          0         84   strtok_int.o
       112          0          0          0          0         88   strtol.o
        12          4          0          0          0         68   sys_exit.o
        74          0          0          0          0         80   sys_stackheap_outer.o
        14          0          0          0          0         76   sys_wrch.o
         2          0          0          0          0         68   use_no_semi.o
        36          4          0          0          0         76   vsprintf.o
       388         76          0          0          0         96   fdiv.o
        62          4          0          0          0         84   ffixu.o
        38          0          0          0          0         68   fflt_clz.o
       140          4          0          0          0         84   fnaninf.o
        10          0          0          0          0         68   fretinf.o
         4          0          0          0          0         68   printf1.o
         4          0          0          0          0         68   printf2.o
         0          0          0          0          0          0   usenofp.o
        40          0          0          0          0         68   fpclassify.o

    ----------------------------------------------------------------------
      8940        502        552          4        100       6968   Library Totals
        12          0          1          0          4          0   (incl. Padding)

    ----------------------------------------------------------------------

      Code (inc. data)   RO Data    RW Data    ZI Data      Debug   Library Name

      8242        418        551          4         96       6364   c_w.l
       646         84          0          0          0        536   fz_ws.l
        40          0          0          0          0         68   m_ws.l

    ----------------------------------------------------------------------
      8940        502        552          4        100       6968   Library Totals

    ----------------------------------------------------------------------

==============================================================================


      Code (inc. data)   RO Data    RW Data    ZI Data      Debug   

     24820       1142        876       8320       4928     375269   Grand Totals
     24820       1142        876       1792       4928     375269   ELF Image Totals (compressed)
     24820       1142        876       1792          0          0   ROM Totals

==============================================================================

    Total RO  Size (Code + RO Data)                25696 (  25.09kB)
    Total RW  Size (RW Data + ZI Data)             13248 (  12.94kB)
    Total ROM Size (Code + RO Data + RW Data)      27488 (  26.84kB)

==============================================================================

