16:19:26 **** Build of configuration Debug for project xor-robot ****
make all 
Cannot run program "make": Launching failed

Error: Program "make" not found in PATH
PATH=[C:\Program Files (x86)\GNU Tools ARM Embedded\4.9 2015q3\arm-none-eabi\bin;C:/Program Files/Java/jre1.8.0_45/bin/server;C:/Program Files/Java/jre1.8.0_45/bin;C:/Program Files/Java/jre1.8.0_45/lib/amd64;C:\Python34\Lib\site-packages\PyQt5;C:\ProgramData\Oracle\Java\javapath;C:\Program Files (x86)\NVIDIA Corporation\PhysX\Common;C:\Program Files (x86)\Intel\iCLS Client\;C:\Program Files\Intel\iCLS Client\;C:\Windows\system32;C:\Windows;C:\Windows\System32\Wbem;C:\Windows\System32\WindowsPowerShell\v1.0\;C:\Program Files\Intel\Intel(R) Management Engine Components\DAL;C:\Program Files (x86)\Intel\Intel(R) Management Engine Components\DAL;C:\Program Files\Intel\Intel(R) Management Engine Components\IPT;C:\Program Files (x86)\Intel\Intel(R) Management Engine Components\IPT;C:\Program Files\Intel\WiFi\bin\;C:\Program Files\Common Files\Intel\WirelessCommon\;C:\Program Files (x86)\Git\cmd;C:\Program Files (x86)\Git\bin;C:\Program Files\nodejs\;C:\Program Files (x86)\Skype\Phone\;C:\Program Files (x86)\GNU Tools ARM Embedded\4.9 2015q3\bin;C:\Users\user\AppData\Local\.meteor\;C:\Users\user\AppData\Roaming\npm;E:\Eclipse C++]
16:28:33 **** Incremental Build of configuration Debug for project xor-robot ****
make all 
Cannot run program "make": Launching failed

Error: Program "make" not found in PATH
PATH=[C:\Program Files (x86)\GNU Tools ARM Embedded\4.9 2015q3\arm-none-eabi\bin;C:/Program Files/Java/jre1.8.0_45/bin/server;C:/Program Files/Java/jre1.8.0_45/bin;C:/Program Files/Java/jre1.8.0_45/lib/amd64;C:\Python34\Lib\site-packages\PyQt5;C:\ProgramData\Oracle\Java\javapath;C:\Program Files (x86)\NVIDIA Corporation\PhysX\Common;C:\Program Files (x86)\Intel\iCLS Client\;C:\Program Files\Intel\iCLS Client\;C:\Windows\system32;C:\Windows;C:\Windows\System32\Wbem;C:\Windows\System32\WindowsPowerShell\v1.0\;C:\Program Files\Intel\Intel(R) Management Engine Components\DAL;C:\Program Files (x86)\Intel\Intel(R) Management Engine Components\DAL;C:\Program Files\Intel\Intel(R) Management Engine Components\IPT;C:\Program Files (x86)\Intel\Intel(R) Management Engine Components\IPT;C:\Program Files\Intel\WiFi\bin\;C:\Program Files\Common Files\Intel\WirelessCommon\;C:\Program Files (x86)\Git\cmd;C:\Program Files (x86)\Git\bin;C:\Program Files\nodejs\;C:\Program Files (x86)\Skype\Phone\;C:\Program Files (x86)\GNU Tools ARM Embedded\4.9 2015q3\bin;C:\MinGW\bin;C:\Users\user\AppData\Local\.meteor\;C:\Users\user\AppData\Roaming\npm;E:\Eclipse C++]
18:14:38 **** Incremental Build of configuration Debug for project xor-robot ****
make all 
Building file: ../system/src/stm32f1-stdperiph/misc.c
Invoking: Cross ARM C Compiler
arm-none-eabi-gcc -mcpu=cortex-m3 -mthumb -Og -fmessage-length=0 -fsigned-char -ffunction-sections -fdata-sections -ffreestanding -fno-move-loop-invariants -Wall -Wextra  -g3 -DDEBUG -DUSE_FULL_ASSERT -DTRACE -DOS_USE_TRACE_SEMIHOSTING_STDOUT -DSTM32F10X_MD -DUSE_STDPERIPH_DRIVER -DHSE_VALUE=72000000 -I"../include" -I"../system/include" -I"../system/include/cmsis" -I"../system/include/stm32f1-stdperiph" -std=gnu11 -MMD -MP -MF"system/src/stm32f1-stdperiph/misc.d" -MT"system/src/stm32f1-stdperiph/misc.o" -c -o "system/src/stm32f1-stdperiph/misc.o" "../system/src/stm32f1-stdperiph/misc.c"
Finished building: ../system/src/stm32f1-stdperiph/misc.c
 
Building file: ../system/src/stm32f1-stdperiph/stm32f10x_gpio.c
Invoking: Cross ARM C Compiler
arm-none-eabi-gcc -mcpu=cortex-m3 -mthumb -Og -fmessage-length=0 -fsigned-char -ffunction-sections -fdata-sections -ffreestanding -fno-move-loop-invariants -Wall -Wextra  -g3 -DDEBUG -DUSE_FULL_ASSERT -DTRACE -DOS_USE_TRACE_SEMIHOSTING_STDOUT -DSTM32F10X_MD -DUSE_STDPERIPH_DRIVER -DHSE_VALUE=72000000 -I"../include" -I"../system/include" -I"../system/include/cmsis" -I"../system/include/stm32f1-stdperiph" -std=gnu11 -MMD -MP -MF"system/src/stm32f1-stdperiph/stm32f10x_gpio.d" -MT"system/src/stm32f1-stdperiph/stm32f10x_gpio.o" -c -o "system/src/stm32f1-stdperiph/stm32f10x_gpio.o" "../system/src/stm32f1-stdperiph/stm32f10x_gpio.c"
Finished building: ../system/src/stm32f1-stdperiph/stm32f10x_gpio.c
 
Building file: ../system/src/stm32f1-stdperiph/stm32f10x_rcc.c
Invoking: Cross ARM C Compiler
arm-none-eabi-gcc -mcpu=cortex-m3 -mthumb -Og -fmessage-length=0 -fsigned-char -ffunction-sections -fdata-sections -ffreestanding -fno-move-loop-invariants -Wall -Wextra  -g3 -DDEBUG -DUSE_FULL_ASSERT -DTRACE -DOS_USE_TRACE_SEMIHOSTING_STDOUT -DSTM32F10X_MD -DUSE_STDPERIPH_DRIVER -DHSE_VALUE=72000000 -I"../include" -I"../system/include" -I"../system/include/cmsis" -I"../system/include/stm32f1-stdperiph" -std=gnu11 -MMD -MP -MF"system/src/stm32f1-stdperiph/stm32f10x_rcc.d" -MT"system/src/stm32f1-stdperiph/stm32f10x_rcc.o" -c -o "system/src/stm32f1-stdperiph/stm32f10x_rcc.o" "../system/src/stm32f1-stdperiph/stm32f10x_rcc.c"
Finished building: ../system/src/stm32f1-stdperiph/stm32f10x_rcc.c
 
Building file: ../system/src/newlib/_cxx.cpp
Invoking: Cross ARM C++ Compiler
arm-none-eabi-g++ -mcpu=cortex-m3 -mthumb -Og -fmessage-length=0 -fsigned-char -ffunction-sections -fdata-sections -ffreestanding -fno-move-loop-invariants -Wall -Wextra  -g3 -DDEBUG -DUSE_FULL_ASSERT -DTRACE -DOS_USE_TRACE_SEMIHOSTING_STDOUT -DSTM32F10X_MD -DUSE_STDPERIPH_DRIVER -DHSE_VALUE=72000000 -I"../include" -I"../system/include" -I"../system/include/cmsis" -I"../system/include/stm32f1-stdperiph" -std=gnu++11 -fabi-version=0 -fno-exceptions -fno-rtti -fno-use-cxa-atexit -fno-threadsafe-statics -MMD -MP -MF"system/src/newlib/_cxx.d" -MT"system/src/newlib/_cxx.o" -c -o "system/src/newlib/_cxx.o" "../system/src/newlib/_cxx.cpp"
Finished building: ../system/src/newlib/_cxx.cpp
 
Building file: ../system/src/newlib/_exit.c
Invoking: Cross ARM C Compiler
arm-none-eabi-gcc -mcpu=cortex-m3 -mthumb -Og -fmessage-length=0 -fsigned-char -ffunction-sections -fdata-sections -ffreestanding -fno-move-loop-invariants -Wall -Wextra  -g3 -DDEBUG -DUSE_FULL_ASSERT -DTRACE -DOS_USE_TRACE_SEMIHOSTING_STDOUT -DSTM32F10X_MD -DUSE_STDPERIPH_DRIVER -DHSE_VALUE=72000000 -I"../include" -I"../system/include" -I"../system/include/cmsis" -I"../system/include/stm32f1-stdperiph" -std=gnu11 -MMD -MP -MF"system/src/newlib/_exit.d" -MT"system/src/newlib/_exit.o" -c -o "system/src/newlib/_exit.o" "../system/src/newlib/_exit.c"
Finished building: ../system/src/newlib/_exit.c
 
Building file: ../system/src/newlib/_sbrk.c
Invoking: Cross ARM C Compiler
arm-none-eabi-gcc -mcpu=cortex-m3 -mthumb -Og -fmessage-length=0 -fsigned-char -ffunction-sections -fdata-sections -ffreestanding -fno-move-loop-invariants -Wall -Wextra  -g3 -DDEBUG -DUSE_FULL_ASSERT -DTRACE -DOS_USE_TRACE_SEMIHOSTING_STDOUT -DSTM32F10X_MD -DUSE_STDPERIPH_DRIVER -DHSE_VALUE=72000000 -I"../include" -I"../system/include" -I"../system/include/cmsis" -I"../system/include/stm32f1-stdperiph" -std=gnu11 -MMD -MP -MF"system/src/newlib/_sbrk.d" -MT"system/src/newlib/_sbrk.o" -c -o "system/src/newlib/_sbrk.o" "../system/src/newlib/_sbrk.c"
Finished building: ../system/src/newlib/_sbrk.c
 
Building file: ../system/src/newlib/_startup.c
Invoking: Cross ARM C Compiler
arm-none-eabi-gcc -mcpu=cortex-m3 -mthumb -Og -fmessage-length=0 -fsigned-char -ffunction-sections -fdata-sections -ffreestanding -fno-move-loop-invariants -Wall -Wextra  -g3 -DDEBUG -DUSE_FULL_ASSERT -DTRACE -DOS_USE_TRACE_SEMIHOSTING_STDOUT -DSTM32F10X_MD -DUSE_STDPERIPH_DRIVER -DHSE_VALUE=72000000 -I"../include" -I"../system/include" -I"../system/include/cmsis" -I"../system/include/stm32f1-stdperiph" -std=gnu11 -MMD -MP -MF"system/src/newlib/_startup.d" -MT"system/src/newlib/_startup.o" -c -o "system/src/newlib/_startup.o" "../system/src/newlib/_startup.c"
Finished building: ../system/src/newlib/_startup.c
 
Building file: ../system/src/newlib/_syscalls.c
Invoking: Cross ARM C Compiler
arm-none-eabi-gcc -mcpu=cortex-m3 -mthumb -Og -fmessage-length=0 -fsigned-char -ffunction-sections -fdata-sections -ffreestanding -fno-move-loop-invariants -Wall -Wextra  -g3 -DDEBUG -DUSE_FULL_ASSERT -DTRACE -DOS_USE_TRACE_SEMIHOSTING_STDOUT -DSTM32F10X_MD -DUSE_STDPERIPH_DRIVER -DHSE_VALUE=72000000 -I"../include" -I"../system/include" -I"../system/include/cmsis" -I"../system/include/stm32f1-stdperiph" -std=gnu11 -MMD -MP -MF"system/src/newlib/_syscalls.d" -MT"system/src/newlib/_syscalls.o" -c -o "system/src/newlib/_syscalls.o" "../system/src/newlib/_syscalls.c"
Finished building: ../system/src/newlib/_syscalls.c
 
Building file: ../system/src/newlib/assert.c
Invoking: Cross ARM C Compiler
arm-none-eabi-gcc -mcpu=cortex-m3 -mthumb -Og -fmessage-length=0 -fsigned-char -ffunction-sections -fdata-sections -ffreestanding -fno-move-loop-invariants -Wall -Wextra  -g3 -DDEBUG -DUSE_FULL_ASSERT -DTRACE -DOS_USE_TRACE_SEMIHOSTING_STDOUT -DSTM32F10X_MD -DUSE_STDPERIPH_DRIVER -DHSE_VALUE=72000000 -I"../include" -I"../system/include" -I"../system/include/cmsis" -I"../system/include/stm32f1-stdperiph" -std=gnu11 -MMD -MP -MF"system/src/newlib/assert.d" -MT"system/src/newlib/assert.o" -c -o "system/src/newlib/assert.o" "../system/src/newlib/assert.c"
Finished building: ../system/src/newlib/assert.c
 
Building file: ../system/src/diag/Trace.c
Invoking: Cross ARM C Compiler
arm-none-eabi-gcc -mcpu=cortex-m3 -mthumb -Og -fmessage-length=0 -fsigned-char -ffunction-sections -fdata-sections -ffreestanding -fno-move-loop-invariants -Wall -Wextra  -g3 -DDEBUG -DUSE_FULL_ASSERT -DTRACE -DOS_USE_TRACE_SEMIHOSTING_STDOUT -DSTM32F10X_MD -DUSE_STDPERIPH_DRIVER -DHSE_VALUE=72000000 -I"../include" -I"../system/include" -I"../system/include/cmsis" -I"../system/include/stm32f1-stdperiph" -std=gnu11 -MMD -MP -MF"system/src/diag/Trace.d" -MT"system/src/diag/Trace.o" -c -o "system/src/diag/Trace.o" "../system/src/diag/Trace.c"
Finished building: ../system/src/diag/Trace.c
 
Building file: ../system/src/diag/trace_impl.c
Invoking: Cross ARM C Compiler
arm-none-eabi-gcc -mcpu=cortex-m3 -mthumb -Og -fmessage-length=0 -fsigned-char -ffunction-sections -fdata-sections -ffreestanding -fno-move-loop-invariants -Wall -Wextra  -g3 -DDEBUG -DUSE_FULL_ASSERT -DTRACE -DOS_USE_TRACE_SEMIHOSTING_STDOUT -DSTM32F10X_MD -DUSE_STDPERIPH_DRIVER -DHSE_VALUE=72000000 -I"../include" -I"../system/include" -I"../system/include/cmsis" -I"../system/include/stm32f1-stdperiph" -std=gnu11 -MMD -MP -MF"system/src/diag/trace_impl.d" -MT"system/src/diag/trace_impl.o" -c -o "system/src/diag/trace_impl.o" "../system/src/diag/trace_impl.c"
Finished building: ../system/src/diag/trace_impl.c
 
Building file: ../system/src/cortexm/_initialize_hardware.c
Invoking: Cross ARM C Compiler
arm-none-eabi-gcc -mcpu=cortex-m3 -mthumb -Og -fmessage-length=0 -fsigned-char -ffunction-sections -fdata-sections -ffreestanding -fno-move-loop-invariants -Wall -Wextra  -g3 -DDEBUG -DUSE_FULL_ASSERT -DTRACE -DOS_USE_TRACE_SEMIHOSTING_STDOUT -DSTM32F10X_MD -DUSE_STDPERIPH_DRIVER -DHSE_VALUE=72000000 -I"../include" -I"../system/include" -I"../system/include/cmsis" -I"../system/include/stm32f1-stdperiph" -std=gnu11 -MMD -MP -MF"system/src/cortexm/_initialize_hardware.d" -MT"system/src/cortexm/_initialize_hardware.o" -c -o "system/src/cortexm/_initialize_hardware.o" "../system/src/cortexm/_initialize_hardware.c"
Finished building: ../system/src/cortexm/_initialize_hardware.c
 
Building file: ../system/src/cortexm/_reset_hardware.c
Invoking: Cross ARM C Compiler
arm-none-eabi-gcc -mcpu=cortex-m3 -mthumb -Og -fmessage-length=0 -fsigned-char -ffunction-sections -fdata-sections -ffreestanding -fno-move-loop-invariants -Wall -Wextra  -g3 -DDEBUG -DUSE_FULL_ASSERT -DTRACE -DOS_USE_TRACE_SEMIHOSTING_STDOUT -DSTM32F10X_MD -DUSE_STDPERIPH_DRIVER -DHSE_VALUE=72000000 -I"../include" -I"../system/include" -I"../system/include/cmsis" -I"../system/include/stm32f1-stdperiph" -std=gnu11 -MMD -MP -MF"system/src/cortexm/_reset_hardware.d" -MT"system/src/cortexm/_reset_hardware.o" -c -o "system/src/cortexm/_reset_hardware.o" "../system/src/cortexm/_reset_hardware.c"
Finished building: ../system/src/cortexm/_reset_hardware.c
 
Building file: ../system/src/cortexm/exception_handlers.c
Invoking: Cross ARM C Compiler
arm-none-eabi-gcc -mcpu=cortex-m3 -mthumb -Og -fmessage-length=0 -fsigned-char -ffunction-sections -fdata-sections -ffreestanding -fno-move-loop-invariants -Wall -Wextra  -g3 -DDEBUG -DUSE_FULL_ASSERT -DTRACE -DOS_USE_TRACE_SEMIHOSTING_STDOUT -DSTM32F10X_MD -DUSE_STDPERIPH_DRIVER -DHSE_VALUE=72000000 -I"../include" -I"../system/include" -I"../system/include/cmsis" -I"../system/include/stm32f1-stdperiph" -std=gnu11 -MMD -MP -MF"system/src/cortexm/exception_handlers.d" -MT"system/src/cortexm/exception_handlers.o" -c -o "system/src/cortexm/exception_handlers.o" "../system/src/cortexm/exception_handlers.c"
Finished building: ../system/src/cortexm/exception_handlers.c
 
Building file: ../system/src/cmsis/system_stm32f10x.c
Invoking: Cross ARM C Compiler
arm-none-eabi-gcc -mcpu=cortex-m3 -mthumb -Og -fmessage-length=0 -fsigned-char -ffunction-sections -fdata-sections -ffreestanding -fno-move-loop-invariants -Wall -Wextra  -g3 -DDEBUG -DUSE_FULL_ASSERT -DTRACE -DOS_USE_TRACE_SEMIHOSTING_STDOUT -DSTM32F10X_MD -DUSE_STDPERIPH_DRIVER -DHSE_VALUE=72000000 -I"../include" -I"../system/include" -I"../system/include/cmsis" -I"../system/include/stm32f1-stdperiph" -std=gnu11 -MMD -MP -MF"system/src/cmsis/system_stm32f10x.d" -MT"system/src/cmsis/system_stm32f10x.o" -c -o "system/src/cmsis/system_stm32f10x.o" "../system/src/cmsis/system_stm32f10x.c"
Finished building: ../system/src/cmsis/system_stm32f10x.c
 
Building file: ../system/src/cmsis/vectors_stm32f10x.c
Invoking: Cross ARM C Compiler
arm-none-eabi-gcc -mcpu=cortex-m3 -mthumb -Og -fmessage-length=0 -fsigned-char -ffunction-sections -fdata-sections -ffreestanding -fno-move-loop-invariants -Wall -Wextra  -g3 -DDEBUG -DUSE_FULL_ASSERT -DTRACE -DOS_USE_TRACE_SEMIHOSTING_STDOUT -DSTM32F10X_MD -DUSE_STDPERIPH_DRIVER -DHSE_VALUE=72000000 -I"../include" -I"../system/include" -I"../system/include/cmsis" -I"../system/include/stm32f1-stdperiph" -std=gnu11 -MMD -MP -MF"system/src/cmsis/vectors_stm32f10x.d" -MT"system/src/cmsis/vectors_stm32f10x.o" -c -o "system/src/cmsis/vectors_stm32f10x.o" "../system/src/cmsis/vectors_stm32f10x.c"
Finished building: ../system/src/cmsis/vectors_stm32f10x.c
 
Building file: ../src/BlinkLed.c
Invoking: Cross ARM C Compiler
arm-none-eabi-gcc -mcpu=cortex-m3 -mthumb -Og -fmessage-length=0 -fsigned-char -ffunction-sections -fdata-sections -ffreestanding -fno-move-loop-invariants -Wall -Wextra  -g3 -DDEBUG -DUSE_FULL_ASSERT -DTRACE -DOS_USE_TRACE_SEMIHOSTING_STDOUT -DSTM32F10X_MD -DUSE_STDPERIPH_DRIVER -DHSE_VALUE=72000000 -I"../include" -I"../system/include" -I"../system/include/cmsis" -I"../system/include/stm32f1-stdperiph" -std=gnu11 -MMD -MP -MF"src/BlinkLed.d" -MT"src/BlinkLed.o" -c -o "src/BlinkLed.o" "../src/BlinkLed.c"
Finished building: ../src/BlinkLed.c
 
Building file: ../src/Timer.c
Invoking: Cross ARM C Compiler
arm-none-eabi-gcc -mcpu=cortex-m3 -mthumb -Og -fmessage-length=0 -fsigned-char -ffunction-sections -fdata-sections -ffreestanding -fno-move-loop-invariants -Wall -Wextra  -g3 -DDEBUG -DUSE_FULL_ASSERT -DTRACE -DOS_USE_TRACE_SEMIHOSTING_STDOUT -DSTM32F10X_MD -DUSE_STDPERIPH_DRIVER -DHSE_VALUE=72000000 -I"../include" -I"../system/include" -I"../system/include/cmsis" -I"../system/include/stm32f1-stdperiph" -std=gnu11 -MMD -MP -MF"src/Timer.d" -MT"src/Timer.o" -c -o "src/Timer.o" "../src/Timer.c"
Finished building: ../src/Timer.c
 
Building file: ../src/_write.c
Invoking: Cross ARM C Compiler
arm-none-eabi-gcc -mcpu=cortex-m3 -mthumb -Og -fmessage-length=0 -fsigned-char -ffunction-sections -fdata-sections -ffreestanding -fno-move-loop-invariants -Wall -Wextra  -g3 -DDEBUG -DUSE_FULL_ASSERT -DTRACE -DOS_USE_TRACE_SEMIHOSTING_STDOUT -DSTM32F10X_MD -DUSE_STDPERIPH_DRIVER -DHSE_VALUE=72000000 -I"../include" -I"../system/include" -I"../system/include/cmsis" -I"../system/include/stm32f1-stdperiph" -std=gnu11 -MMD -MP -MF"src/_write.d" -MT"src/_write.o" -c -o "src/_write.o" "../src/_write.c"
Finished building: ../src/_write.c
 
Building file: ../src/main.c
Invoking: Cross ARM C Compiler
arm-none-eabi-gcc -mcpu=cortex-m3 -mthumb -Og -fmessage-length=0 -fsigned-char -ffunction-sections -fdata-sections -ffreestanding -fno-move-loop-invariants -Wall -Wextra  -g3 -DDEBUG -DUSE_FULL_ASSERT -DTRACE -DOS_USE_TRACE_SEMIHOSTING_STDOUT -DSTM32F10X_MD -DUSE_STDPERIPH_DRIVER -DHSE_VALUE=72000000 -I"../include" -I"../system/include" -I"../system/include/cmsis" -I"../system/include/stm32f1-stdperiph" -std=gnu11 -MMD -MP -MF"src/main.d" -MT"src/main.o" -c -o "src/main.o" "../src/main.c"
Finished building: ../src/main.c
 
Building target: xor-robot.elf
Invoking: Cross ARM C++ Linker
arm-none-eabi-g++ -mcpu=cortex-m3 -mthumb -Og -fmessage-length=0 -fsigned-char -ffunction-sections -fdata-sections -ffreestanding -fno-move-loop-invariants -Wall -Wextra  -g3 -T mem.ld -T libs.ld -T sections.ld -nostartfiles -Xlinker --gc-sections -L"../ldscripts" -Wl,-Map,"xor-robot.map" --specs=nano.specs -o "xor-robot.elf"  ./system/src/stm32f1-stdperiph/misc.o ./system/src/stm32f1-stdperiph/stm32f10x_gpio.o ./system/src/stm32f1-stdperiph/stm32f10x_rcc.o  ./system/src/newlib/_cxx.o ./system/src/newlib/_exit.o ./system/src/newlib/_sbrk.o ./system/src/newlib/_startup.o ./system/src/newlib/_syscalls.o ./system/src/newlib/assert.o  ./system/src/diag/Trace.o ./system/src/diag/trace_impl.o  ./system/src/cortexm/_initialize_hardware.o ./system/src/cortexm/_reset_hardware.o ./system/src/cortexm/exception_handlers.o  ./system/src/cmsis/system_stm32f10x.o ./system/src/cmsis/vectors_stm32f10x.o  ./src/BlinkLed.o ./src/Timer.o ./src/_write.o ./src/main.o   
Finished building target: xor-robot.elf
 
Invoking: Cross ARM GNU Create Flash Image
arm-none-eabi-objcopy -O ihex "xor-robot.elf"  "xor-robot.hex"
Finished building: xor-robot.hex
 
Invoking: Cross ARM GNU Print Size
arm-none-eabi-size --format=berkeley "xor-robot.elf"
   text	   data	    bss	    dec	    hex	filename
   5796	    176	    420	   6392	   18f8	xor-robot.elf
Finished building: xor-robot.siz
 
18:16:54 **** Incremental Build of configuration Debug for project xor-robot ****
make all 
Invoking: Cross ARM GNU Print Size
arm-none-eabi-size --format=berkeley "xor-robot.elf"
   text	   data	    bss	    dec	    hex	filename
   5796	    176	    420	   6392	   18f8	xor-robot.elf
Finished building: xor-robot.siz
 
18:34:59 **** Incremental Build of configuration Debug for project xor-robot ****
make all 
Invoking: Cross ARM GNU Print Size
arm-none-eabi-size --format=berkeley "xor-robot.elf"
   text	   data	    bss	    dec	    hex	filename
   5796	    176	    420	   6392	   18f8	xor-robot.elf
Finished building: xor-robot.siz
 
18:35:44 **** Incremental Build of configuration Debug for project xor-robot ****
make all 
Building target: xor-robot.elf
Invoking: Cross ARM C++ Linker
arm-none-eabi-g++ -mcpu=cortex-m3 -mthumb -Og -fmessage-length=0 -fsigned-char -ffunction-sections -fdata-sections -ffreestanding -fno-move-loop-invariants -Wall -Wextra  -g3 -T mem.ld -T libs.ld -T sections.ld -nostartfiles -Xlinker --gc-sections -L"../ldscripts" -Wl,-Map,"xor-robot.map" --specs=nano.specs -o "xor-robot.elf"  ./system/src/stm32f1-stdperiph/misc.o ./system/src/stm32f1-stdperiph/stm32f10x_gpio.o ./system/src/stm32f1-stdperiph/stm32f10x_rcc.o  ./system/src/newlib/_cxx.o ./system/src/newlib/_exit.o ./system/src/newlib/_sbrk.o ./system/src/newlib/_startup.o ./system/src/newlib/_syscalls.o ./system/src/newlib/assert.o  ./system/src/diag/Trace.o ./system/src/diag/trace_impl.o  ./system/src/cortexm/_initialize_hardware.o ./system/src/cortexm/_reset_hardware.o ./system/src/cortexm/exception_handlers.o  ./system/src/cmsis/system_stm32f10x.o ./system/src/cmsis/vectors_stm32f10x.o  ./src/BlinkLed.o ./src/Timer.o ./src/_write.o ./src/main.o   
Finished building target: xor-robot.elf
 
Invoking: Cross ARM GNU Create Flash Image
arm-none-eabi-objcopy -O ihex "xor-robot.elf"  "xor-robot.hex"
Finished building: xor-robot.hex
 
Invoking: Cross ARM GNU Print Size
arm-none-eabi-size --format=berkeley "xor-robot.elf"
   text	   data	    bss	    dec	    hex	filename
   5796	    176	    420	   6392	   18f8	xor-robot.elf
Finished building: xor-robot.siz
 
18:35:57 **** Incremental Build of configuration Debug for project xor-robot ****
make all 
Invoking: Cross ARM GNU Print Size
arm-none-eabi-size --format=berkeley "xor-robot.elf"
   text	   data	    bss	    dec	    hex	filename
   5796	    176	    420	   6392	   18f8	xor-robot.elf
Finished building: xor-robot.siz
 
18:37:36 **** Incremental Build of configuration Debug for project xor-robot ****
make all 
Invoking: Cross ARM GNU Print Size
arm-none-eabi-size --format=berkeley "xor-robot.elf"
   text	   data	    bss	    dec	    hex	filename
   5796	    176	    420	   6392	   18f8	xor-robot.elf
Finished building: xor-robot.siz
 
18:37:58 **** Incremental Build of configuration Debug for project xor-robot ****
make all 
Invoking: Cross ARM GNU Print Size
arm-none-eabi-size --format=berkeley "xor-robot.elf"
   text	   data	    bss	    dec	    hex	filename
   5796	    176	    420	   6392	   18f8	xor-robot.elf
Finished building: xor-robot.siz
 
18:38:27 **** Incremental Build of configuration Debug for project xor-robot ****
make all 
Invoking: Cross ARM GNU Print Size
arm-none-eabi-size --format=berkeley "xor-robot.elf"
   text	   data	    bss	    dec	    hex	filename
   5796	    176	    420	   6392	   18f8	xor-robot.elf
Finished building: xor-robot.siz
 
18:41:17 **** Incremental Build of configuration Debug for project xor-robot ****
make all 
Building file: ../src/robotics_lib/GPIO_switch.c
Invoking: Cross ARM C Compiler
arm-none-eabi-gcc -mcpu=cortex-m3 -mthumb -Og -fmessage-length=0 -fsigned-char -ffunction-sections -fdata-sections -ffreestanding -fno-move-loop-invariants -Wall -Wextra  -g3 -DDEBUG -DUSE_FULL_ASSERT -DTRACE -DOS_USE_TRACE_SEMIHOSTING_STDOUT -DSTM32F10X_MD -DUSE_STDPERIPH_DRIVER -DHSE_VALUE=72000000 -I"../include" -I"../system/include" -I"../system/include/cmsis" -I"../system/include/stm32f1-stdperiph" -std=gnu11 -MMD -MP -MF"src/robotics_lib/GPIO_switch.d" -MT"src/robotics_lib/GPIO_switch.o" -c -o "src/robotics_lib/GPIO_switch.o" "../src/robotics_lib/GPIO_switch.c"
In file included from ../include/GPIO_switch.h:3:0,
                 from ../src/robotics_lib/GPIO_switch.c:1:
../include/tft_display.h:6:27: fatal error: 1.8 TFT_ascii.h: No such file or directory
 #include "1.8 TFT_ascii.h"
                           ^
compilation terminated.
src/robotics_lib/subdir.mk:60: recipe for target 'src/robotics_lib/GPIO_switch.o' failed
make: *** [src/robotics_lib/GPIO_switch.o] Error 1
18:41:31 **** Incremental Build of configuration Debug for project xor-robot ****
make all 
Building file: ../src/robotics_lib/GPIO_switch.c
Invoking: Cross ARM C Compiler
arm-none-eabi-gcc -mcpu=cortex-m3 -mthumb -Og -fmessage-length=0 -fsigned-char -ffunction-sections -fdata-sections -ffreestanding -fno-move-loop-invariants -Wall -Wextra  -g3 -DDEBUG -DUSE_FULL_ASSERT -DTRACE -DOS_USE_TRACE_SEMIHOSTING_STDOUT -DSTM32F10X_MD -DUSE_STDPERIPH_DRIVER -DHSE_VALUE=72000000 -I"../include" -I"../system/include" -I"../system/include/cmsis" -I"../system/include/stm32f1-stdperiph" -std=gnu11 -MMD -MP -MF"src/robotics_lib/GPIO_switch.d" -MT"src/robotics_lib/GPIO_switch.o" -c -o "src/robotics_lib/GPIO_switch.o" "../src/robotics_lib/GPIO_switch.c"
In file included from ../include/tft_display.h:6:0,
                 from ../include/GPIO_switch.h:3,
                 from ../src/robotics_lib/GPIO_switch.c:1:
../include/1.8 TFT_ascii.h:13:11: warning: 'ascii_8x16' defined but not used [-Wunused-variable]
 static u8 ascii_8x16[] = {
           ^
Finished building: ../src/robotics_lib/GPIO_switch.c
 
Building file: ../src/robotics_lib/LEDs.c
Invoking: Cross ARM C Compiler
arm-none-eabi-gcc -mcpu=cortex-m3 -mthumb -Og -fmessage-length=0 -fsigned-char -ffunction-sections -fdata-sections -ffreestanding -fno-move-loop-invariants -Wall -Wextra  -g3 -DDEBUG -DUSE_FULL_ASSERT -DTRACE -DOS_USE_TRACE_SEMIHOSTING_STDOUT -DSTM32F10X_MD -DUSE_STDPERIPH_DRIVER -DHSE_VALUE=72000000 -I"../include" -I"../system/include" -I"../system/include/cmsis" -I"../system/include/stm32f1-stdperiph" -std=gnu11 -MMD -MP -MF"src/robotics_lib/LEDs.d" -MT"src/robotics_lib/LEDs.o" -c -o "src/robotics_lib/LEDs.o" "../src/robotics_lib/LEDs.c"
Finished building: ../src/robotics_lib/LEDs.c
 
Building file: ../src/robotics_lib/adc.c
Invoking: Cross ARM C Compiler
arm-none-eabi-gcc -mcpu=cortex-m3 -mthumb -Og -fmessage-length=0 -fsigned-char -ffunction-sections -fdata-sections -ffreestanding -fno-move-loop-invariants -Wall -Wextra  -g3 -DDEBUG -DUSE_FULL_ASSERT -DTRACE -DOS_USE_TRACE_SEMIHOSTING_STDOUT -DSTM32F10X_MD -DUSE_STDPERIPH_DRIVER -DHSE_VALUE=72000000 -I"../include" -I"../system/include" -I"../system/include/cmsis" -I"../system/include/stm32f1-stdperiph" -std=gnu11 -MMD -MP -MF"src/robotics_lib/adc.d" -MT"src/robotics_lib/adc.o" -c -o "src/robotics_lib/adc.o" "../src/robotics_lib/adc.c"
Finished building: ../src/robotics_lib/adc.c
 
Building file: ../src/robotics_lib/button.c
Invoking: Cross ARM C Compiler
arm-none-eabi-gcc -mcpu=cortex-m3 -mthumb -Og -fmessage-length=0 -fsigned-char -ffunction-sections -fdata-sections -ffreestanding -fno-move-loop-invariants -Wall -Wextra  -g3 -DDEBUG -DUSE_FULL_ASSERT -DTRACE -DOS_USE_TRACE_SEMIHOSTING_STDOUT -DSTM32F10X_MD -DUSE_STDPERIPH_DRIVER -DHSE_VALUE=72000000 -I"../include" -I"../system/include" -I"../system/include/cmsis" -I"../system/include/stm32f1-stdperiph" -std=gnu11 -MMD -MP -MF"src/robotics_lib/button.d" -MT"src/robotics_lib/button.o" -c -o "src/robotics_lib/button.o" "../src/robotics_lib/button.c"
Finished building: ../src/robotics_lib/button.c
 
Building file: ../src/robotics_lib/buzzer.c
Invoking: Cross ARM C Compiler
arm-none-eabi-gcc -mcpu=cortex-m3 -mthumb -Og -fmessage-length=0 -fsigned-char -ffunction-sections -fdata-sections -ffreestanding -fno-move-loop-invariants -Wall -Wextra  -g3 -DDEBUG -DUSE_FULL_ASSERT -DTRACE -DOS_USE_TRACE_SEMIHOSTING_STDOUT -DSTM32F10X_MD -DUSE_STDPERIPH_DRIVER -DHSE_VALUE=72000000 -I"../include" -I"../system/include" -I"../system/include/cmsis" -I"../system/include/stm32f1-stdperiph" -std=gnu11 -MMD -MP -MF"src/robotics_lib/buzzer.d" -MT"src/robotics_lib/buzzer.o" -c -o "src/robotics_lib/buzzer.o" "../src/robotics_lib/buzzer.c"
../src/robotics_lib/buzzer.c: In function 'buzzer_init':
../src/robotics_lib/buzzer.c:63:20: warning: unused variable 'GPIO_InitStruct' [-Wunused-variable]
   GPIO_InitTypeDef GPIO_InitStruct;
                    ^
Finished building: ../src/robotics_lib/buzzer.c
 
Building file: ../src/robotics_lib/buzzer_song.c
Invoking: Cross ARM C Compiler
arm-none-eabi-gcc -mcpu=cortex-m3 -mthumb -Og -fmessage-length=0 -fsigned-char -ffunction-sections -fdata-sections -ffreestanding -fno-move-loop-invariants -Wall -Wextra  -g3 -DDEBUG -DUSE_FULL_ASSERT -DTRACE -DOS_USE_TRACE_SEMIHOSTING_STDOUT -DSTM32F10X_MD -DUSE_STDPERIPH_DRIVER -DHSE_VALUE=72000000 -I"../include" -I"../system/include" -I"../system/include/cmsis" -I"../system/include/stm32f1-stdperiph" -std=gnu11 -MMD -MP -MF"src/robotics_lib/buzzer_song.d" -MT"src/robotics_lib/buzzer_song.o" -c -o "src/robotics_lib/buzzer_song.o" "../src/robotics_lib/buzzer_song.c"
../src/robotics_lib/buzzer_song.c:3:1: warning: missing initializer for field 'octave' of 'MUSIC_NOTE' [-Wmissing-field-initializers]
 const MUSIC_NOTE START_UP[] = {{NOTE_G,6},{NOTE_B,6},{NOTE_D,7},{NOTE_G,7},{NOTE_G,7},{NOTE_END}};
 ^
In file included from ../include/buzzer_song.h:4:0,
                 from ../src/robotics_lib/buzzer_song.c:1:
../include/buzzer.h:57:5: note: 'octave' declared here
  u8 octave;
     ^
../src/robotics_lib/buzzer_song.c:4:1: warning: missing initializer for field 'octave' of 'MUSIC_NOTE' [-Wmissing-field-initializers]
 const MUSIC_NOTE START_UP2[] = {{NOTE_B,6},{NOTE_D,7},{NOTE_G,7},{NOTE_B,7},{NOTE_B,7},{NOTE_END}};
 ^
In file included from ../include/buzzer_song.h:4:0,
                 from ../src/robotics_lib/buzzer_song.c:1:
../include/buzzer.h:57:5: note: 'octave' declared here
  u8 octave;
     ^
../src/robotics_lib/buzzer_song.c:5:1: warning: missing initializer for field 'octave' of 'MUSIC_NOTE' [-Wmissing-field-initializers]
 const MUSIC_NOTE SUCCESSFUL_SOUND[] = {{NOTE_C,7}, {NOTE_D,7}, {NOTE_E,7}, {NOTE_END}};
 ^
In file included from ../include/buzzer_song.h:4:0,
                 from ../src/robotics_lib/buzzer_song.c:1:
../include/buzzer.h:57:5: note: 'octave' declared here
  u8 octave;
     ^
../src/robotics_lib/buzzer_song.c:6:1: warning: missing initializer for field 'octave' of 'MUSIC_NOTE' [-Wmissing-field-initializers]
 const MUSIC_NOTE FAIL_SOUND[] = {{NOTE_C, 4}, {NOTE_C, 4}, {NOTE_END}};
 ^
In file included from ../include/buzzer_song.h:4:0,
                 from ../src/robotics_lib/buzzer_song.c:1:
../include/buzzer.h:57:5: note: 'octave' declared here
  u8 octave;
     ^
../src/robotics_lib/buzzer_song.c:7:1: warning: missing initializer for field 'octave' of 'MUSIC_NOTE' [-Wmissing-field-initializers]
 const MUSIC_NOTE CLICK[] = {{NOTE_G, 7}, {NOTE_END}};
 ^
In file included from ../include/buzzer_song.h:4:0,
                 from ../src/robotics_lib/buzzer_song.c:1:
../include/buzzer.h:57:5: note: 'octave' declared here
  u8 octave;
     ^
../src/robotics_lib/buzzer_song.c:13:3: warning: missing initializer for field 'octave' of 'MUSIC_NOTE' [-Wmissing-field-initializers]
   {NOTE_G, 6}, {NOTE_G, 6},{NOTE_G, 6},{NOTE_END}
   ^
In file included from ../include/buzzer_song.h:4:0,
                 from ../src/robotics_lib/buzzer_song.c:1:
../include/buzzer.h:57:5: note: 'octave' declared here
  u8 octave;
     ^
../src/robotics_lib/buzzer_song.c:38:3: warning: missing initializer for field 'octave' of 'MUSIC_NOTE' [-Wmissing-field-initializers]
   {NOTE_END}
   ^
In file included from ../include/buzzer_song.h:4:0,
                 from ../src/robotics_lib/buzzer_song.c:1:
../include/buzzer.h:57:5: note: 'octave' declared here
  u8 octave;
     ^
../src/robotics_lib/buzzer_song.c:62:3: warning: missing initializer for field 'octave' of 'MUSIC_NOTE' [-Wmissing-field-initializers]
   {NOTE_END}
   ^
In file included from ../include/buzzer_song.h:4:0,
                 from ../src/robotics_lib/buzzer_song.c:1:
../include/buzzer.h:57:5: note: 'octave' declared here
  u8 octave;
     ^
../src/robotics_lib/buzzer_song.c:68:3: warning: missing initializer for field 'octave' of 'MUSIC_NOTE' [-Wmissing-field-initializers]
   {NOTE_C, 6}, {NOTE_C, 6},{NOTE_END}
   ^
In file included from ../include/buzzer_song.h:4:0,
                 from ../src/robotics_lib/buzzer_song.c:1:
../include/buzzer.h:57:5: note: 'octave' declared here
  u8 octave;
     ^
../src/robotics_lib/buzzer_song.c:98:2: warning: missing initializer for field 'octave' of 'MUSIC_NOTE' [-Wmissing-field-initializers]
  {NOTE_G,6},{NOTE_G,6},{NOTE_END}
  ^
In file included from ../include/buzzer_song.h:4:0,
                 from ../src/robotics_lib/buzzer_song.c:1:
../include/buzzer.h:57:5: note: 'octave' declared here
  u8 octave;
     ^
Finished building: ../src/robotics_lib/buzzer_song.c
 
Building file: ../src/robotics_lib/encoder.c
Invoking: Cross ARM C Compiler
arm-none-eabi-gcc -mcpu=cortex-m3 -mthumb -Og -fmessage-length=0 -fsigned-char -ffunction-sections -fdata-sections -ffreestanding -fno-move-loop-invariants -Wall -Wextra  -g3 -DDEBUG -DUSE_FULL_ASSERT -DTRACE -DOS_USE_TRACE_SEMIHOSTING_STDOUT -DSTM32F10X_MD -DUSE_STDPERIPH_DRIVER -DHSE_VALUE=72000000 -I"../include" -I"../system/include" -I"../system/include/cmsis" -I"../system/include/stm32f1-stdperiph" -std=gnu11 -MMD -MP -MF"src/robotics_lib/encoder.d" -MT"src/robotics_lib/encoder.o" -c -o "src/robotics_lib/encoder.o" "../src/robotics_lib/encoder.c"
../src/robotics_lib/encoder.c: In function 'getDistance':
../src/robotics_lib/encoder.c:65:33: warning: comparison between signed and unsigned integer expressions [-Wsign-compare]
  else if (prevCount - currCount < -ENCODER_MAX_CHANGE){
                                 ^
Finished building: ../src/robotics_lib/encoder.c
 
Building file: ../src/robotics_lib/linear_ccd.c
Invoking: Cross ARM C Compiler
arm-none-eabi-gcc -mcpu=cortex-m3 -mthumb -Og -fmessage-length=0 -fsigned-char -ffunction-sections -fdata-sections -ffreestanding -fno-move-loop-invariants -Wall -Wextra  -g3 -DDEBUG -DUSE_FULL_ASSERT -DTRACE -DOS_USE_TRACE_SEMIHOSTING_STDOUT -DSTM32F10X_MD -DUSE_STDPERIPH_DRIVER -DHSE_VALUE=72000000 -I"../include" -I"../system/include" -I"../system/include/cmsis" -I"../system/include/stm32f1-stdperiph" -std=gnu11 -MMD -MP -MF"src/robotics_lib/linear_ccd.d" -MT"src/robotics_lib/linear_ccd.o" -c -o "src/robotics_lib/linear_ccd.o" "../src/robotics_lib/linear_ccd.c"
In file included from ../include/tft_display.h:6:0,
                 from ../include/linear_ccd.h:4,
                 from ../src/robotics_lib/linear_ccd.c:1:
../include/1.8 TFT_ascii.h:13:11: warning: 'ascii_8x16' defined but not used [-Wunused-variable]
 static u8 ascii_8x16[] = {
           ^
../src/robotics_lib/linear_ccd.c: In function 'AO1':
../src/robotics_lib/linear_ccd.c:49:5: warning: 'temp' may be used uninitialized in this function [-Wmaybe-uninitialized]
 temp=(u32)(temp/get_times);
     ^
../src/robotics_lib/linear_ccd.c: In function 'AO2':
../src/robotics_lib/linear_ccd.c:59:5: warning: 'temp' may be used uninitialized in this function [-Wmaybe-uninitialized]
 temp=(u32)(temp/get_times);
     ^
Finished building: ../src/robotics_lib/linear_ccd.c
 
Building file: ../src/robotics_lib/motor.c
Invoking: Cross ARM C Compiler
arm-none-eabi-gcc -mcpu=cortex-m3 -mthumb -Og -fmessage-length=0 -fsigned-char -ffunction-sections -fdata-sections -ffreestanding -fno-move-loop-invariants -Wall -Wextra  -g3 -DDEBUG -DUSE_FULL_ASSERT -DTRACE -DOS_USE_TRACE_SEMIHOSTING_STDOUT -DSTM32F10X_MD -DUSE_STDPERIPH_DRIVER -DHSE_VALUE=72000000 -I"../include" -I"../system/include" -I"../system/include/cmsis" -I"../system/include/stm32f1-stdperiph" -std=gnu11 -MMD -MP -MF"src/robotics_lib/motor.d" -MT"src/robotics_lib/motor.o" -c -o "src/robotics_lib/motor.o" "../src/robotics_lib/motor.c"
Finished building: ../src/robotics_lib/motor.c
 
Building file: ../src/robotics_lib/motor_pwm_tutorial.c
Invoking: Cross ARM C Compiler
arm-none-eabi-gcc -mcpu=cortex-m3 -mthumb -Og -fmessage-length=0 -fsigned-char -ffunction-sections -fdata-sections -ffreestanding -fno-move-loop-invariants -Wall -Wextra  -g3 -DDEBUG -DUSE_FULL_ASSERT -DTRACE -DOS_USE_TRACE_SEMIHOSTING_STDOUT -DSTM32F10X_MD -DUSE_STDPERIPH_DRIVER -DHSE_VALUE=72000000 -I"../include" -I"../system/include" -I"../system/include/cmsis" -I"../system/include/stm32f1-stdperiph" -std=gnu11 -MMD -MP -MF"src/robotics_lib/motor_pwm_tutorial.d" -MT"src/robotics_lib/motor_pwm_tutorial.o" -c -o "src/robotics_lib/motor_pwm_tutorial.o" "../src/robotics_lib/motor_pwm_tutorial.c"
Finished building: ../src/robotics_lib/motor_pwm_tutorial.c
 
Building file: ../src/robotics_lib/pneumatic_control.c
Invoking: Cross ARM C Compiler
arm-none-eabi-gcc -mcpu=cortex-m3 -mthumb -Og -fmessage-length=0 -fsigned-char -ffunction-sections -fdata-sections -ffreestanding -fno-move-loop-invariants -Wall -Wextra  -g3 -DDEBUG -DUSE_FULL_ASSERT -DTRACE -DOS_USE_TRACE_SEMIHOSTING_STDOUT -DSTM32F10X_MD -DUSE_STDPERIPH_DRIVER -DHSE_VALUE=72000000 -I"../include" -I"../system/include" -I"../system/include/cmsis" -I"../system/include/stm32f1-stdperiph" -std=gnu11 -MMD -MP -MF"src/robotics_lib/pneumatic_control.d" -MT"src/robotics_lib/pneumatic_control.o" -c -o "src/robotics_lib/pneumatic_control.o" "../src/robotics_lib/pneumatic_control.c"
Finished building: ../src/robotics_lib/pneumatic_control.c
 
Building file: ../src/robotics_lib/servo_tutorial.c
Invoking: Cross ARM C Compiler
arm-none-eabi-gcc -mcpu=cortex-m3 -mthumb -Og -fmessage-length=0 -fsigned-char -ffunction-sections -fdata-sections -ffreestanding -fno-move-loop-invariants -Wall -Wextra  -g3 -DDEBUG -DUSE_FULL_ASSERT -DTRACE -DOS_USE_TRACE_SEMIHOSTING_STDOUT -DSTM32F10X_MD -DUSE_STDPERIPH_DRIVER -DHSE_VALUE=72000000 -I"../include" -I"../system/include" -I"../system/include/cmsis" -I"../system/include/stm32f1-stdperiph" -std=gnu11 -MMD -MP -MF"src/robotics_lib/servo_tutorial.d" -MT"src/robotics_lib/servo_tutorial.o" -c -o "src/robotics_lib/servo_tutorial.o" "../src/robotics_lib/servo_tutorial.c"
Finished building: ../src/robotics_lib/servo_tutorial.c
 
Building file: ../src/robotics_lib/tft_display.c
Invoking: Cross ARM C Compiler
arm-none-eabi-gcc -mcpu=cortex-m3 -mthumb -Og -fmessage-length=0 -fsigned-char -ffunction-sections -fdata-sections -ffreestanding -fno-move-loop-invariants -Wall -Wextra  -g3 -DDEBUG -DUSE_FULL_ASSERT -DTRACE -DOS_USE_TRACE_SEMIHOSTING_STDOUT -DSTM32F10X_MD -DUSE_STDPERIPH_DRIVER -DHSE_VALUE=72000000 -I"../include" -I"../system/include" -I"../system/include/cmsis" -I"../system/include/stm32f1-stdperiph" -std=gnu11 -MMD -MP -MF"src/robotics_lib/tft_display.d" -MT"src/robotics_lib/tft_display.o" -c -o "src/robotics_lib/tft_display.o" "../src/robotics_lib/tft_display.c"
Finished building: ../src/robotics_lib/tft_display.c
 
Building file: ../src/robotics_lib/ticks.c
Invoking: Cross ARM C Compiler
arm-none-eabi-gcc -mcpu=cortex-m3 -mthumb -Og -fmessage-length=0 -fsigned-char -ffunction-sections -fdata-sections -ffreestanding -fno-move-loop-invariants -Wall -Wextra  -g3 -DDEBUG -DUSE_FULL_ASSERT -DTRACE -DOS_USE_TRACE_SEMIHOSTING_STDOUT -DSTM32F10X_MD -DUSE_STDPERIPH_DRIVER -DHSE_VALUE=72000000 -I"../include" -I"../system/include" -I"../system/include/cmsis" -I"../system/include/stm32f1-stdperiph" -std=gnu11 -MMD -MP -MF"src/robotics_lib/ticks.d" -MT"src/robotics_lib/ticks.o" -c -o "src/robotics_lib/ticks.o" "../src/robotics_lib/ticks.c"
../src/robotics_lib/ticks.c:177:7: error: expected '(' before 'void'
 __asm void simple_delay10_us(){
       ^
../src/robotics_lib/ticks.c:178:11: error: stray '#' in program
  MOV  R0, #115
           ^
../src/robotics_lib/ticks.c:180:21: error: stray '#' in program
     SUB     R0, R0, #1
                     ^
../src/robotics_lib/ticks.c:181:17: error: stray '#' in program
     CMP     R0, #0
                 ^
src/robotics_lib/subdir.mk:60: recipe for target 'src/robotics_lib/ticks.o' failed
make: *** [src/robotics_lib/ticks.o] Error 1
18:42:16 **** Incremental Build of configuration Debug for project xor-robot ****
make all 
Building file: ../src/robotics_lib/ticks.c
Invoking: Cross ARM C Compiler
arm-none-eabi-gcc -mcpu=cortex-m3 -mthumb -Og -fmessage-length=0 -fsigned-char -ffunction-sections -fdata-sections -ffreestanding -fno-move-loop-invariants -Wall -Wextra  -g3 -DDEBUG -DUSE_FULL_ASSERT -DTRACE -DOS_USE_TRACE_SEMIHOSTING_STDOUT -DSTM32F10X_MD -DUSE_STDPERIPH_DRIVER -DHSE_VALUE=72000000 -I"../include" -I"../system/include" -I"../system/include/cmsis" -I"../system/include/stm32f1-stdperiph" -std=gnu11 -MMD -MP -MF"src/robotics_lib/ticks.d" -MT"src/robotics_lib/ticks.o" -c -o "src/robotics_lib/ticks.o" "../src/robotics_lib/ticks.c"
../src/robotics_lib/ticks.c:177:7: error: expected '(' before 'void'
 __asm void simple_delay10_us(){
       ^
../src/robotics_lib/ticks.c:178:11: error: stray '#' in program
  MOV  R0, #115
           ^
../src/robotics_lib/ticks.c:180:21: error: stray '#' in program
     SUB     R0, R0, #1
                     ^
../src/robotics_lib/ticks.c:181:17: error: stray '#' in program
     CMP     R0, #0
                 ^
src/robotics_lib/subdir.mk:57: recipe for target 'src/robotics_lib/ticks.o' failed
make: *** [src/robotics_lib/ticks.o] Error 1
18:42:55 **** Incremental Build of configuration Debug for project xor-robot ****
make all 
Building file: ../src/robotics_lib/ticks.c
Invoking: Cross ARM C Compiler
arm-none-eabi-gcc -mcpu=cortex-m3 -mthumb -Og -fmessage-length=0 -fsigned-char -ffunction-sections -fdata-sections -ffreestanding -fno-move-loop-invariants -Wall -Wextra  -g3 -DDEBUG -DUSE_FULL_ASSERT -DTRACE -DOS_USE_TRACE_SEMIHOSTING_STDOUT -DSTM32F10X_MD -DUSE_STDPERIPH_DRIVER -DHSE_VALUE=72000000 -I"../include" -I"../system/include" -I"../system/include/cmsis" -I"../system/include/stm32f1-stdperiph" -std=gnu11 -MMD -MP -MF"src/robotics_lib/ticks.d" -MT"src/robotics_lib/ticks.o" -c -o "src/robotics_lib/ticks.o" "../src/robotics_lib/ticks.c"
../src/robotics_lib/ticks.c:177:7: error: expected '(' before 'void'
 __asm void simple_delay10_us(){
       ^
../src/robotics_lib/ticks.c:178:11: error: stray '#' in program
  MOV  R0, #115
           ^
../src/robotics_lib/ticks.c:180:21: error: stray '#' in program
     SUB     R0, R0, #1
                     ^
../src/robotics_lib/ticks.c:181:17: error: stray '#' in program
     CMP     R0, #0
                 ^
src/robotics_lib/subdir.mk:57: recipe for target 'src/robotics_lib/ticks.o' failed
make: *** [src/robotics_lib/ticks.o] Error 1
18:45:19 **** Incremental Build of configuration Debug for project xor-robot ****
make all 
Building file: ../src/robotics_lib/ticks.c
Invoking: Cross ARM C Compiler
arm-none-eabi-gcc -mcpu=cortex-m3 -mthumb -Og -fmessage-length=0 -fsigned-char -ffunction-sections -fdata-sections -ffreestanding -fno-move-loop-invariants -Wall -Wextra  -g3 -DDEBUG -DUSE_FULL_ASSERT -DTRACE -DOS_USE_TRACE_SEMIHOSTING_STDOUT -DSTM32F10X_MD -DUSE_STDPERIPH_DRIVER -DHSE_VALUE=72000000 -I"../include" -I"../system/include" -I"../system/include/cmsis" -I"../system/include/stm32f1-stdperiph" -std=gnu11 -MMD -MP -MF"src/robotics_lib/ticks.d" -MT"src/robotics_lib/ticks.o" -c -o "src/robotics_lib/ticks.o" "../src/robotics_lib/ticks.c"
Finished building: ../src/robotics_lib/ticks.c
 
Building file: ../src/robotics_lib/uart.c
Invoking: Cross ARM C Compiler
arm-none-eabi-gcc -mcpu=cortex-m3 -mthumb -Og -fmessage-length=0 -fsigned-char -ffunction-sections -fdata-sections -ffreestanding -fno-move-loop-invariants -Wall -Wextra  -g3 -DDEBUG -DUSE_FULL_ASSERT -DTRACE -DOS_USE_TRACE_SEMIHOSTING_STDOUT -DSTM32F10X_MD -DUSE_STDPERIPH_DRIVER -DHSE_VALUE=72000000 -I"../include" -I"../system/include" -I"../system/include/cmsis" -I"../system/include/stm32f1-stdperiph" -std=gnu11 -MMD -MP -MF"src/robotics_lib/uart.d" -MT"src/robotics_lib/uart.o" -c -o "src/robotics_lib/uart.o" "../src/robotics_lib/uart.c"
Finished building: ../src/robotics_lib/uart.c
 
Building target: xor-robot.elf
Invoking: Cross ARM C++ Linker
arm-none-eabi-g++ -mcpu=cortex-m3 -mthumb -Og -fmessage-length=0 -fsigned-char -ffunction-sections -fdata-sections -ffreestanding -fno-move-loop-invariants -Wall -Wextra  -g3 -T mem.ld -T libs.ld -T sections.ld -nostartfiles -Xlinker --gc-sections -L"../ldscripts" -Wl,-Map,"xor-robot.map" --specs=nano.specs -o "xor-robot.elf"  ./system/src/stm32f1-stdperiph/misc.o ./system/src/stm32f1-stdperiph/stm32f10x_gpio.o ./system/src/stm32f1-stdperiph/stm32f10x_rcc.o  ./system/src/newlib/_cxx.o ./system/src/newlib/_exit.o ./system/src/newlib/_sbrk.o ./system/src/newlib/_startup.o ./system/src/newlib/_syscalls.o ./system/src/newlib/assert.o  ./system/src/diag/Trace.o ./system/src/diag/trace_impl.o  ./system/src/cortexm/_initialize_hardware.o ./system/src/cortexm/_reset_hardware.o ./system/src/cortexm/exception_handlers.o  ./system/src/cmsis/system_stm32f10x.o ./system/src/cmsis/vectors_stm32f10x.o  ./src/robotics_lib/GPIO_switch.o ./src/robotics_lib/LEDs.o ./src/robotics_lib/adc.o ./src/robotics_lib/button.o ./src/robotics_lib/buzzer.o ./src/robotics_lib/encoder.o ./src/robotics_lib/linear_ccd.o ./src/robotics_lib/motor.o ./src/robotics_lib/motor_pwm_tutorial.o ./src/robotics_lib/pneumatic_control.o ./src/robotics_lib/servo_tutorial.o ./src/robotics_lib/tft_display.o ./src/robotics_lib/ticks.o ./src/robotics_lib/uart.o  ./src/BlinkLed.o ./src/Timer.o ./src/_write.o ./src/main.o   
./src/robotics_lib/motor_pwm_tutorial.o: In function `motor_init':
C:\Users\user\Documents\XOR Robotics\xor-robot\Debug/../src/robotics_lib/motor_pwm_tutorial.c:5: multiple definition of `motor_init'
./src/robotics_lib/motor.o:C:\Users\user\Documents\XOR Robotics\xor-robot\Debug/../src/robotics_lib/motor.c:3: first defined here
./src/robotics_lib/uart.o: In function `USART1_IRQHandler':
C:\Users\user\Documents\XOR Robotics\xor-robot\Debug/../src/robotics_lib/uart.c:182: undefined reference to `USART_GetITStatus'
C:\Users\user\Documents\XOR Robotics\xor-robot\Debug/../src/robotics_lib/uart.c:185: undefined reference to `USART_ReceiveData'
C:\Users\user\Documents\XOR Robotics\xor-robot\Debug/../src/robotics_lib/uart.c:186: undefined reference to `USART_ClearITPendingBit'
./src/robotics_lib/uart.o: In function `USART3_IRQHandler':
C:\Users\user\Documents\XOR Robotics\xor-robot\Debug/../src/robotics_lib/uart.c:192: undefined reference to `USART_GetITStatus'
C:\Users\user\Documents\XOR Robotics\xor-robot\Debug/../src/robotics_lib/uart.c:195: undefined reference to `USART_ReceiveData'
C:\Users\user\Documents\XOR Robotics\xor-robot\Debug/../src/robotics_lib/uart.c:196: undefined reference to `USART_ClearITPendingBit'
./src/robotics_lib/ticks.o: In function `TIM2_IRQHandler':
C:\Users\user\Documents\XOR Robotics\xor-robot\Debug/../src/robotics_lib/ticks.c:75: undefined reference to `TIM_GetITStatus'
C:\Users\user\Documents\XOR Robotics\xor-robot\Debug/../src/robotics_lib/ticks.c:76: undefined reference to `TIM_ClearFlag'
collect2.exe: error: ld returned 1 exit status
makefile:63: recipe for target 'xor-robot.elf' failed
make: *** [xor-robot.elf] Error 1
18:46:04 **** Incremental Build of configuration Debug for project xor-robot ****
make all 
Building target: xor-robot.elf
Invoking: Cross ARM C++ Linker
arm-none-eabi-g++ -mcpu=cortex-m3 -mthumb -Og -fmessage-length=0 -fsigned-char -ffunction-sections -fdata-sections -ffreestanding -fno-move-loop-invariants -Wall -Wextra  -g3 -T mem.ld -T libs.ld -T sections.ld -nostartfiles -Xlinker --gc-sections -L"../ldscripts" -Wl,-Map,"xor-robot.map" --specs=nano.specs -o "xor-robot.elf"  ./system/src/stm32f1-stdperiph/misc.o ./system/src/stm32f1-stdperiph/stm32f10x_gpio.o ./system/src/stm32f1-stdperiph/stm32f10x_rcc.o  ./system/src/newlib/_cxx.o ./system/src/newlib/_exit.o ./system/src/newlib/_sbrk.o ./system/src/newlib/_startup.o ./system/src/newlib/_syscalls.o ./system/src/newlib/assert.o  ./system/src/diag/Trace.o ./system/src/diag/trace_impl.o  ./system/src/cortexm/_initialize_hardware.o ./system/src/cortexm/_reset_hardware.o ./system/src/cortexm/exception_handlers.o  ./system/src/cmsis/system_stm32f10x.o ./system/src/cmsis/vectors_stm32f10x.o  ./src/robotics_lib/GPIO_switch.o ./src/robotics_lib/LEDs.o ./src/robotics_lib/adc.o ./src/robotics_lib/button.o ./src/robotics_lib/buzzer.o ./src/robotics_lib/encoder.o ./src/robotics_lib/linear_ccd.o ./src/robotics_lib/motor.o ./src/robotics_lib/pneumatic_control.o ./src/robotics_lib/servo_tutorial.o ./src/robotics_lib/tft_display.o ./src/robotics_lib/ticks.o ./src/robotics_lib/uart.o  ./src/BlinkLed.o ./src/Timer.o ./src/_write.o ./src/main.o   
./src/robotics_lib/uart.o: In function `USART1_IRQHandler':
C:\Users\user\Documents\XOR Robotics\xor-robot\Debug/../src/robotics_lib/uart.c:182: undefined reference to `USART_GetITStatus'
C:\Users\user\Documents\XOR Robotics\xor-robot\Debug/../src/robotics_lib/uart.c:185: undefined reference to `USART_ReceiveData'
C:\Users\user\Documents\XOR Robotics\xor-robot\Debug/../src/robotics_lib/uart.c:186: undefined reference to `USART_ClearITPendingBit'
./src/robotics_lib/uart.o: In function `USART3_IRQHandler':
C:\Users\user\Documents\XOR Robotics\xor-robot\Debug/../src/robotics_lib/uart.c:192: undefined reference to `USART_GetITStatus'
C:\Users\user\Documents\XOR Robotics\xor-robot\Debug/../src/robotics_lib/uart.c:195: undefined reference to `USART_ReceiveData'
C:\Users\user\Documents\XOR Robotics\xor-robot\Debug/../src/robotics_lib/uart.c:196: undefined reference to `USART_ClearITPendingBit'
./src/robotics_lib/ticks.o: In function `TIM2_IRQHandler':
C:\Users\user\Documents\XOR Robotics\xor-robot\Debug/../src/robotics_lib/ticks.c:75: undefined reference to `TIM_GetITStatus'
C:\Users\user\Documents\XOR Robotics\xor-robot\Debug/../src/robotics_lib/ticks.c:76: undefined reference to `TIM_ClearFlag'
collect2.exe: error: ld returned 1 exit status
makefile:63: recipe for target 'xor-robot.elf' failed
make: *** [xor-robot.elf] Error 1
18:46:16 **** Incremental Build of configuration Debug for project xor-robot ****
make all 
Building file: ../system/src/stm32f1-stdperiph/misc.c
Invoking: Cross ARM C Compiler
arm-none-eabi-gcc -mcpu=cortex-m3 -mthumb -Og -fmessage-length=0 -fsigned-char -ffunction-sections -fdata-sections -ffreestanding -fno-move-loop-invariants -Wall -Wextra  -g3 -DDEBUG -DUSE_FULL_ASSERT -DTRACE -DOS_USE_TRACE_SEMIHOSTING_STDOUT -DSTM32F10X_MD -DUSE_STDPERIPH_DRIVER -DHSE_VALUE=72000000 -I"../include" -I"../system/include" -I"../system/include/cmsis" -I"../system/include/stm32f1-stdperiph" -std=gnu11 -MMD -MP -MF"system/src/stm32f1-stdperiph/misc.d" -MT"system/src/stm32f1-stdperiph/misc.o" -c -o "system/src/stm32f1-stdperiph/misc.o" "../system/src/stm32f1-stdperiph/misc.c"
Finished building: ../system/src/stm32f1-stdperiph/misc.c
 
Building file: ../system/src/stm32f1-stdperiph/stm32f10x_gpio.c
Invoking: Cross ARM C Compiler
arm-none-eabi-gcc -mcpu=cortex-m3 -mthumb -Og -fmessage-length=0 -fsigned-char -ffunction-sections -fdata-sections -ffreestanding -fno-move-loop-invariants -Wall -Wextra  -g3 -DDEBUG -DUSE_FULL_ASSERT -DTRACE -DOS_USE_TRACE_SEMIHOSTING_STDOUT -DSTM32F10X_MD -DUSE_STDPERIPH_DRIVER -DHSE_VALUE=72000000 -I"../include" -I"../system/include" -I"../system/include/cmsis" -I"../system/include/stm32f1-stdperiph" -std=gnu11 -MMD -MP -MF"system/src/stm32f1-stdperiph/stm32f10x_gpio.d" -MT"system/src/stm32f1-stdperiph/stm32f10x_gpio.o" -c -o "system/src/stm32f1-stdperiph/stm32f10x_gpio.o" "../system/src/stm32f1-stdperiph/stm32f10x_gpio.c"
Finished building: ../system/src/stm32f1-stdperiph/stm32f10x_gpio.c
 
Building file: ../system/src/stm32f1-stdperiph/stm32f10x_rcc.c
Invoking: Cross ARM C Compiler
arm-none-eabi-gcc -mcpu=cortex-m3 -mthumb -Og -fmessage-length=0 -fsigned-char -ffunction-sections -fdata-sections -ffreestanding -fno-move-loop-invariants -Wall -Wextra  -g3 -DDEBUG -DUSE_FULL_ASSERT -DTRACE -DOS_USE_TRACE_SEMIHOSTING_STDOUT -DSTM32F10X_MD -DUSE_STDPERIPH_DRIVER -DHSE_VALUE=72000000 -I"../include" -I"../system/include" -I"../system/include/cmsis" -I"../system/include/stm32f1-stdperiph" -std=gnu11 -MMD -MP -MF"system/src/stm32f1-stdperiph/stm32f10x_rcc.d" -MT"system/src/stm32f1-stdperiph/stm32f10x_rcc.o" -c -o "system/src/stm32f1-stdperiph/stm32f10x_rcc.o" "../system/src/stm32f1-stdperiph/stm32f10x_rcc.c"
Finished building: ../system/src/stm32f1-stdperiph/stm32f10x_rcc.c
 
Building file: ../system/src/newlib/_cxx.cpp
Invoking: Cross ARM C++ Compiler
arm-none-eabi-g++ -mcpu=cortex-m3 -mthumb -Og -fmessage-length=0 -fsigned-char -ffunction-sections -fdata-sections -ffreestanding -fno-move-loop-invariants -Wall -Wextra  -g3 -DDEBUG -DUSE_FULL_ASSERT -DTRACE -DOS_USE_TRACE_SEMIHOSTING_STDOUT -DSTM32F10X_MD -DUSE_STDPERIPH_DRIVER -DHSE_VALUE=72000000 -I"../include" -I"../system/include" -I"../system/include/cmsis" -I"../system/include/stm32f1-stdperiph" -std=gnu++11 -fabi-version=0 -fno-exceptions -fno-rtti -fno-use-cxa-atexit -fno-threadsafe-statics -MMD -MP -MF"system/src/newlib/_cxx.d" -MT"system/src/newlib/_cxx.o" -c -o "system/src/newlib/_cxx.o" "../system/src/newlib/_cxx.cpp"
Finished building: ../system/src/newlib/_cxx.cpp
 
Building file: ../system/src/newlib/_exit.c
Invoking: Cross ARM C Compiler
arm-none-eabi-gcc -mcpu=cortex-m3 -mthumb -Og -fmessage-length=0 -fsigned-char -ffunction-sections -fdata-sections -ffreestanding -fno-move-loop-invariants -Wall -Wextra  -g3 -DDEBUG -DUSE_FULL_ASSERT -DTRACE -DOS_USE_TRACE_SEMIHOSTING_STDOUT -DSTM32F10X_MD -DUSE_STDPERIPH_DRIVER -DHSE_VALUE=72000000 -I"../include" -I"../system/include" -I"../system/include/cmsis" -I"../system/include/stm32f1-stdperiph" -std=gnu11 -MMD -MP -MF"system/src/newlib/_exit.d" -MT"system/src/newlib/_exit.o" -c -o "system/src/newlib/_exit.o" "../system/src/newlib/_exit.c"
Finished building: ../system/src/newlib/_exit.c
 
Building file: ../system/src/newlib/_sbrk.c
Invoking: Cross ARM C Compiler
arm-none-eabi-gcc -mcpu=cortex-m3 -mthumb -Og -fmessage-length=0 -fsigned-char -ffunction-sections -fdata-sections -ffreestanding -fno-move-loop-invariants -Wall -Wextra  -g3 -DDEBUG -DUSE_FULL_ASSERT -DTRACE -DOS_USE_TRACE_SEMIHOSTING_STDOUT -DSTM32F10X_MD -DUSE_STDPERIPH_DRIVER -DHSE_VALUE=72000000 -I"../include" -I"../system/include" -I"../system/include/cmsis" -I"../system/include/stm32f1-stdperiph" -std=gnu11 -MMD -MP -MF"system/src/newlib/_sbrk.d" -MT"system/src/newlib/_sbrk.o" -c -o "system/src/newlib/_sbrk.o" "../system/src/newlib/_sbrk.c"
Finished building: ../system/src/newlib/_sbrk.c
 
Building file: ../system/src/newlib/_startup.c
Invoking: Cross ARM C Compiler
arm-none-eabi-gcc -mcpu=cortex-m3 -mthumb -Og -fmessage-length=0 -fsigned-char -ffunction-sections -fdata-sections -ffreestanding -fno-move-loop-invariants -Wall -Wextra  -g3 -DDEBUG -DUSE_FULL_ASSERT -DTRACE -DOS_USE_TRACE_SEMIHOSTING_STDOUT -DSTM32F10X_MD -DUSE_STDPERIPH_DRIVER -DHSE_VALUE=72000000 -I"../include" -I"../system/include" -I"../system/include/cmsis" -I"../system/include/stm32f1-stdperiph" -std=gnu11 -MMD -MP -MF"system/src/newlib/_startup.d" -MT"system/src/newlib/_startup.o" -c -o "system/src/newlib/_startup.o" "../system/src/newlib/_startup.c"
Finished building: ../system/src/newlib/_startup.c
 
Building file: ../system/src/newlib/_syscalls.c
Invoking: Cross ARM C Compiler
arm-none-eabi-gcc -mcpu=cortex-m3 -mthumb -Og -fmessage-length=0 -fsigned-char -ffunction-sections -fdata-sections -ffreestanding -fno-move-loop-invariants -Wall -Wextra  -g3 -DDEBUG -DUSE_FULL_ASSERT -DTRACE -DOS_USE_TRACE_SEMIHOSTING_STDOUT -DSTM32F10X_MD -DUSE_STDPERIPH_DRIVER -DHSE_VALUE=72000000 -I"../include" -I"../system/include" -I"../system/include/cmsis" -I"../system/include/stm32f1-stdperiph" -std=gnu11 -MMD -MP -MF"system/src/newlib/_syscalls.d" -MT"system/src/newlib/_syscalls.o" -c -o "system/src/newlib/_syscalls.o" "../system/src/newlib/_syscalls.c"
Finished building: ../system/src/newlib/_syscalls.c
 
Building file: ../system/src/newlib/assert.c
Invoking: Cross ARM C Compiler
arm-none-eabi-gcc -mcpu=cortex-m3 -mthumb -Og -fmessage-length=0 -fsigned-char -ffunction-sections -fdata-sections -ffreestanding -fno-move-loop-invariants -Wall -Wextra  -g3 -DDEBUG -DUSE_FULL_ASSERT -DTRACE -DOS_USE_TRACE_SEMIHOSTING_STDOUT -DSTM32F10X_MD -DUSE_STDPERIPH_DRIVER -DHSE_VALUE=72000000 -I"../include" -I"../system/include" -I"../system/include/cmsis" -I"../system/include/stm32f1-stdperiph" -std=gnu11 -MMD -MP -MF"system/src/newlib/assert.d" -MT"system/src/newlib/assert.o" -c -o "system/src/newlib/assert.o" "../system/src/newlib/assert.c"
Finished building: ../system/src/newlib/assert.c
 
Building file: ../system/src/diag/Trace.c
Invoking: Cross ARM C Compiler
arm-none-eabi-gcc -mcpu=cortex-m3 -mthumb -Og -fmessage-length=0 -fsigned-char -ffunction-sections -fdata-sections -ffreestanding -fno-move-loop-invariants -Wall -Wextra  -g3 -DDEBUG -DUSE_FULL_ASSERT -DTRACE -DOS_USE_TRACE_SEMIHOSTING_STDOUT -DSTM32F10X_MD -DUSE_STDPERIPH_DRIVER -DHSE_VALUE=72000000 -I"../include" -I"../system/include" -I"../system/include/cmsis" -I"../system/include/stm32f1-stdperiph" -std=gnu11 -MMD -MP -MF"system/src/diag/Trace.d" -MT"system/src/diag/Trace.o" -c -o "system/src/diag/Trace.o" "../system/src/diag/Trace.c"
Finished building: ../system/src/diag/Trace.c
 
Building file: ../system/src/diag/trace_impl.c
Invoking: Cross ARM C Compiler
arm-none-eabi-gcc -mcpu=cortex-m3 -mthumb -Og -fmessage-length=0 -fsigned-char -ffunction-sections -fdata-sections -ffreestanding -fno-move-loop-invariants -Wall -Wextra  -g3 -DDEBUG -DUSE_FULL_ASSERT -DTRACE -DOS_USE_TRACE_SEMIHOSTING_STDOUT -DSTM32F10X_MD -DUSE_STDPERIPH_DRIVER -DHSE_VALUE=72000000 -I"../include" -I"../system/include" -I"../system/include/cmsis" -I"../system/include/stm32f1-stdperiph" -std=gnu11 -MMD -MP -MF"system/src/diag/trace_impl.d" -MT"system/src/diag/trace_impl.o" -c -o "system/src/diag/trace_impl.o" "../system/src/diag/trace_impl.c"
Finished building: ../system/src/diag/trace_impl.c
 
Building file: ../system/src/cortexm/_initialize_hardware.c
Invoking: Cross ARM C Compiler
arm-none-eabi-gcc -mcpu=cortex-m3 -mthumb -Og -fmessage-length=0 -fsigned-char -ffunction-sections -fdata-sections -ffreestanding -fno-move-loop-invariants -Wall -Wextra  -g3 -DDEBUG -DUSE_FULL_ASSERT -DTRACE -DOS_USE_TRACE_SEMIHOSTING_STDOUT -DSTM32F10X_MD -DUSE_STDPERIPH_DRIVER -DHSE_VALUE=72000000 -I"../include" -I"../system/include" -I"../system/include/cmsis" -I"../system/include/stm32f1-stdperiph" -std=gnu11 -MMD -MP -MF"system/src/cortexm/_initialize_hardware.d" -MT"system/src/cortexm/_initialize_hardware.o" -c -o "system/src/cortexm/_initialize_hardware.o" "../system/src/cortexm/_initialize_hardware.c"
Finished building: ../system/src/cortexm/_initialize_hardware.c
 
Building file: ../system/src/cortexm/_reset_hardware.c
Invoking: Cross ARM C Compiler
arm-none-eabi-gcc -mcpu=cortex-m3 -mthumb -Og -fmessage-length=0 -fsigned-char -ffunction-sections -fdata-sections -ffreestanding -fno-move-loop-invariants -Wall -Wextra  -g3 -DDEBUG -DUSE_FULL_ASSERT -DTRACE -DOS_USE_TRACE_SEMIHOSTING_STDOUT -DSTM32F10X_MD -DUSE_STDPERIPH_DRIVER -DHSE_VALUE=72000000 -I"../include" -I"../system/include" -I"../system/include/cmsis" -I"../system/include/stm32f1-stdperiph" -std=gnu11 -MMD -MP -MF"system/src/cortexm/_reset_hardware.d" -MT"system/src/cortexm/_reset_hardware.o" -c -o "system/src/cortexm/_reset_hardware.o" "../system/src/cortexm/_reset_hardware.c"
Finished building: ../system/src/cortexm/_reset_hardware.c
 
Building file: ../system/src/cortexm/exception_handlers.c
Invoking: Cross ARM C Compiler
arm-none-eabi-gcc -mcpu=cortex-m3 -mthumb -Og -fmessage-length=0 -fsigned-char -ffunction-sections -fdata-sections -ffreestanding -fno-move-loop-invariants -Wall -Wextra  -g3 -DDEBUG -DUSE_FULL_ASSERT -DTRACE -DOS_USE_TRACE_SEMIHOSTING_STDOUT -DSTM32F10X_MD -DUSE_STDPERIPH_DRIVER -DHSE_VALUE=72000000 -I"../include" -I"../system/include" -I"../system/include/cmsis" -I"../system/include/stm32f1-stdperiph" -std=gnu11 -MMD -MP -MF"system/src/cortexm/exception_handlers.d" -MT"system/src/cortexm/exception_handlers.o" -c -o "system/src/cortexm/exception_handlers.o" "../system/src/cortexm/exception_handlers.c"
Finished building: ../system/src/cortexm/exception_handlers.c
 
Building file: ../system/src/cmsis/system_stm32f10x.c
Invoking: Cross ARM C Compiler
arm-none-eabi-gcc -mcpu=cortex-m3 -mthumb -Og -fmessage-length=0 -fsigned-char -ffunction-sections -fdata-sections -ffreestanding -fno-move-loop-invariants -Wall -Wextra  -g3 -DDEBUG -DUSE_FULL_ASSERT -DTRACE -DOS_USE_TRACE_SEMIHOSTING_STDOUT -DSTM32F10X_MD -DUSE_STDPERIPH_DRIVER -DHSE_VALUE=72000000 -I"../include" -I"../system/include" -I"../system/include/cmsis" -I"../system/include/stm32f1-stdperiph" -std=gnu11 -MMD -MP -MF"system/src/cmsis/system_stm32f10x.d" -MT"system/src/cmsis/system_stm32f10x.o" -c -o "system/src/cmsis/system_stm32f10x.o" "../system/src/cmsis/system_stm32f10x.c"
Finished building: ../system/src/cmsis/system_stm32f10x.c
 
Building file: ../system/src/cmsis/vectors_stm32f10x.c
Invoking: Cross ARM C Compiler
arm-none-eabi-gcc -mcpu=cortex-m3 -mthumb -Og -fmessage-length=0 -fsigned-char -ffunction-sections -fdata-sections -ffreestanding -fno-move-loop-invariants -Wall -Wextra  -g3 -DDEBUG -DUSE_FULL_ASSERT -DTRACE -DOS_USE_TRACE_SEMIHOSTING_STDOUT -DSTM32F10X_MD -DUSE_STDPERIPH_DRIVER -DHSE_VALUE=72000000 -I"../include" -I"../system/include" -I"../system/include/cmsis" -I"../system/include/stm32f1-stdperiph" -std=gnu11 -MMD -MP -MF"system/src/cmsis/vectors_stm32f10x.d" -MT"system/src/cmsis/vectors_stm32f10x.o" -c -o "system/src/cmsis/vectors_stm32f10x.o" "../system/src/cmsis/vectors_stm32f10x.c"
Finished building: ../system/src/cmsis/vectors_stm32f10x.c
 
Building file: ../src/robotics_lib/GPIO_switch.c
Invoking: Cross ARM C Compiler
arm-none-eabi-gcc -mcpu=cortex-m3 -mthumb -Og -fmessage-length=0 -fsigned-char -ffunction-sections -fdata-sections -ffreestanding -fno-move-loop-invariants -Wall -Wextra  -g3 -DDEBUG -DUSE_FULL_ASSERT -DTRACE -DOS_USE_TRACE_SEMIHOSTING_STDOUT -DSTM32F10X_MD -DUSE_STDPERIPH_DRIVER -DHSE_VALUE=72000000 -I"../include" -I"../system/include" -I"../system/include/cmsis" -I"../system/include/stm32f1-stdperiph" -std=gnu11 -MMD -MP -MF"src/robotics_lib/GPIO_switch.d" -MT"src/robotics_lib/GPIO_switch.o" -c -o "src/robotics_lib/GPIO_switch.o" "../src/robotics_lib/GPIO_switch.c"
In file included from ../src/robotics_lib/GPIO_switch.c:1:0:
../include/GPIO_switch.h:2:25: fatal error: buzzer_song.h: No such file or directory
 #include "buzzer_song.h"
                         ^
compilation terminated.
src/robotics_lib/subdir.mk:54: recipe for target 'src/robotics_lib/GPIO_switch.o' failed
make: *** [src/robotics_lib/GPIO_switch.o] Error 1
18:47:02 **** Incremental Build of configuration Debug for project xor-robot ****
make all 
Building file: ../src/robotics_lib/LEDs.c
Invoking: Cross ARM C Compiler
arm-none-eabi-gcc -mcpu=cortex-m3 -mthumb -Og -fmessage-length=0 -fsigned-char -ffunction-sections -fdata-sections -ffreestanding -fno-move-loop-invariants -Wall -Wextra  -g3 -DDEBUG -DUSE_FULL_ASSERT -DTRACE -DOS_USE_TRACE_SEMIHOSTING_STDOUT -DSTM32F10X_MD -DUSE_STDPERIPH_DRIVER -DHSE_VALUE=72000000 -I"../include" -I"../system/include" -I"../system/include/cmsis" -I"../system/include/stm32f1-stdperiph" -std=gnu11 -MMD -MP -MF"src/robotics_lib/LEDs.d" -MT"src/robotics_lib/LEDs.o" -c -o "src/robotics_lib/LEDs.o" "../src/robotics_lib/LEDs.c"
Finished building: ../src/robotics_lib/LEDs.c
 
Building file: ../src/robotics_lib/adc.c
Invoking: Cross ARM C Compiler
arm-none-eabi-gcc -mcpu=cortex-m3 -mthumb -Og -fmessage-length=0 -fsigned-char -ffunction-sections -fdata-sections -ffreestanding -fno-move-loop-invariants -Wall -Wextra  -g3 -DDEBUG -DUSE_FULL_ASSERT -DTRACE -DOS_USE_TRACE_SEMIHOSTING_STDOUT -DSTM32F10X_MD -DUSE_STDPERIPH_DRIVER -DHSE_VALUE=72000000 -I"../include" -I"../system/include" -I"../system/include/cmsis" -I"../system/include/stm32f1-stdperiph" -std=gnu11 -MMD -MP -MF"src/robotics_lib/adc.d" -MT"src/robotics_lib/adc.o" -c -o "src/robotics_lib/adc.o" "../src/robotics_lib/adc.c"
Finished building: ../src/robotics_lib/adc.c
 
Building file: ../src/robotics_lib/button.c
Invoking: Cross ARM C Compiler
arm-none-eabi-gcc -mcpu=cortex-m3 -mthumb -Og -fmessage-length=0 -fsigned-char -ffunction-sections -fdata-sections -ffreestanding -fno-move-loop-invariants -Wall -Wextra  -g3 -DDEBUG -DUSE_FULL_ASSERT -DTRACE -DOS_USE_TRACE_SEMIHOSTING_STDOUT -DSTM32F10X_MD -DUSE_STDPERIPH_DRIVER -DHSE_VALUE=72000000 -I"../include" -I"../system/include" -I"../system/include/cmsis" -I"../system/include/stm32f1-stdperiph" -std=gnu11 -MMD -MP -MF"src/robotics_lib/button.d" -MT"src/robotics_lib/button.o" -c -o "src/robotics_lib/button.o" "../src/robotics_lib/button.c"
../src/robotics_lib/button.c:2:25: fatal error: buzzer_song.h: No such file or directory
 #include "buzzer_song.h"
                         ^
compilation terminated.
src/robotics_lib/subdir.mk:51: recipe for target 'src/robotics_lib/button.o' failed
make: *** [src/robotics_lib/button.o] Error 1
18:47:08 **** Clean-only build of configuration Debug for project xor-robot ****
make clean 
rm -rf  ./system/src/stm32f1-stdperiph/misc.o ./system/src/stm32f1-stdperiph/stm32f10x_gpio.o ./system/src/stm32f1-stdperiph/stm32f10x_rcc.o  ./system/src/newlib/_cxx.o ./system/src/newlib/_exit.o ./system/src/newlib/_sbrk.o ./system/src/newlib/_startup.o ./system/src/newlib/_syscalls.o ./system/src/newlib/assert.o  ./system/src/diag/Trace.o ./system/src/diag/trace_impl.o  ./system/src/cortexm/_initialize_hardware.o ./system/src/cortexm/_reset_hardware.o ./system/src/cortexm/exception_handlers.o  ./system/src/cmsis/system_stm32f10x.o ./system/src/cmsis/vectors_stm32f10x.o  ./src/robotics_lib/LEDs.o ./src/robotics_lib/adc.o ./src/robotics_lib/button.o ./src/robotics_lib/buzzer.o ./src/robotics_lib/encoder.o ./src/robotics_lib/linear_ccd.o ./src/robotics_lib/motor.o ./src/robotics_lib/pneumatic_control.o ./src/robotics_lib/servo_tutorial.o ./src/robotics_lib/tft_display.o ./src/robotics_lib/ticks.o ./src/robotics_lib/uart.o  ./src/BlinkLed.o ./src/Timer.o ./src/_write.o ./src/main.o  xor-robot.hex  xor-robot.siz  ./system/src/stm32f1-stdperiph/misc.d ./system/src/stm32f1-stdperiph/stm32f10x_gpio.d ./system/src/stm32f1-stdperiph/stm32f10x_rcc.d  ./system/src/newlib/_exit.d ./system/src/newlib/_sbrk.d ./system/src/newlib/_startup.d ./system/src/newlib/_syscalls.d ./system/src/newlib/assert.d  ./system/src/diag/Trace.d ./system/src/diag/trace_impl.d  ./system/src/cortexm/_initialize_hardware.d ./system/src/cortexm/_reset_hardware.d ./system/src/cortexm/exception_handlers.d  ./system/src/cmsis/system_stm32f10x.d ./system/src/cmsis/vectors_stm32f10x.d  ./src/robotics_lib/LEDs.d ./src/robotics_lib/adc.d ./src/robotics_lib/button.d ./src/robotics_lib/buzzer.d ./src/robotics_lib/encoder.d ./src/robotics_lib/linear_ccd.d ./src/robotics_lib/motor.d ./src/robotics_lib/pneumatic_control.d ./src/robotics_lib/servo_tutorial.d ./src/robotics_lib/tft_display.d ./src/robotics_lib/ticks.d ./src/robotics_lib/uart.d  ./src/BlinkLed.d ./src/Timer.d ./src/_write.d ./src/main.d  ./system/src/newlib/_cxx.d  xor-robot.elf
 
18:47:08 **** Build of configuration Debug for project xor-robot ****
make all 
Building file: ../system/src/stm32f1-stdperiph/misc.c
Invoking: Cross ARM C Compiler
arm-none-eabi-gcc -mcpu=cortex-m3 -mthumb -Og -fmessage-length=0 -fsigned-char -ffunction-sections -fdata-sections -ffreestanding -fno-move-loop-invariants -Wall -Wextra  -g3 -DDEBUG -DUSE_FULL_ASSERT -DTRACE -DOS_USE_TRACE_SEMIHOSTING_STDOUT -DSTM32F10X_MD -DUSE_STDPERIPH_DRIVER -DHSE_VALUE=72000000 -I"../include" -I"../system/include" -I"../system/include/cmsis" -I"../system/include/stm32f1-stdperiph" -std=gnu11 -MMD -MP -MF"system/src/stm32f1-stdperiph/misc.d" -MT"system/src/stm32f1-stdperiph/misc.o" -c -o "system/src/stm32f1-stdperiph/misc.o" "../system/src/stm32f1-stdperiph/misc.c"
Finished building: ../system/src/stm32f1-stdperiph/misc.c
 
Building file: ../system/src/stm32f1-stdperiph/stm32f10x_gpio.c
Invoking: Cross ARM C Compiler
arm-none-eabi-gcc -mcpu=cortex-m3 -mthumb -Og -fmessage-length=0 -fsigned-char -ffunction-sections -fdata-sections -ffreestanding -fno-move-loop-invariants -Wall -Wextra  -g3 -DDEBUG -DUSE_FULL_ASSERT -DTRACE -DOS_USE_TRACE_SEMIHOSTING_STDOUT -DSTM32F10X_MD -DUSE_STDPERIPH_DRIVER -DHSE_VALUE=72000000 -I"../include" -I"../system/include" -I"../system/include/cmsis" -I"../system/include/stm32f1-stdperiph" -std=gnu11 -MMD -MP -MF"system/src/stm32f1-stdperiph/stm32f10x_gpio.d" -MT"system/src/stm32f1-stdperiph/stm32f10x_gpio.o" -c -o "system/src/stm32f1-stdperiph/stm32f10x_gpio.o" "../system/src/stm32f1-stdperiph/stm32f10x_gpio.c"
Finished building: ../system/src/stm32f1-stdperiph/stm32f10x_gpio.c
 
Building file: ../system/src/stm32f1-stdperiph/stm32f10x_rcc.c
Invoking: Cross ARM C Compiler
arm-none-eabi-gcc -mcpu=cortex-m3 -mthumb -Og -fmessage-length=0 -fsigned-char -ffunction-sections -fdata-sections -ffreestanding -fno-move-loop-invariants -Wall -Wextra  -g3 -DDEBUG -DUSE_FULL_ASSERT -DTRACE -DOS_USE_TRACE_SEMIHOSTING_STDOUT -DSTM32F10X_MD -DUSE_STDPERIPH_DRIVER -DHSE_VALUE=72000000 -I"../include" -I"../system/include" -I"../system/include/cmsis" -I"../system/include/stm32f1-stdperiph" -std=gnu11 -MMD -MP -MF"system/src/stm32f1-stdperiph/stm32f10x_rcc.d" -MT"system/src/stm32f1-stdperiph/stm32f10x_rcc.o" -c -o "system/src/stm32f1-stdperiph/stm32f10x_rcc.o" "../system/src/stm32f1-stdperiph/stm32f10x_rcc.c"
Finished building: ../system/src/stm32f1-stdperiph/stm32f10x_rcc.c
 
Building file: ../system/src/newlib/_cxx.cpp
Invoking: Cross ARM C++ Compiler
arm-none-eabi-g++ -mcpu=cortex-m3 -mthumb -Og -fmessage-length=0 -fsigned-char -ffunction-sections -fdata-sections -ffreestanding -fno-move-loop-invariants -Wall -Wextra  -g3 -DDEBUG -DUSE_FULL_ASSERT -DTRACE -DOS_USE_TRACE_SEMIHOSTING_STDOUT -DSTM32F10X_MD -DUSE_STDPERIPH_DRIVER -DHSE_VALUE=72000000 -I"../include" -I"../system/include" -I"../system/include/cmsis" -I"../system/include/stm32f1-stdperiph" -std=gnu++11 -fabi-version=0 -fno-exceptions -fno-rtti -fno-use-cxa-atexit -fno-threadsafe-statics -MMD -MP -MF"system/src/newlib/_cxx.d" -MT"system/src/newlib/_cxx.o" -c -o "system/src/newlib/_cxx.o" "../system/src/newlib/_cxx.cpp"
Finished building: ../system/src/newlib/_cxx.cpp
 
Building file: ../system/src/newlib/_exit.c
Invoking: Cross ARM C Compiler
arm-none-eabi-gcc -mcpu=cortex-m3 -mthumb -Og -fmessage-length=0 -fsigned-char -ffunction-sections -fdata-sections -ffreestanding -fno-move-loop-invariants -Wall -Wextra  -g3 -DDEBUG -DUSE_FULL_ASSERT -DTRACE -DOS_USE_TRACE_SEMIHOSTING_STDOUT -DSTM32F10X_MD -DUSE_STDPERIPH_DRIVER -DHSE_VALUE=72000000 -I"../include" -I"../system/include" -I"../system/include/cmsis" -I"../system/include/stm32f1-stdperiph" -std=gnu11 -MMD -MP -MF"system/src/newlib/_exit.d" -MT"system/src/newlib/_exit.o" -c -o "system/src/newlib/_exit.o" "../system/src/newlib/_exit.c"
Finished building: ../system/src/newlib/_exit.c
 
Building file: ../system/src/newlib/_sbrk.c
Invoking: Cross ARM C Compiler
arm-none-eabi-gcc -mcpu=cortex-m3 -mthumb -Og -fmessage-length=0 -fsigned-char -ffunction-sections -fdata-sections -ffreestanding -fno-move-loop-invariants -Wall -Wextra  -g3 -DDEBUG -DUSE_FULL_ASSERT -DTRACE -DOS_USE_TRACE_SEMIHOSTING_STDOUT -DSTM32F10X_MD -DUSE_STDPERIPH_DRIVER -DHSE_VALUE=72000000 -I"../include" -I"../system/include" -I"../system/include/cmsis" -I"../system/include/stm32f1-stdperiph" -std=gnu11 -MMD -MP -MF"system/src/newlib/_sbrk.d" -MT"system/src/newlib/_sbrk.o" -c -o "system/src/newlib/_sbrk.o" "../system/src/newlib/_sbrk.c"
Finished building: ../system/src/newlib/_sbrk.c
 
Building file: ../system/src/newlib/_startup.c
Invoking: Cross ARM C Compiler
arm-none-eabi-gcc -mcpu=cortex-m3 -mthumb -Og -fmessage-length=0 -fsigned-char -ffunction-sections -fdata-sections -ffreestanding -fno-move-loop-invariants -Wall -Wextra  -g3 -DDEBUG -DUSE_FULL_ASSERT -DTRACE -DOS_USE_TRACE_SEMIHOSTING_STDOUT -DSTM32F10X_MD -DUSE_STDPERIPH_DRIVER -DHSE_VALUE=72000000 -I"../include" -I"../system/include" -I"../system/include/cmsis" -I"../system/include/stm32f1-stdperiph" -std=gnu11 -MMD -MP -MF"system/src/newlib/_startup.d" -MT"system/src/newlib/_startup.o" -c -o "system/src/newlib/_startup.o" "../system/src/newlib/_startup.c"
Finished building: ../system/src/newlib/_startup.c
 
Building file: ../system/src/newlib/_syscalls.c
Invoking: Cross ARM C Compiler
arm-none-eabi-gcc -mcpu=cortex-m3 -mthumb -Og -fmessage-length=0 -fsigned-char -ffunction-sections -fdata-sections -ffreestanding -fno-move-loop-invariants -Wall -Wextra  -g3 -DDEBUG -DUSE_FULL_ASSERT -DTRACE -DOS_USE_TRACE_SEMIHOSTING_STDOUT -DSTM32F10X_MD -DUSE_STDPERIPH_DRIVER -DHSE_VALUE=72000000 -I"../include" -I"../system/include" -I"../system/include/cmsis" -I"../system/include/stm32f1-stdperiph" -std=gnu11 -MMD -MP -MF"system/src/newlib/_syscalls.d" -MT"system/src/newlib/_syscalls.o" -c -o "system/src/newlib/_syscalls.o" "../system/src/newlib/_syscalls.c"
Finished building: ../system/src/newlib/_syscalls.c
 
Building file: ../system/src/newlib/assert.c
Invoking: Cross ARM C Compiler
arm-none-eabi-gcc -mcpu=cortex-m3 -mthumb -Og -fmessage-length=0 -fsigned-char -ffunction-sections -fdata-sections -ffreestanding -fno-move-loop-invariants -Wall -Wextra  -g3 -DDEBUG -DUSE_FULL_ASSERT -DTRACE -DOS_USE_TRACE_SEMIHOSTING_STDOUT -DSTM32F10X_MD -DUSE_STDPERIPH_DRIVER -DHSE_VALUE=72000000 -I"../include" -I"../system/include" -I"../system/include/cmsis" -I"../system/include/stm32f1-stdperiph" -std=gnu11 -MMD -MP -MF"system/src/newlib/assert.d" -MT"system/src/newlib/assert.o" -c -o "system/src/newlib/assert.o" "../system/src/newlib/assert.c"
Finished building: ../system/src/newlib/assert.c
 
Building file: ../system/src/diag/Trace.c
Invoking: Cross ARM C Compiler
arm-none-eabi-gcc -mcpu=cortex-m3 -mthumb -Og -fmessage-length=0 -fsigned-char -ffunction-sections -fdata-sections -ffreestanding -fno-move-loop-invariants -Wall -Wextra  -g3 -DDEBUG -DUSE_FULL_ASSERT -DTRACE -DOS_USE_TRACE_SEMIHOSTING_STDOUT -DSTM32F10X_MD -DUSE_STDPERIPH_DRIVER -DHSE_VALUE=72000000 -I"../include" -I"../system/include" -I"../system/include/cmsis" -I"../system/include/stm32f1-stdperiph" -std=gnu11 -MMD -MP -MF"system/src/diag/Trace.d" -MT"system/src/diag/Trace.o" -c -o "system/src/diag/Trace.o" "../system/src/diag/Trace.c"
Finished building: ../system/src/diag/Trace.c
 
Building file: ../system/src/diag/trace_impl.c
Invoking: Cross ARM C Compiler
arm-none-eabi-gcc -mcpu=cortex-m3 -mthumb -Og -fmessage-length=0 -fsigned-char -ffunction-sections -fdata-sections -ffreestanding -fno-move-loop-invariants -Wall -Wextra  -g3 -DDEBUG -DUSE_FULL_ASSERT -DTRACE -DOS_USE_TRACE_SEMIHOSTING_STDOUT -DSTM32F10X_MD -DUSE_STDPERIPH_DRIVER -DHSE_VALUE=72000000 -I"../include" -I"../system/include" -I"../system/include/cmsis" -I"../system/include/stm32f1-stdperiph" -std=gnu11 -MMD -MP -MF"system/src/diag/trace_impl.d" -MT"system/src/diag/trace_impl.o" -c -o "system/src/diag/trace_impl.o" "../system/src/diag/trace_impl.c"
Finished building: ../system/src/diag/trace_impl.c
 
Building file: ../system/src/cortexm/_initialize_hardware.c
Invoking: Cross ARM C Compiler
arm-none-eabi-gcc -mcpu=cortex-m3 -mthumb -Og -fmessage-length=0 -fsigned-char -ffunction-sections -fdata-sections -ffreestanding -fno-move-loop-invariants -Wall -Wextra  -g3 -DDEBUG -DUSE_FULL_ASSERT -DTRACE -DOS_USE_TRACE_SEMIHOSTING_STDOUT -DSTM32F10X_MD -DUSE_STDPERIPH_DRIVER -DHSE_VALUE=72000000 -I"../include" -I"../system/include" -I"../system/include/cmsis" -I"../system/include/stm32f1-stdperiph" -std=gnu11 -MMD -MP -MF"system/src/cortexm/_initialize_hardware.d" -MT"system/src/cortexm/_initialize_hardware.o" -c -o "system/src/cortexm/_initialize_hardware.o" "../system/src/cortexm/_initialize_hardware.c"
Finished building: ../system/src/cortexm/_initialize_hardware.c
 
Building file: ../system/src/cortexm/_reset_hardware.c
Invoking: Cross ARM C Compiler
arm-none-eabi-gcc -mcpu=cortex-m3 -mthumb -Og -fmessage-length=0 -fsigned-char -ffunction-sections -fdata-sections -ffreestanding -fno-move-loop-invariants -Wall -Wextra  -g3 -DDEBUG -DUSE_FULL_ASSERT -DTRACE -DOS_USE_TRACE_SEMIHOSTING_STDOUT -DSTM32F10X_MD -DUSE_STDPERIPH_DRIVER -DHSE_VALUE=72000000 -I"../include" -I"../system/include" -I"../system/include/cmsis" -I"../system/include/stm32f1-stdperiph" -std=gnu11 -MMD -MP -MF"system/src/cortexm/_reset_hardware.d" -MT"system/src/cortexm/_reset_hardware.o" -c -o "system/src/cortexm/_reset_hardware.o" "../system/src/cortexm/_reset_hardware.c"
Finished building: ../system/src/cortexm/_reset_hardware.c
 
Building file: ../system/src/cortexm/exception_handlers.c
Invoking: Cross ARM C Compiler
arm-none-eabi-gcc -mcpu=cortex-m3 -mthumb -Og -fmessage-length=0 -fsigned-char -ffunction-sections -fdata-sections -ffreestanding -fno-move-loop-invariants -Wall -Wextra  -g3 -DDEBUG -DUSE_FULL_ASSERT -DTRACE -DOS_USE_TRACE_SEMIHOSTING_STDOUT -DSTM32F10X_MD -DUSE_STDPERIPH_DRIVER -DHSE_VALUE=72000000 -I"../include" -I"../system/include" -I"../system/include/cmsis" -I"../system/include/stm32f1-stdperiph" -std=gnu11 -MMD -MP -MF"system/src/cortexm/exception_handlers.d" -MT"system/src/cortexm/exception_handlers.o" -c -o "system/src/cortexm/exception_handlers.o" "../system/src/cortexm/exception_handlers.c"
Finished building: ../system/src/cortexm/exception_handlers.c
 
Building file: ../system/src/cmsis/system_stm32f10x.c
Invoking: Cross ARM C Compiler
arm-none-eabi-gcc -mcpu=cortex-m3 -mthumb -Og -fmessage-length=0 -fsigned-char -ffunction-sections -fdata-sections -ffreestanding -fno-move-loop-invariants -Wall -Wextra  -g3 -DDEBUG -DUSE_FULL_ASSERT -DTRACE -DOS_USE_TRACE_SEMIHOSTING_STDOUT -DSTM32F10X_MD -DUSE_STDPERIPH_DRIVER -DHSE_VALUE=72000000 -I"../include" -I"../system/include" -I"../system/include/cmsis" -I"../system/include/stm32f1-stdperiph" -std=gnu11 -MMD -MP -MF"system/src/cmsis/system_stm32f10x.d" -MT"system/src/cmsis/system_stm32f10x.o" -c -o "system/src/cmsis/system_stm32f10x.o" "../system/src/cmsis/system_stm32f10x.c"
Finished building: ../system/src/cmsis/system_stm32f10x.c
 
Building file: ../system/src/cmsis/vectors_stm32f10x.c
Invoking: Cross ARM C Compiler
arm-none-eabi-gcc -mcpu=cortex-m3 -mthumb -Og -fmessage-length=0 -fsigned-char -ffunction-sections -fdata-sections -ffreestanding -fno-move-loop-invariants -Wall -Wextra  -g3 -DDEBUG -DUSE_FULL_ASSERT -DTRACE -DOS_USE_TRACE_SEMIHOSTING_STDOUT -DSTM32F10X_MD -DUSE_STDPERIPH_DRIVER -DHSE_VALUE=72000000 -I"../include" -I"../system/include" -I"../system/include/cmsis" -I"../system/include/stm32f1-stdperiph" -std=gnu11 -MMD -MP -MF"system/src/cmsis/vectors_stm32f10x.d" -MT"system/src/cmsis/vectors_stm32f10x.o" -c -o "system/src/cmsis/vectors_stm32f10x.o" "../system/src/cmsis/vectors_stm32f10x.c"
Finished building: ../system/src/cmsis/vectors_stm32f10x.c
 
Building file: ../src/robotics_lib/LEDs.c
Invoking: Cross ARM C Compiler
arm-none-eabi-gcc -mcpu=cortex-m3 -mthumb -Og -fmessage-length=0 -fsigned-char -ffunction-sections -fdata-sections -ffreestanding -fno-move-loop-invariants -Wall -Wextra  -g3 -DDEBUG -DUSE_FULL_ASSERT -DTRACE -DOS_USE_TRACE_SEMIHOSTING_STDOUT -DSTM32F10X_MD -DUSE_STDPERIPH_DRIVER -DHSE_VALUE=72000000 -I"../include" -I"../system/include" -I"../system/include/cmsis" -I"../system/include/stm32f1-stdperiph" -std=gnu11 -MMD -MP -MF"src/robotics_lib/LEDs.d" -MT"src/robotics_lib/LEDs.o" -c -o "src/robotics_lib/LEDs.o" "../src/robotics_lib/LEDs.c"
Finished building: ../src/robotics_lib/LEDs.c
 
Building file: ../src/robotics_lib/adc.c
Invoking: Cross ARM C Compiler
arm-none-eabi-gcc -mcpu=cortex-m3 -mthumb -Og -fmessage-length=0 -fsigned-char -ffunction-sections -fdata-sections -ffreestanding -fno-move-loop-invariants -Wall -Wextra  -g3 -DDEBUG -DUSE_FULL_ASSERT -DTRACE -DOS_USE_TRACE_SEMIHOSTING_STDOUT -DSTM32F10X_MD -DUSE_STDPERIPH_DRIVER -DHSE_VALUE=72000000 -I"../include" -I"../system/include" -I"../system/include/cmsis" -I"../system/include/stm32f1-stdperiph" -std=gnu11 -MMD -MP -MF"src/robotics_lib/adc.d" -MT"src/robotics_lib/adc.o" -c -o "src/robotics_lib/adc.o" "../src/robotics_lib/adc.c"
Finished building: ../src/robotics_lib/adc.c
 
Building file: ../src/robotics_lib/button.c
Invoking: Cross ARM C Compiler
arm-none-eabi-gcc -mcpu=cortex-m3 -mthumb -Og -fmessage-length=0 -fsigned-char -ffunction-sections -fdata-sections -ffreestanding -fno-move-loop-invariants -Wall -Wextra  -g3 -DDEBUG -DUSE_FULL_ASSERT -DTRACE -DOS_USE_TRACE_SEMIHOSTING_STDOUT -DSTM32F10X_MD -DUSE_STDPERIPH_DRIVER -DHSE_VALUE=72000000 -I"../include" -I"../system/include" -I"../system/include/cmsis" -I"../system/include/stm32f1-stdperiph" -std=gnu11 -MMD -MP -MF"src/robotics_lib/button.d" -MT"src/robotics_lib/button.o" -c -o "src/robotics_lib/button.o" "../src/robotics_lib/button.c"
../src/robotics_lib/button.c:2:25: fatal error: buzzer_song.h: No such file or directory
 #include "buzzer_song.h"
                         ^
compilation terminated.
src/robotics_lib/subdir.mk:51: recipe for target 'src/robotics_lib/button.o' failed
make: *** [src/robotics_lib/button.o] Error 1
18:47:35 **** Incremental Build of configuration Debug for project xor-robot ****
make all 
Building file: ../src/robotics_lib/button.c
Invoking: Cross ARM C Compiler
[...]
..\src\Test.c:6:2: warning: initialization makes pointer from integer without a cast [enabled by default]
..\src\Test.c:6:2: warning: (near initialization for 'test[101]') [enabled by default]
..\src\Test.c:6:2: warning: initialization makes pointer from integer without a cast [enabled by default]
..\src\Test.c:6:2: warning: (near initialization for 'test[102]') [enabled by default]
..\src\Test.c:6:2: warning: initialization makes pointer from integer without a cast [enabled by default]
..\src\Test.c:6:2: warning: (near initialization for 'test[103]') [enabled by default]
..\src\Test.c:6:2: warning: initialization makes pointer from integer without a cast [enabled by default]
..\src\Test.c:6:2: warning: (near initialization for 'test[104]') [enabled by default]
..\src\Test.c:6:2: warning: initialization makes pointer from integer without a cast [enabled by default]
..\src\Test.c:6:2: warning: (near initialization for 'test[105]') [enabled by default]
..\src\Test.c:6:2: warning: initialization makes pointer from integer without a cast [enabled by default]
..\src\Test.c:6:2: warning: (near initialization for 'test[106]') [enabled by default]
..\src\Test.c:6:2: warning: initialization makes pointer from integer without a cast [enabled by default]
..\src\Test.c:6:2: warning: (near initialization for 'test[107]') [enabled by default]
..\src\Test.c:6:2: warning: initialization makes pointer from integer without a cast [enabled by default]
..\src\Test.c:6:2: warning: (near initialization for 'test[108]') [enabled by default]
..\src\Test.c:6:2: warning: initialization makes pointer from integer without a cast [enabled by default]
..\src\Test.c:6:2: warning: (near initialization for 'test[109]') [enabled by default]
..\src\Test.c:6:2: warning: initialization makes pointer from integer without a cast [enabled by default]
..\src\Test.c:6:2: warning: (near initialization for 'test[110]') [enabled by default]
..\src\Test.c:6:2: warning: initialization makes pointer from integer without a cast [enabled by default]
..\src\Test.c:6:2: warning: (near initialization for 'test[111]') [enabled by default]
..\src\Test.c:6:2: warning: initialization makes pointer from integer without a cast [enabled by default]
..\src\Test.c:6:2: warning: (near initialization for 'test[112]') [enabled by default]
..\src\Test.c:6:2: warning: initialization makes pointer from integer without a cast [enabled by default]
..\src\Test.c:6:2: warning: (near initialization for 'test[113]') [enabled by default]
..\src\Test.c:6:2: warning: initialization makes pointer from integer without a cast [enabled by default]
..\src\Test.c:6:2: warning: (near initialization for 'test[114]') [enabled by default]
..\src\Test.c:6:2: warning: initialization makes pointer from integer without a cast [enabled by default]
..\src\Test.c:6:2: warning: (near initialization for 'test[115]') [enabled by default]
..\src\Test.c:6:2: warning: initialization makes pointer from integer without a cast [enabled by default]
..\src\Test.c:6:2: warning: (near initialization for 'test[116]') [enabled by default]
..\src\Test.c:6:2: warning: initialization makes pointer from integer without a cast [enabled by default]
..\src\Test.c:6:2: warning: (near initialization for 'test[117]') [enabled by default]
..\src\Test.c:6:2: warning: initialization makes pointer from integer without a cast [enabled by default]
..\src\Test.c:6:2: warning: (near initialization for 'test[118]') [enabled by default]
..\src\Test.c:6:2: warning: initialization makes pointer from integer without a cast [enabled by default]
..\src\Test.c:6:2: warning: (near initialization for 'test[119]') [enabled by default]
..\src\Test.c:6:2: warning: initialization makes pointer from integer without a cast [enabled by default]
..\src\Test.c:6:2: warning: (near initialization for 'test[120]') [enabled by default]
..\src\Test.c:6:2: warning: initialization makes pointer from integer without a cast [enabled by default]
..\src\Test.c:6:2: warning: (near initialization for 'test[121]') [enabled by default]
..\src\Test.c:6:2: warning: initialization makes pointer from integer without a cast [enabled by default]
..\src\Test.c:6:2: warning: (near initialization for 'test[122]') [enabled by default]
..\src\Test.c:6:2: warning: initialization makes pointer from integer without a cast [enabled by default]
..\src\Test.c:6:2: warning: (near initialization for 'test[123]') [enabled by default]
..\src\Test.c:8:7: error: lvalue required as increment operand
   test++;
       ^
..\src\Test.c:9:3: warning: implicit declaration of function 'printf' [-Wimplicit-function-declaration]
   printf("%d", test);
   ^
..\src\Test.c:9:3: warning: incompatible implicit declaration of built-in function 'printf' [enabled by default]
..\src\Test.c:9:3: warning: format '%d' expects argument of type 'int', but argument 2 has type 'uint32_t **' [-Wformat=]
16:54:25 **** Incremental Build of configuration Debug for project xor-robot ****
Info: Internal Builder is used for build
gcc "-IC:\\Users\\user\\Documents\\GitHub\\xor-robot-competition\\Linear CCD\\C Implementation\\xor-robot\\includes" -O0 -g3 -Wall -c -fmessage-length=0 -std=c99 -o "src\\Test.o" "..\\src\\Test.c" 
..\src\Test.c: In function 'main':
..\src\Test.c:9:7: warning: 'test' may be used uninitialized in this function [-Wmaybe-uninitialized]
   test[i] = thing[i];
       ^
gcc -o xor-robot.exe "src\\Test.o" 
Info: Nothing to build for xor-robot
16:54:41 **** Incremental Build of configuration Debug for project xor-robot ****
Info: Internal Builder is used for build
gcc "-IC:\\Users\\user\\Documents\\GitHub\\xor-robot-competition\\Linear CCD\\C Implementation\\xor-robot\\includes" -O0 -g3 -Wall -c -fmessage-length=0 -std=c99 -o "src\\Test.o" "..\\src\\Test.c" 
gcc -o xor-robot.exe "src\\Test.o" 
16:54:53 **** Incremental Build of configuration Debug for project xor-robot ****
Info: Internal Builder is used for build
gcc "-IC:\\Users\\user\\Documents\\GitHub\\xor-robot-competition\\Linear CCD\\C Implementation\\xor-robot\\includes" -O0 -g3 -Wall -c -fmessage-length=0 -std=c99 -o "src\\Test.o" "..\\src\\Test.c" 
gcc -o xor-robot.exe "src\\Test.o" 
16:56:08 **** Incremental Build of configuration Debug for project xor-robot ****
Info: Internal Builder is used for build
gcc "-IC:\\Users\\user\\Documents\\GitHub\\xor-robot-competition\\Linear CCD\\C Implementation\\xor-robot\\includes" -O0 -g3 -Wall -c -fmessage-length=0 -std=c99 -o "src\\Test.o" "..\\src\\Test.c" 
..\src\Test.c: In function 'main':
..\src\Test.c:13:3: warning: implicit declaration of function 'printf' [-Wimplicit-function-declaration]
   printf("%s", test);
   ^
..\src\Test.c:13:3: warning: incompatible implicit declaration of built-in function 'printf' [enabled by default]
..\src\Test.c:13:3: warning: format '%s' expects argument of type 'char *', but argument 2 has type 'uint32_t *' [-Wformat=]
..\src\Test.c:11:9: warning: unused variable 'ccdBuffer' [-Wunused-variable]
  char * ccdBuffer = malloc(1024 * sizeof(char));
         ^
gcc -o xor-robot.exe "src\\Test.o" 
Info: Nothing to build for xor-robot
16:56:16 **** Incremental Build of configuration Debug for project xor-robot ****
Info: Internal Builder is used for build
gcc "-IC:\\Users\\user\\Documents\\GitHub\\xor-robot-competition\\Linear CCD\\C Implementation\\xor-robot\\includes" -O0 -g3 -Wall -c -fmessage-length=0 -std=c99 -o "src\\Test.o" "..\\src\\Test.c" 
..\src\Test.c: In function 'main':
..\src\Test.c:13:3: warning: implicit declaration of function 'printf' [-Wimplicit-function-declaration]
   printf("%d", test);
   ^
..\src\Test.c:13:3: warning: incompatible implicit declaration of built-in function 'printf' [enabled by default]
..\src\Test.c:13:3: warning: format '%d' expects argument of type 'int', but argument 2 has type 'uint32_t *' [-Wformat=]
..\src\Test.c:11:9: warning: unused variable 'ccdBuffer' [-Wunused-variable]
  char * ccdBuffer = malloc(1024 * sizeof(char));
         ^
gcc -o xor-robot.exe "src\\Test.o" 
16:56:20 **** Incremental Build of configuration Debug for project xor-robot ****
Info: Internal Builder is used for build
gcc "-IC:\\Users\\user\\Documents\\GitHub\\xor-robot-competition\\Linear CCD\\C Implementation\\xor-robot\\includes" -O0 -g3 -Wall -c -fmessage-length=0 -std=c99 -o "src\\Test.o" "..\\src\\Test.c" 
..\src\Test.c: In function 'main':
..\src\Test.c:13:3: warning: implicit declaration of function 'printf' [-Wimplicit-function-declaration]
   printf("%d ", test);
   ^
..\src\Test.c:13:3: warning: incompatible implicit declaration of built-in function 'printf' [enabled by default]
..\src\Test.c:13:3: warning: format '%d' expects argument of type 'int', but argument 2 has type 'uint32_t *' [-Wformat=]
..\src\Test.c:11:9: warning: unused variable 'ccdBuffer' [-Wunused-variable]
  char * ccdBuffer = malloc(1024 * sizeof(char));
         ^
gcc -o xor-robot.exe "src\\Test.o" 
16:56:26 **** Incremental Build of configuration Debug for project xor-robot ****
Info: Internal Builder is used for build
gcc "-IC:\\Users\\user\\Documents\\GitHub\\xor-robot-competition\\Linear CCD\\C Implementation\\xor-robot\\includes" -O0 -g3 -Wall -c -fmessage-length=0 -std=c99 -o "src\\Test.o" "..\\src\\Test.c" 
..\src\Test.c: In function 'main':
..\src\Test.c:13:3: warning: implicit declaration of function 'printf' [-Wimplicit-function-declaration]
   printf("%x ", test);
   ^
..\src\Test.c:13:3: warning: incompatible implicit declaration of built-in function 'printf' [enabled by default]
..\src\Test.c:13:3: warning: format '%x' expects argument of type 'unsigned int', but argument 2 has type 'uint32_t *' [-Wformat=]
..\src\Test.c:11:9: warning: unused variable 'ccdBuffer' [-Wunused-variable]
  char * ccdBuffer = malloc(1024 * sizeof(char));
         ^
gcc -o xor-robot.exe "src\\Test.o" 
16:56:29 **** Incremental Build of configuration Debug for project xor-robot ****
Info: Internal Builder is used for build
gcc "-IC:\\Users\\user\\Documents\\GitHub\\xor-robot-competition\\Linear CCD\\C Implementation\\xor-robot\\includes" -O0 -g3 -Wall -c -fmessage-length=0 -std=c99 -o "src\\Test.o" "..\\src\\Test.c" 
..\src\Test.c: In function 'main':
..\src\Test.c:13:3: warning: implicit declaration of function 'printf' [-Wimplicit-function-declaration]
   printf("%f ", test);
   ^
..\src\Test.c:13:3: warning: incompatible implicit declaration of built-in function 'printf' [enabled by default]
..\src\Test.c:13:3: warning: format '%f' expects argument of type 'double', but argument 2 has type 'uint32_t *' [-Wformat=]
..\src\Test.c:11:9: warning: unused variable 'ccdBuffer' [-Wunused-variable]
  char * ccdBuffer = malloc(1024 * sizeof(char));
         ^
gcc -o xor-robot.exe "src\\Test.o" 
16:56:31 **** Incremental Build of configuration Debug for project xor-robot ****
Info: Internal Builder is used for build
gcc "-IC:\\Users\\user\\Documents\\GitHub\\xor-robot-competition\\Linear CCD\\C Implementation\\xor-robot\\includes" -O0 -g3 -Wall -c -fmessage-length=0 -std=c99 -o "src\\Test.o" "..\\src\\Test.c" 
..\src\Test.c: In function 'main':
..\src\Test.c:13:3: warning: implicit declaration of function 'printf' [-Wimplicit-function-declaration]
   printf("%x ", test);
   ^
..\src\Test.c:13:3: warning: incompatible implicit declaration of built-in function 'printf' [enabled by default]
..\src\Test.c:13:3: warning: format '%x' expects argument of type 'unsigned int', but argument 2 has type 'uint32_t *' [-Wformat=]
..\src\Test.c:11:9: warning: unused variable 'ccdBuffer' [-Wunused-variable]
  char * ccdBuffer = malloc(1024 * sizeof(char));
         ^
gcc -o xor-robot.exe "src\\Test.o" 
16:56:48 **** Incremental Build of configuration Debug for project xor-robot ****
Info: Internal Builder is used for build
gcc "-IC:\\Users\\user\\Documents\\GitHub\\xor-robot-competition\\Linear CCD\\C Implementation\\xor-robot\\includes" -O0 -g3 -Wall -c -fmessage-length=0 -std=c99 -o "src\\Test.o" "..\\src\\Test.c" 
..\src\Test.c: In function 'main':
..\src\Test.c:13:3: warning: implicit declaration of function 'printf' [-Wimplicit-function-declaration]
   printf("%d ", (int) test);
   ^
..\src\Test.c:13:3: warning: incompatible implicit declaration of built-in function 'printf' [enabled by default]
..\src\Test.c:11:9: warning: unused variable 'ccdBuffer' [-Wunused-variable]
  char * ccdBuffer = malloc(1024 * sizeof(char));
         ^
gcc -o xor-robot.exe "src\\Test.o" 
16:57:07 **** Incremental Build of configuration Debug for project xor-robot ****
Info: Internal Builder is used for build
gcc "-IC:\\Users\\user\\Documents\\GitHub\\xor-robot-competition\\Linear CCD\\C Implementation\\xor-robot\\includes" -O0 -g3 -Wall -c -fmessage-length=0 -std=c99 -o "src\\Test.o" "..\\src\\Test.c" 
..\src\Test.c: In function 'main':
..\src\Test.c:13:3: warning: implicit declaration of function 'printf' [-Wimplicit-function-declaration]
   printf("%d ", (int) *test);
   ^
..\src\Test.c:13:3: warning: incompatible implicit declaration of built-in function 'printf' [enabled by default]
..\src\Test.c:11:9: warning: unused variable 'ccdBuffer' [-Wunused-variable]
  char * ccdBuffer = malloc(1024 * sizeof(char));
         ^
gcc -o xor-robot.exe "src\\Test.o" 
Info: Nothing to build for xor-robot
16:57:14 **** Incremental Build of configuration Debug for project xor-robot ****
Info: Internal Builder is used for build
gcc "-IC:\\Users\\user\\Documents\\GitHub\\xor-robot-competition\\Linear CCD\\C Implementation\\xor-robot\\includes" -O0 -g3 -Wall -c -fmessage-length=0 -std=c99 -o "src\\Test.o" "..\\src\\Test.c" 
..\src\Test.c: In function 'main':
..\src\Test.c:13:3: warning: implicit declaration of function 'printf' [-Wimplicit-function-declaration]
   printf("%d ", *test);
   ^
..\src\Test.c:13:3: warning: incompatible implicit declaration of built-in function 'printf' [enabled by default]
..\src\Test.c:11:9: warning: unused variable 'ccdBuffer' [-Wunused-variable]
  char * ccdBuffer = malloc(1024 * sizeof(char));
         ^
gcc -o xor-robot.exe "src\\Test.o" 
16:57:42 **** Incremental Build of configuration Debug for project xor-robot ****
Info: Internal Builder is used for build
gcc "-IC:\\Users\\user\\Documents\\GitHub\\xor-robot-competition\\Linear CCD\\C Implementation\\xor-robot\\includes" -O0 -g3 -Wall -c -fmessage-length=0 -std=c99 -o "src\\Test.o" "..\\src\\Test.c" 
..\src\Test.c: In function 'main':
..\src\Test.c:13:3: warning: implicit declaration of function 'printf' [-Wimplicit-function-declaration]
   printf("%d ", sizeof(*test));
   ^
..\src\Test.c:13:3: warning: incompatible implicit declaration of built-in function 'printf' [enabled by default]
..\src\Test.c:11:9: warning: unused variable 'ccdBuffer' [-Wunused-variable]
  char * ccdBuffer = malloc(1024 * sizeof(char));
         ^
gcc -o xor-robot.exe "src\\Test.o" 
Info: Nothing to build for xor-robot
16:58:03 **** Incremental Build of configuration Debug for project xor-robot ****
Info: Internal Builder is used for build
gcc "-IC:\\Users\\user\\Documents\\GitHub\\xor-robot-competition\\Linear CCD\\C Implementation\\xor-robot\\includes" -O0 -g3 -Wall -c -fmessage-length=0 -std=c99 -o "src\\Test.o" "..\\src\\Test.c" 
..\src\Test.c: In function 'main':
..\src\Test.c:13:3: warning: implicit declaration of function 'printf' [-Wimplicit-function-declaration]
   printf("%d ", sizeof(test));
   ^
..\src\Test.c:13:3: warning: incompatible implicit declaration of built-in function 'printf' [enabled by default]
..\src\Test.c:11:9: warning: unused variable 'ccdBuffer' [-Wunused-variable]
  char * ccdBuffer = malloc(1024 * sizeof(char));
         ^
gcc -o xor-robot.exe "src\\Test.o" 
16:58:25 **** Incremental Build of configuration Debug for project xor-robot ****
Info: Internal Builder is used for build
gcc "-IC:\\Users\\user\\Documents\\GitHub\\xor-robot-competition\\Linear CCD\\C Implementation\\xor-robot\\includes" -O0 -g3 -Wall -c -fmessage-length=0 -std=c99 -o "src\\Test.o" "..\\src\\Test.c" 
..\src\Test.c: In function 'main':
..\src\Test.c:13:3: warning: implicit declaration of function 'printf' [-Wimplicit-function-declaration]
   printf("%d ", sizeof(*test) / sizeof(uint32_t));
   ^
..\src\Test.c:13:3: warning: incompatible implicit declaration of built-in function 'printf' [enabled by default]
..\src\Test.c:11:9: warning: unused variable 'ccdBuffer' [-Wunused-variable]
  char * ccdBuffer = malloc(1024 * sizeof(char));
         ^
gcc -o xor-robot.exe "src\\Test.o" 
16:59:57 **** Incremental Build of configuration Debug for project xor-robot ****
Info: Internal Builder is used for build
gcc "-IC:\\Users\\user\\Documents\\GitHub\\xor-robot-competition\\Linear CCD\\C Implementation\\xor-robot\\includes" -O0 -g3 -Wall -c -fmessage-length=0 -std=c99 -o "src\\Test.o" "..\\src\\Test.c" 
..\src\Test.c: In function 'main':
..\src\Test.c:14:3: warning: implicit declaration of function 'sprintf' [-Wimplicit-function-declaration]
   sprintf(num, "%d ", *test);
   ^
..\src\Test.c:14:3: warning: incompatible implicit declaration of built-in function 'sprintf' [enabled by default]
..\src\Test.c:15:3: warning: implicit declaration of function 'printf' [-Wimplicit-function-declaration]
   printf("%s", num);
   ^
..\src\Test.c:15:3: warning: incompatible implicit declaration of built-in function 'printf' [enabled by default]
..\src\Test.c:11:9: warning: unused variable 'ccdBuffer' [-Wunused-variable]
  char * ccdBuffer = malloc(1024 * sizeof(char));
         ^
..\src\Test.c:14:10: warning: 'num' may be used uninitialized in this function [-Wmaybe-uninitialized]
   sprintf(num, "%d ", *test);
          ^
gcc -o xor-robot.exe "src\\Test.o" 
17:00:06 **** Incremental Build of configuration Debug for project xor-robot ****
Info: Internal Builder is used for build
gcc "-IC:\\Users\\user\\Documents\\GitHub\\xor-robot-competition\\Linear CCD\\C Implementation\\xor-robot\\includes" -O0 -g3 -Wall -c -fmessage-length=0 -std=c99 -o "src\\Test.o" "..\\src\\Test.c" 
..\src\Test.c: In function 'main':
..\src\Test.c:14:3: warning: implicit declaration of function 'sprintf' [-Wimplicit-function-declaration]
   sprintf(num, "%d ", *test);
   ^
..\src\Test.c:14:3: warning: incompatible implicit declaration of built-in function 'sprintf' [enabled by default]
..\src\Test.c:15:3: warning: implicit declaration of function 'printf' [-Wimplicit-function-declaration]
   printf("%s", num);
   ^
..\src\Test.c:15:3: warning: incompatible implicit declaration of built-in function 'printf' [enabled by default]
..\src\Test.c:11:9: warning: unused variable 'ccdBuffer' [-Wunused-variable]
  char * ccdBuffer = malloc(1024 * sizeof(char));
         ^
gcc -o xor-robot.exe "src\\Test.o" 
21:27:08 **** Incremental Build of configuration Debug for project xor-robot ****
Info: Internal Builder is used for build
gcc "-IC:\\Users\\user\\Documents\\GitHub\\xor-robot-competition\\Linear CCD\\C Implementation\\xor-robot\\includes" -O0 -g3 -Wall -c -fmessage-length=0 -std=c99 -o "src\\Test.o" "..\\src\\Test.c" 
..\src\Test.c: In function 'main':
..\src\Test.c:6:2: warning: implicit declaration of function 'printf' [-Wimplicit-function-declaration]
  printf("%d", (int) "1");
  ^
..\src\Test.c:6:2: warning: incompatible implicit declaration of built-in function 'printf' [enabled by default]
gcc -o xor-robot.exe "src\\Test.o" 
21:27:40 **** Incremental Build of configuration Debug for project xor-robot ****
Info: Internal Builder is used for build
gcc "-IC:\\Users\\user\\Documents\\GitHub\\xor-robot-competition\\Linear CCD\\C Implementation\\xor-robot\\includes" -O0 -g3 -Wall -c -fmessage-length=0 -std=c99 -o "src\\Test.o" "..\\src\\Test.c" 
..\src\Test.c: In function 'main':
..\src\Test.c:6:2: warning: implicit declaration of function 'printf' [-Wimplicit-function-declaration]
  printf("%d", (int) '1');
  ^
..\src\Test.c:6:2: warning: incompatible implicit declaration of built-in function 'printf' [enabled by default]
gcc -o xor-robot.exe "src\\Test.o" 
