<html>
<body>
<pre>
<h1>µVision Build Log</h1>
<h2>Tool Versions:</h2>
IDE-Version: µVision V5.16a
Copyright (C) 2015 ARM Ltd and ARM Germany GmbH. All rights reserved.
License Information: Kenta Iwasaki, Dranithix, LIC=QF8WF-68SDP-VDVKA-1JI7J-KBDK2-B1EL7
 
Tool Versions:
Toolchain:       MDK-ARM Standard  Version: 5.16a
Toolchain Path:  C:\Keil_v5\ARM\ARMCC\Bin
C Compiler:      Armcc.exe V5.06 (build 20)
Assembler:       Armasm.exe V5.06 (build 20)
Linker/Locator:  ArmLink.exe V5.06 (build 20)
Library Manager: ArmAr.exe V5.06 (build 20)
Hex Converter:   FromElf.exe V5.06 (build 20)
CPU DLL:         SARMCM3.DLL V5.16a
Dialog DLL:      DCM.DLL V1.13.2.0
Target DLL:      ULP2CM3.DLL V2.200.25.0
Dialog DLL:      TCM.DLL V1.14.5.0
 
<h2>Project:</h2>
C:\Users\user\Desktop\2016_sw_ library_3.0\ROBOTICs_Hw.uvprojx
Project File Date:  11/16/2015

<h2>Output:</h2>
*** Using Compiler 'V5.06 (build 20)', folder: 'C:\Keil_v5\ARM\ARMCC\Bin'
Build target 'STM32f103CBT_TEMPLATE'
compiling main.c...
ticks.h(19): warning:  #1295-D: Deprecated declaration simple_delay1_ms - give arg types
  void simple_delay1_ms();
LEDs.h(3): warning:  #1295-D: Deprecated declaration LED_INIT - give arg types
  void LED_INIT();
LEDs.h(7): warning:  #1-D: last line of file ends without a newline
  void LED_ON(GPIO_TypeDef* PORT,u16 gpio_pin);
linear_ccd.h(24): warning:  #1295-D: Deprecated declaration linear_ccd_init - give arg types
  void linear_ccd_init();
linear_ccd.h(25): warning:  #1295-D: Deprecated declaration linear_ccd_read - give arg types
  void linear_ccd_read();
linear_ccd.h(27): warning:  #1295-D: Deprecated declaration linear_ccd_clear - give arg types
  void linear_ccd_clear();
linear_ccd.h(28): warning:  #1295-D: Deprecated declaration get_linear_ccd1 - give arg types
  u32 * get_linear_ccd1();
linear_ccd.h(29): warning:  #1295-D: Deprecated declaration delay_57 - give arg types
  void delay_57();
linear_ccd.h(31): warning:  #1295-D: Deprecated declaration mid_point - give arg types
  int mid_point();
linear_ccd.h(32): warning:  #1295-D: Deprecated declaration edge_l - give arg types
  int edge_l();
linear_ccd.h(33): warning:  #1295-D: Deprecated declaration edge_r - give arg types
  int edge_r();
GPIO_switch.h(5): warning:  #1295-D: Deprecated declaration GPIO_switch_init - give arg types
  void GPIO_switch_init();
button.h(10): warning:  #1295-D: Deprecated declaration button_init - give arg types
  void button_init();
button.h(12): warning:  #1-D: last line of file ends without a newline
  void check_button();
button.h(12): warning:  #1295-D: Deprecated declaration check_button - give arg types
  void check_button();
pneumatic_control.h(5): warning:  #1295-D: Deprecated declaration pneumatic_init - give arg types
  void pneumatic_init();
pneumatic_control.h(6): warning:  #1-D: last line of file ends without a newline
  void pneumatic_control(GPIO_TypeDef* PORT,u16 gpio_pin,u8 state);
main.c(116): warning:  #111-D: statement is unreachable
      return 0;
main.c(117): warning:  #1-D: last line of file ends without a newline
  }
main.c: 19 warnings, 0 errors
linking...
Program Size: Code=25288 RO-data=876 RW-data=8328 ZI-data=4928  
FromELF: creating hex file...
".\Objects\ROBOTICs_Hw.axf" - 0 Error(s), 19 Warning(s).

<h2>Collection of Component include folders:</h2>
  C:\Users\user\Desktop\2016_sw_ library_3.0\RTE
  C:\Keil_v5\ARM\PACK\Keil\STM32F1xx_DFP\1.1.0\Device\Include

<h2>Collection of Component Files used:</h2>
Build Time Elapsed:  00:00:02
</pre>
</body>
</html>
